Jul 23 13:13:30 azken kernel: Linux version 6.11.0-17-generic (buildd@lcy02-amd64-038) (x86_64-linux-gnu-gcc-13 (Ubuntu 13.3.0-6ubuntu2~24.04) 13.3.0, GNU ld (GNU Binutils for Ubuntu) 2.42) #17~24.04.2-Ubuntu SMP PREEMPT_DYNAMIC Mon Jan 20 22:48:29 UTC 2 (Ubuntu 6.11.0-17.17~24.04.2-generic 6.11.11)
Jul 23 13:13:30 azken kernel: Command line: BOOT_IMAGE=/casper/vmlinuz boot=casper --- quiet splash
Jul 23 13:13:30 azken kernel: KERNEL supported cpus:
Jul 23 13:13:30 azken kernel:   Intel GenuineIntel
Jul 23 13:13:30 azken kernel:   AMD AuthenticAMD
Jul 23 13:13:30 azken kernel:   Hygon HygonGenuine
Jul 23 13:13:30 azken kernel:   Centaur CentaurHauls
Jul 23 13:13:30 azken kernel:   zhaoxin   Shanghai  
Jul 23 13:13:30 azken kernel: BIOS-provided physical RAM map:
Jul 23 13:13:30 azken kernel: BIOS-e820: [mem 0x0000000000000000-0x000000000009ffff] usable
Jul 23 13:13:30 azken kernel: BIOS-e820: [mem 0x00000000000a0000-0x00000000000fffff] reserved
Jul 23 13:13:30 azken kernel: BIOS-e820: [mem 0x0000000000100000-0x0000000075daffff] usable
Jul 23 13:13:30 azken kernel: BIOS-e820: [mem 0x0000000075db0000-0x0000000075e57fff] ACPI NVS
Jul 23 13:13:30 azken kernel: BIOS-e820: [mem 0x0000000075e58000-0x0000000075eaffff] usable
Jul 23 13:13:30 azken kernel: BIOS-e820: [mem 0x0000000075eb0000-0x0000000075ffffff] reserved
Jul 23 13:13:30 azken kernel: BIOS-e820: [mem 0x0000000076000000-0x00000000908e0fff] usable
Jul 23 13:13:30 azken kernel: BIOS-e820: [mem 0x00000000908e1000-0x0000000095e47fff] reserved
Jul 23 13:13:30 azken kernel: BIOS-e820: [mem 0x0000000095e48000-0x0000000095f32fff] ACPI data
Jul 23 13:13:30 azken kernel: BIOS-e820: [mem 0x0000000095f33000-0x00000000963b3fff] ACPI NVS
Jul 23 13:13:30 azken kernel: BIOS-e820: [mem 0x00000000963b4000-0x00000000979fefff] reserved
Jul 23 13:13:30 azken kernel: BIOS-e820: [mem 0x00000000979ff000-0x0000000097ffcfff] usable
Jul 23 13:13:30 azken kernel: BIOS-e820: [mem 0x0000000097ffd000-0x000000009fffffff] reserved
Jul 23 13:13:30 azken kernel: BIOS-e820: [mem 0x00000000a4180000-0x00000000a4180fff] reserved
Jul 23 13:13:30 azken kernel: BIOS-e820: [mem 0x00000000a5280000-0x00000000a5280fff] reserved
Jul 23 13:13:30 azken kernel: BIOS-e820: [mem 0x00000000b1180000-0x00000000b1180fff] reserved
Jul 23 13:13:30 azken kernel: BIOS-e820: [mem 0x00000000b2200000-0x00000000b2400fff] reserved
Jul 23 13:13:30 azken kernel: BIOS-e820: [mem 0x00000000bb180000-0x00000000bb180fff] reserved
Jul 23 13:13:30 azken kernel: BIOS-e820: [mem 0x00000000bc200000-0x00000000bc2fffff] reserved
Jul 23 13:13:30 azken kernel: BIOS-e820: [mem 0x00000000bc500000-0x00000000bc500fff] reserved
Jul 23 13:13:30 azken kernel: BIOS-e820: [mem 0x00000000e0000000-0x00000000efffffff] reserved
Jul 23 13:13:30 azken kernel: BIOS-e820: [mem 0x00000000f4180000-0x00000000f4180fff] reserved
Jul 23 13:13:30 azken kernel: BIOS-e820: [mem 0x00000000f5180000-0x00000000f5180fff] reserved
Jul 23 13:13:30 azken kernel: BIOS-e820: [mem 0x00000000fea00000-0x00000000feafffff] reserved
Jul 23 13:13:30 azken kernel: BIOS-e820: [mem 0x00000000fec00000-0x00000000fec00fff] reserved
Jul 23 13:13:30 azken kernel: BIOS-e820: [mem 0x00000000fec10000-0x00000000fec10fff] reserved
Jul 23 13:13:30 azken kernel: BIOS-e820: [mem 0x00000000fed00000-0x00000000fed00fff] reserved
Jul 23 13:13:30 azken kernel: BIOS-e820: [mem 0x00000000fed40000-0x00000000fed44fff] reserved
Jul 23 13:13:30 azken kernel: BIOS-e820: [mem 0x00000000fed80000-0x00000000fed8ffff] reserved
Jul 23 13:13:30 azken kernel: BIOS-e820: [mem 0x00000000fedc0000-0x00000000fedc0fff] reserved
Jul 23 13:13:30 azken kernel: BIOS-e820: [mem 0x00000000fedc2000-0x00000000fedc8fff] reserved
Jul 23 13:13:30 azken kernel: BIOS-e820: [mem 0x00000000fee00000-0x00000000feefffff] reserved
Jul 23 13:13:30 azken kernel: BIOS-e820: [mem 0x00000000ff000000-0x00000000ffffffff] reserved
Jul 23 13:13:30 azken kernel: BIOS-e820: [mem 0x0000000100000000-0x000000805d8bffff] usable
Jul 23 13:13:30 azken kernel: BIOS-e820: [mem 0x000000805d8c0000-0x000000805fffffff] reserved
Jul 23 13:13:30 azken kernel: BIOS-e820: [mem 0x00003ffc00000000-0x00003ffc03ffffff] reserved
Jul 23 13:13:30 azken kernel: NX (Execute Disable) protection: active
Jul 23 13:13:30 azken kernel: APIC: Static calls initialized
Jul 23 13:13:30 azken kernel: e820: update [mem 0x88163018-0x88187a57] usable ==> usable
Jul 23 13:13:30 azken kernel: e820: update [mem 0x88083018-0x880a7a57] usable ==> usable
Jul 23 13:13:30 azken kernel: e820: update [mem 0x8805e018-0x88082a57] usable ==> usable
Jul 23 13:13:30 azken kernel: e820: update [mem 0x875cc018-0x875f0a57] usable ==> usable
Jul 23 13:13:30 azken kernel: e820: update [mem 0x88152018-0x88162057] usable ==> usable
Jul 23 13:13:30 azken kernel: e820: update [mem 0x875a7018-0x875cba57] usable ==> usable
Jul 23 13:13:30 azken kernel: e820: update [mem 0x8756f018-0x875a6c57] usable ==> usable
Jul 23 13:13:30 azken kernel: e820: update [mem 0x87537018-0x8756ec57] usable ==> usable
Jul 23 13:13:30 azken kernel: e820: update [mem 0x87512018-0x87536a57] usable ==> usable
Jul 23 13:13:30 azken kernel: e820: update [mem 0x7fc39018-0x7fc5da57] usable ==> usable
Jul 23 13:13:30 azken kernel: e820: update [mem 0x7fc14018-0x7fc38a57] usable ==> usable
Jul 23 13:13:30 azken kernel: e820: update [mem 0x8813d018-0x8814b057] usable ==> usable
Jul 23 13:13:30 azken kernel: extended physical RAM map:
Jul 23 13:13:30 azken kernel: reserve setup_data: [mem 0x0000000000000000-0x000000000009ffff] usable
Jul 23 13:13:30 azken kernel: reserve setup_data: [mem 0x00000000000a0000-0x00000000000fffff] reserved
Jul 23 13:13:30 azken kernel: reserve setup_data: [mem 0x0000000000100000-0x0000000075daffff] usable
Jul 23 13:13:30 azken kernel: reserve setup_data: [mem 0x0000000075db0000-0x0000000075e57fff] ACPI NVS
Jul 23 13:13:30 azken kernel: reserve setup_data: [mem 0x0000000075e58000-0x0000000075eaffff] usable
Jul 23 13:13:30 azken kernel: reserve setup_data: [mem 0x0000000075eb0000-0x0000000075ffffff] reserved
Jul 23 13:13:30 azken kernel: reserve setup_data: [mem 0x0000000076000000-0x000000007fc14017] usable
Jul 23 13:13:30 azken kernel: reserve setup_data: [mem 0x000000007fc14018-0x000000007fc38a57] usable
Jul 23 13:13:30 azken kernel: reserve setup_data: [mem 0x000000007fc38a58-0x000000007fc39017] usable
Jul 23 13:13:30 azken kernel: reserve setup_data: [mem 0x000000007fc39018-0x000000007fc5da57] usable
Jul 23 13:13:30 azken kernel: reserve setup_data: [mem 0x000000007fc5da58-0x0000000087512017] usable
Jul 23 13:13:30 azken kernel: reserve setup_data: [mem 0x0000000087512018-0x0000000087536a57] usable
Jul 23 13:13:30 azken kernel: reserve setup_data: [mem 0x0000000087536a58-0x0000000087537017] usable
Jul 23 13:13:30 azken kernel: reserve setup_data: [mem 0x0000000087537018-0x000000008756ec57] usable
Jul 23 13:13:30 azken kernel: reserve setup_data: [mem 0x000000008756ec58-0x000000008756f017] usable
Jul 23 13:13:30 azken kernel: reserve setup_data: [mem 0x000000008756f018-0x00000000875a6c57] usable
Jul 23 13:13:30 azken kernel: reserve setup_data: [mem 0x00000000875a6c58-0x00000000875a7017] usable
Jul 23 13:13:30 azken kernel: reserve setup_data: [mem 0x00000000875a7018-0x00000000875cba57] usable
Jul 23 13:13:30 azken kernel: reserve setup_data: [mem 0x00000000875cba58-0x00000000875cc017] usable
Jul 23 13:13:30 azken kernel: reserve setup_data: [mem 0x00000000875cc018-0x00000000875f0a57] usable
Jul 23 13:13:30 azken kernel: reserve setup_data: [mem 0x00000000875f0a58-0x000000008805e017] usable
Jul 23 13:13:30 azken kernel: reserve setup_data: [mem 0x000000008805e018-0x0000000088082a57] usable
Jul 23 13:13:30 azken kernel: reserve setup_data: [mem 0x0000000088082a58-0x0000000088083017] usable
Jul 23 13:13:30 azken kernel: reserve setup_data: [mem 0x0000000088083018-0x00000000880a7a57] usable
Jul 23 13:13:30 azken kernel: reserve setup_data: [mem 0x00000000880a7a58-0x000000008813d017] usable
Jul 23 13:13:30 azken kernel: reserve setup_data: [mem 0x000000008813d018-0x000000008814b057] usable
Jul 23 13:13:30 azken kernel: reserve setup_data: [mem 0x000000008814b058-0x0000000088152017] usable
Jul 23 13:13:30 azken kernel: reserve setup_data: [mem 0x0000000088152018-0x0000000088162057] usable
Jul 23 13:13:30 azken kernel: reserve setup_data: [mem 0x0000000088162058-0x0000000088163017] usable
Jul 23 13:13:30 azken kernel: reserve setup_data: [mem 0x0000000088163018-0x0000000088187a57] usable
Jul 23 13:13:30 azken kernel: reserve setup_data: [mem 0x0000000088187a58-0x00000000908e0fff] usable
Jul 23 13:13:30 azken kernel: reserve setup_data: [mem 0x00000000908e1000-0x0000000095e47fff] reserved
Jul 23 13:13:30 azken kernel: reserve setup_data: [mem 0x0000000095e48000-0x0000000095f32fff] ACPI data
Jul 23 13:13:30 azken kernel: reserve setup_data: [mem 0x0000000095f33000-0x00000000963b3fff] ACPI NVS
Jul 23 13:13:30 azken kernel: reserve setup_data: [mem 0x00000000963b4000-0x00000000979fefff] reserved
Jul 23 13:13:30 azken kernel: reserve setup_data: [mem 0x00000000979ff000-0x0000000097ffcfff] usable
Jul 23 13:13:30 azken kernel: reserve setup_data: [mem 0x0000000097ffd000-0x000000009fffffff] reserved
Jul 23 13:13:30 azken kernel: reserve setup_data: [mem 0x00000000a4180000-0x00000000a4180fff] reserved
Jul 23 13:13:30 azken kernel: reserve setup_data: [mem 0x00000000a5280000-0x00000000a5280fff] reserved
Jul 23 13:13:30 azken kernel: reserve setup_data: [mem 0x00000000b1180000-0x00000000b1180fff] reserved
Jul 23 13:13:30 azken kernel: reserve setup_data: [mem 0x00000000b2200000-0x00000000b2400fff] reserved
Jul 23 13:13:30 azken kernel: reserve setup_data: [mem 0x00000000bb180000-0x00000000bb180fff] reserved
Jul 23 13:13:30 azken kernel: reserve setup_data: [mem 0x00000000bc200000-0x00000000bc2fffff] reserved
Jul 23 13:13:30 azken kernel: reserve setup_data: [mem 0x00000000bc500000-0x00000000bc500fff] reserved
Jul 23 13:13:30 azken kernel: reserve setup_data: [mem 0x00000000e0000000-0x00000000efffffff] reserved
Jul 23 13:13:30 azken kernel: reserve setup_data: [mem 0x00000000f4180000-0x00000000f4180fff] reserved
Jul 23 13:13:30 azken kernel: reserve setup_data: [mem 0x00000000f5180000-0x00000000f5180fff] reserved
Jul 23 13:13:30 azken kernel: reserve setup_data: [mem 0x00000000fea00000-0x00000000feafffff] reserved
Jul 23 13:13:30 azken kernel: reserve setup_data: [mem 0x00000000fec00000-0x00000000fec00fff] reserved
Jul 23 13:13:30 azken kernel: reserve setup_data: [mem 0x00000000fec10000-0x00000000fec10fff] reserved
Jul 23 13:13:30 azken kernel: reserve setup_data: [mem 0x00000000fed00000-0x00000000fed00fff] reserved
Jul 23 13:13:30 azken kernel: reserve setup_data: [mem 0x00000000fed40000-0x00000000fed44fff] reserved
Jul 23 13:13:30 azken kernel: reserve setup_data: [mem 0x00000000fed80000-0x00000000fed8ffff] reserved
Jul 23 13:13:30 azken kernel: reserve setup_data: [mem 0x00000000fedc0000-0x00000000fedc0fff] reserved
Jul 23 13:13:30 azken kernel: reserve setup_data: [mem 0x00000000fedc2000-0x00000000fedc8fff] reserved
Jul 23 13:13:30 azken kernel: reserve setup_data: [mem 0x00000000fee00000-0x00000000feefffff] reserved
Jul 23 13:13:30 azken kernel: reserve setup_data: [mem 0x00000000ff000000-0x00000000ffffffff] reserved
Jul 23 13:13:30 azken kernel: reserve setup_data: [mem 0x0000000100000000-0x000000805d8bffff] usable
Jul 23 13:13:30 azken kernel: reserve setup_data: [mem 0x000000805d8c0000-0x000000805fffffff] reserved
Jul 23 13:13:30 azken kernel: reserve setup_data: [mem 0x00003ffc00000000-0x00003ffc03ffffff] reserved
Jul 23 13:13:30 azken kernel: efi: EFI v2.8 by American Megatrends
Jul 23 13:13:30 azken kernel: efi: ACPI=0x95f32000 ACPI 2.0=0x95f32014 SMBIOS=0x9735d000 SMBIOS 3.0=0x9735c000 MEMATTR=0x882ab298 ESRT=0x88c97b18 MOKvar=0x97323000 INITRD=0x882b5398 
Jul 23 13:13:30 azken kernel: efi: Not removing mem73: MMIO range=[0xa4180000-0xa4180fff] (4KB) from e820 map
Jul 23 13:13:30 azken kernel: efi: Not removing mem74: MMIO range=[0xa5280000-0xa5280fff] (4KB) from e820 map
Jul 23 13:13:30 azken kernel: efi: Not removing mem75: MMIO range=[0xb1180000-0xb1180fff] (4KB) from e820 map
Jul 23 13:13:30 azken kernel: efi: Remove mem76: MMIO range=[0xb2200000-0xb2400fff] (2MB) from e820 map
Jul 23 13:13:30 azken kernel: e820: remove [mem 0xb2200000-0xb2400fff] reserved
Jul 23 13:13:30 azken kernel: efi: Not removing mem77: MMIO range=[0xbb180000-0xbb180fff] (4KB) from e820 map
Jul 23 13:13:30 azken kernel: efi: Remove mem78: MMIO range=[0xbc200000-0xbc2fffff] (1MB) from e820 map
Jul 23 13:13:30 azken kernel: e820: remove [mem 0xbc200000-0xbc2fffff] reserved
Jul 23 13:13:30 azken kernel: efi: Not removing mem79: MMIO range=[0xbc500000-0xbc500fff] (4KB) from e820 map
Jul 23 13:13:30 azken kernel: efi: Remove mem80: MMIO range=[0xe0000000-0xefffffff] (256MB) from e820 map
Jul 23 13:13:30 azken kernel: e820: remove [mem 0xe0000000-0xefffffff] reserved
Jul 23 13:13:30 azken kernel: efi: Not removing mem81: MMIO range=[0xf4180000-0xf4180fff] (4KB) from e820 map
Jul 23 13:13:30 azken kernel: efi: Not removing mem82: MMIO range=[0xf5180000-0xf5180fff] (4KB) from e820 map
Jul 23 13:13:30 azken kernel: efi: Remove mem83: MMIO range=[0xfea00000-0xfeafffff] (1MB) from e820 map
Jul 23 13:13:30 azken kernel: e820: remove [mem 0xfea00000-0xfeafffff] reserved
Jul 23 13:13:30 azken kernel: efi: Not removing mem84: MMIO range=[0xfec00000-0xfec00fff] (4KB) from e820 map
Jul 23 13:13:30 azken kernel: efi: Not removing mem85: MMIO range=[0xfec10000-0xfec10fff] (4KB) from e820 map
Jul 23 13:13:30 azken kernel: efi: Not removing mem86: MMIO range=[0xfed00000-0xfed00fff] (4KB) from e820 map
Jul 23 13:13:30 azken kernel: efi: Not removing mem87: MMIO range=[0xfed40000-0xfed44fff] (20KB) from e820 map
Jul 23 13:13:30 azken kernel: efi: Not removing mem88: MMIO range=[0xfed80000-0xfed8ffff] (64KB) from e820 map
Jul 23 13:13:30 azken kernel: efi: Not removing mem89: MMIO range=[0xfedc0000-0xfedc0fff] (4KB) from e820 map
Jul 23 13:13:30 azken kernel: efi: Not removing mem90: MMIO range=[0xfedc2000-0xfedc8fff] (28KB) from e820 map
Jul 23 13:13:30 azken kernel: efi: Remove mem91: MMIO range=[0xfee00000-0xfeefffff] (1MB) from e820 map
Jul 23 13:13:30 azken kernel: e820: remove [mem 0xfee00000-0xfeefffff] reserved
Jul 23 13:13:30 azken kernel: efi: Remove mem92: MMIO range=[0xff000000-0xffffffff] (16MB) from e820 map
Jul 23 13:13:30 azken kernel: e820: remove [mem 0xff000000-0xffffffff] reserved
Jul 23 13:13:30 azken kernel: efi: Remove mem94: MMIO range=[0x3ffc00000000-0x3ffc03ffffff] (64MB) from e820 map
Jul 23 13:13:30 azken kernel: e820: remove [mem 0x3ffc00000000-0x3ffc03ffffff] reserved
Jul 23 13:13:30 azken kernel: SMBIOS 3.5.0 present.
Jul 23 13:13:30 azken kernel: DMI: ASUSTeK COMPUTER INC. ESC8000A-E12/K14PG-D24 Series, BIOS 1102 03/26/2024
Jul 23 13:13:30 azken kernel: DMI: Memory slots populated: 16/24
Jul 23 13:13:30 azken kernel: secureboot: Secure boot disabled
Jul 23 13:13:30 azken kernel: tsc: Fast TSC calibration using PIT
Jul 23 13:13:30 azken kernel: tsc: Detected 2995.487 MHz processor
Jul 23 13:13:30 azken kernel: e820: update [mem 0x00000000-0x00000fff] usable ==> reserved
Jul 23 13:13:30 azken kernel: e820: remove [mem 0x000a0000-0x000fffff] usable
Jul 23 13:13:30 azken kernel: last_pfn = 0x805d8c0 max_arch_pfn = 0x10000000000
Jul 23 13:13:30 azken kernel: MTRR map: 5 entries (3 fixed + 2 variable; max 20), built from 9 variable MTRRs
Jul 23 13:13:30 azken kernel: x86/PAT: Configuration [0-7]: WB  WC  UC- UC  WB  WP  UC- WT  
Jul 23 13:13:30 azken kernel: e820: update [mem 0xa0000000-0xffffffff] usable ==> reserved
Jul 23 13:13:30 azken kernel: x2apic: enabled by BIOS, switching to x2apic ops
Jul 23 13:13:30 azken kernel: last_pfn = 0x97ffd max_arch_pfn = 0x10000000000
Jul 23 13:13:30 azken kernel: esrt: Reserving ESRT space from 0x0000000088c97b18 to 0x0000000088c97b50.
Jul 23 13:13:30 azken kernel: e820: update [mem 0x88c97000-0x88c97fff] usable ==> reserved
Jul 23 13:13:30 azken kernel: Using GB pages for direct mapping
Jul 23 13:13:30 azken kernel: secureboot: Secure boot disabled
Jul 23 13:13:30 azken kernel: RAMDISK: [mem 0x7fc5e000-0x84ad9fff]
Jul 23 13:13:30 azken kernel: ACPI: Early table checksum verification disabled
Jul 23 13:13:30 azken kernel: ACPI: RSDP 0x0000000095F32014 000024 (v02 AMD   )
Jul 23 13:13:30 azken kernel: ACPI: XSDT 0x0000000095F31728 0000DC (v01 AMD    QUARTZ   03042021 AMI  01000013)
Jul 23 13:13:30 azken kernel: ACPI: FACP 0x0000000095F2D000 000114 (v06 AMD    QUARTZ   03042021 AMI  00010013)
Jul 23 13:13:30 azken kernel: ACPI: DSDT 0x0000000095F13000 0191BC (v02 AMD    QUARTZ   03042021 INTL 20200717)
Jul 23 13:13:30 azken kernel: ACPI: FACS 0x000000009638F000 000040
Jul 23 13:13:30 azken kernel: ACPI: SSDT 0x0000000095F30000 00015D (v02 AMD    MPDMA    00000001 INTL 20200717)
Jul 23 13:13:30 azken kernel: ACPI: SPMI 0x0000000095F2F000 000041 (v05 AMD    QUARTZ   00000000 AMI. 00000000)
Jul 23 13:13:30 azken kernel: ACPI: SSDT 0x0000000095F2E000 000065 (v02 AMD    CPMDSM   00000001 INTL 20200717)
Jul 23 13:13:30 azken kernel: ACPI: FIDT 0x0000000095F12000 00009C (v01 AMD    QUARTZ   03042021 AMI  00010013)
Jul 23 13:13:30 azken kernel: ACPI: HEST 0x0000000095EAD000 040A14 (v01 AMD    AMD HEST 00000001 AMD  00000001)
Jul 23 13:13:30 azken kernel: ACPI: MCFG 0x0000000095F10000 00003C (v01 AMD    QUARTZ   03042021 MSFT 00010013)
Jul 23 13:13:30 azken kernel: ACPI: SSDT 0x0000000095F0F000 0007AC (v02 AMD    CPUSSDT  03042021 AMI  03042021)
Jul 23 13:13:30 azken kernel: ACPI: HPET 0x0000000095F0E000 000038 (v01 AMD    QUARTZ   03042021 AMI  00000005)
Jul 23 13:13:30 azken kernel: ACPI: SSDT 0x0000000095F0C000 001B73 (v02 AMD    CPMRAS   00000001 INTL 20200717)
Jul 23 13:13:30 azken kernel: ACPI: BERT 0x0000000095F0B000 000030 (v01 AMD    AMD BERT 00000001 AMD  00000001)
Jul 23 13:13:30 azken kernel: ACPI: FPDT 0x0000000095F09000 000034 (v01 AMD    A M I    01072009 AMI  01000013)
Jul 23 13:13:30 azken kernel: ACPI: IVRS 0x0000000095F07000 000370 (v02 AMD    AmdTable 00000001 AMD  00000001)
Jul 23 13:13:30 azken kernel: ACPI: ASPT 0x0000000095F06000 000070 (v02 AMD    AmdTable 00000001 AMD  00000001)
Jul 23 13:13:30 azken kernel: ACPI: SSDT 0x0000000095EF8000 00D4E4 (v02 AMD    AmdTable 00000001 AMD  00000001)
Jul 23 13:13:30 azken kernel: ACPI: SRAT 0x0000000095EF7000 0006D0 (v03 AMD    AmdTable 00000001 AMD  00000001)
Jul 23 13:13:30 azken kernel: ACPI: MSCT 0x0000000095EF6000 00004E (v01 AMD    AmdTable 00000000 AMD  00000001)
Jul 23 13:13:30 azken kernel: ACPI: SLIT 0x0000000095EF5000 000030 (v01 AMD    AmdTable 00000001 AMD  00000001)
Jul 23 13:13:30 azken kernel: ACPI: HMAT 0x0000000095EF4000 0000E8 (v02 AMD    AmdTable 00000001 AMD  00000001)
Jul 23 13:13:30 azken kernel: ACPI: BGRT 0x0000000095F08000 000038 (v01 AMD    QUARTZ   03042021 AMI  00010013)
Jul 23 13:13:30 azken kernel: ACPI: SSDT 0x0000000095EF2000 001828 (v02 AMD    CPMCMN   00000001 INTL 20200717)
Jul 23 13:13:30 azken kernel: ACPI: APIC 0x0000000095EEF000 0020B8 (v05 AMD    QUARTZ   03042021 AMI  00010013)
Jul 23 13:13:30 azken kernel: ACPI: ERST 0x0000000095EEE000 000230 (v01 AMIER  AMI.ERST 00000000 AMI. 00000000)
Jul 23 13:13:30 azken kernel: ACPI: Reserving FACP table memory at [mem 0x95f2d000-0x95f2d113]
Jul 23 13:13:30 azken kernel: ACPI: Reserving DSDT table memory at [mem 0x95f13000-0x95f2c1bb]
Jul 23 13:13:30 azken kernel: ACPI: Reserving FACS table memory at [mem 0x9638f000-0x9638f03f]
Jul 23 13:13:30 azken kernel: ACPI: Reserving SSDT table memory at [mem 0x95f30000-0x95f3015c]
Jul 23 13:13:30 azken kernel: ACPI: Reserving SPMI table memory at [mem 0x95f2f000-0x95f2f040]
Jul 23 13:13:30 azken kernel: ACPI: Reserving SSDT table memory at [mem 0x95f2e000-0x95f2e064]
Jul 23 13:13:30 azken kernel: ACPI: Reserving FIDT table memory at [mem 0x95f12000-0x95f1209b]
Jul 23 13:13:30 azken kernel: ACPI: Reserving HEST table memory at [mem 0x95ead000-0x95eeda13]
Jul 23 13:13:30 azken kernel: ACPI: Reserving MCFG table memory at [mem 0x95f10000-0x95f1003b]
Jul 23 13:13:30 azken kernel: ACPI: Reserving SSDT table memory at [mem 0x95f0f000-0x95f0f7ab]
Jul 23 13:13:30 azken kernel: ACPI: Reserving HPET table memory at [mem 0x95f0e000-0x95f0e037]
Jul 23 13:13:30 azken kernel: ACPI: Reserving SSDT table memory at [mem 0x95f0c000-0x95f0db72]
Jul 23 13:13:30 azken kernel: ACPI: Reserving BERT table memory at [mem 0x95f0b000-0x95f0b02f]
Jul 23 13:13:30 azken kernel: ACPI: Reserving FPDT table memory at [mem 0x95f09000-0x95f09033]
Jul 23 13:13:30 azken kernel: ACPI: Reserving IVRS table memory at [mem 0x95f07000-0x95f0736f]
Jul 23 13:13:30 azken kernel: ACPI: Reserving ASPT table memory at [mem 0x95f06000-0x95f0606f]
Jul 23 13:13:30 azken kernel: ACPI: Reserving SSDT table memory at [mem 0x95ef8000-0x95f054e3]
Jul 23 13:13:30 azken kernel: ACPI: Reserving SRAT table memory at [mem 0x95ef7000-0x95ef76cf]
Jul 23 13:13:30 azken kernel: ACPI: Reserving MSCT table memory at [mem 0x95ef6000-0x95ef604d]
Jul 23 13:13:30 azken kernel: ACPI: Reserving SLIT table memory at [mem 0x95ef5000-0x95ef502f]
Jul 23 13:13:30 azken kernel: ACPI: Reserving HMAT table memory at [mem 0x95ef4000-0x95ef40e7]
Jul 23 13:13:30 azken kernel: ACPI: Reserving BGRT table memory at [mem 0x95f08000-0x95f08037]
Jul 23 13:13:30 azken kernel: ACPI: Reserving SSDT table memory at [mem 0x95ef2000-0x95ef3827]
Jul 23 13:13:30 azken kernel: ACPI: Reserving APIC table memory at [mem 0x95eef000-0x95ef10b7]
Jul 23 13:13:30 azken kernel: ACPI: Reserving ERST table memory at [mem 0x95eee000-0x95eee22f]
Jul 23 13:13:30 azken kernel: APIC: Switched APIC routing to: cluster x2apic
Jul 23 13:13:30 azken kernel: SRAT: PXM 0 -> APIC 0x0000 -> Node 0
Jul 23 13:13:30 azken kernel: SRAT: PXM 0 -> APIC 0x0001 -> Node 0
Jul 23 13:13:30 azken kernel: SRAT: PXM 0 -> APIC 0x0002 -> Node 0
Jul 23 13:13:30 azken kernel: SRAT: PXM 0 -> APIC 0x0003 -> Node 0
Jul 23 13:13:30 azken kernel: SRAT: PXM 0 -> APIC 0x0004 -> Node 0
Jul 23 13:13:30 azken kernel: SRAT: PXM 0 -> APIC 0x0005 -> Node 0
Jul 23 13:13:30 azken kernel: SRAT: PXM 0 -> APIC 0x0006 -> Node 0
Jul 23 13:13:30 azken kernel: SRAT: PXM 0 -> APIC 0x0007 -> Node 0
Jul 23 13:13:30 azken kernel: SRAT: PXM 0 -> APIC 0x0020 -> Node 0
Jul 23 13:13:30 azken kernel: SRAT: PXM 0 -> APIC 0x0021 -> Node 0
Jul 23 13:13:30 azken kernel: SRAT: PXM 0 -> APIC 0x0022 -> Node 0
Jul 23 13:13:30 azken kernel: SRAT: PXM 0 -> APIC 0x0023 -> Node 0
Jul 23 13:13:30 azken kernel: SRAT: PXM 0 -> APIC 0x0024 -> Node 0
Jul 23 13:13:30 azken kernel: SRAT: PXM 0 -> APIC 0x0025 -> Node 0
Jul 23 13:13:30 azken kernel: SRAT: PXM 0 -> APIC 0x0026 -> Node 0
Jul 23 13:13:30 azken kernel: SRAT: PXM 0 -> APIC 0x0027 -> Node 0
Jul 23 13:13:30 azken kernel: SRAT: PXM 0 -> APIC 0x0030 -> Node 0
Jul 23 13:13:30 azken kernel: SRAT: PXM 0 -> APIC 0x0031 -> Node 0
Jul 23 13:13:30 azken kernel: SRAT: PXM 0 -> APIC 0x0032 -> Node 0
Jul 23 13:13:30 azken kernel: SRAT: PXM 0 -> APIC 0x0033 -> Node 0
Jul 23 13:13:30 azken kernel: SRAT: PXM 0 -> APIC 0x0034 -> Node 0
Jul 23 13:13:30 azken kernel: SRAT: PXM 0 -> APIC 0x0035 -> Node 0
Jul 23 13:13:30 azken kernel: SRAT: PXM 0 -> APIC 0x0036 -> Node 0
Jul 23 13:13:30 azken kernel: SRAT: PXM 0 -> APIC 0x0037 -> Node 0
Jul 23 13:13:30 azken kernel: SRAT: PXM 0 -> APIC 0x0010 -> Node 0
Jul 23 13:13:30 azken kernel: SRAT: PXM 0 -> APIC 0x0011 -> Node 0
Jul 23 13:13:30 azken kernel: SRAT: PXM 0 -> APIC 0x0012 -> Node 0
Jul 23 13:13:30 azken kernel: SRAT: PXM 0 -> APIC 0x0013 -> Node 0
Jul 23 13:13:30 azken kernel: SRAT: PXM 0 -> APIC 0x0014 -> Node 0
Jul 23 13:13:30 azken kernel: SRAT: PXM 0 -> APIC 0x0015 -> Node 0
Jul 23 13:13:30 azken kernel: SRAT: PXM 0 -> APIC 0x0016 -> Node 0
Jul 23 13:13:30 azken kernel: SRAT: PXM 0 -> APIC 0x0017 -> Node 0
Jul 23 13:13:30 azken kernel: SRAT: PXM 1 -> APIC 0x0040 -> Node 1
Jul 23 13:13:30 azken kernel: SRAT: PXM 1 -> APIC 0x0041 -> Node 1
Jul 23 13:13:30 azken kernel: SRAT: PXM 1 -> APIC 0x0042 -> Node 1
Jul 23 13:13:30 azken kernel: SRAT: PXM 1 -> APIC 0x0043 -> Node 1
Jul 23 13:13:30 azken kernel: SRAT: PXM 1 -> APIC 0x0044 -> Node 1
Jul 23 13:13:30 azken kernel: SRAT: PXM 1 -> APIC 0x0045 -> Node 1
Jul 23 13:13:30 azken kernel: SRAT: PXM 1 -> APIC 0x0046 -> Node 1
Jul 23 13:13:30 azken kernel: SRAT: PXM 1 -> APIC 0x0047 -> Node 1
Jul 23 13:13:30 azken kernel: SRAT: PXM 1 -> APIC 0x0060 -> Node 1
Jul 23 13:13:30 azken kernel: SRAT: PXM 1 -> APIC 0x0061 -> Node 1
Jul 23 13:13:30 azken kernel: SRAT: PXM 1 -> APIC 0x0062 -> Node 1
Jul 23 13:13:30 azken kernel: SRAT: PXM 1 -> APIC 0x0063 -> Node 1
Jul 23 13:13:30 azken kernel: SRAT: PXM 1 -> APIC 0x0064 -> Node 1
Jul 23 13:13:30 azken kernel: SRAT: PXM 1 -> APIC 0x0065 -> Node 1
Jul 23 13:13:30 azken kernel: SRAT: PXM 1 -> APIC 0x0066 -> Node 1
Jul 23 13:13:30 azken kernel: SRAT: PXM 1 -> APIC 0x0067 -> Node 1
Jul 23 13:13:30 azken kernel: SRAT: PXM 1 -> APIC 0x0070 -> Node 1
Jul 23 13:13:30 azken kernel: SRAT: PXM 1 -> APIC 0x0071 -> Node 1
Jul 23 13:13:30 azken kernel: SRAT: PXM 1 -> APIC 0x0072 -> Node 1
Jul 23 13:13:30 azken kernel: SRAT: PXM 1 -> APIC 0x0073 -> Node 1
Jul 23 13:13:30 azken kernel: SRAT: PXM 1 -> APIC 0x0074 -> Node 1
Jul 23 13:13:30 azken kernel: SRAT: PXM 1 -> APIC 0x0075 -> Node 1
Jul 23 13:13:30 azken kernel: SRAT: PXM 1 -> APIC 0x0076 -> Node 1
Jul 23 13:13:30 azken kernel: SRAT: PXM 1 -> APIC 0x0077 -> Node 1
Jul 23 13:13:30 azken kernel: SRAT: PXM 1 -> APIC 0x0050 -> Node 1
Jul 23 13:13:30 azken kernel: SRAT: PXM 1 -> APIC 0x0051 -> Node 1
Jul 23 13:13:30 azken kernel: SRAT: PXM 1 -> APIC 0x0052 -> Node 1
Jul 23 13:13:30 azken kernel: SRAT: PXM 1 -> APIC 0x0053 -> Node 1
Jul 23 13:13:30 azken kernel: SRAT: PXM 1 -> APIC 0x0054 -> Node 1
Jul 23 13:13:30 azken kernel: SRAT: PXM 1 -> APIC 0x0055 -> Node 1
Jul 23 13:13:30 azken kernel: SRAT: PXM 1 -> APIC 0x0056 -> Node 1
Jul 23 13:13:30 azken kernel: SRAT: PXM 1 -> APIC 0x0057 -> Node 1
Jul 23 13:13:30 azken kernel: ACPI: SRAT: Node 0 PXM 0 [mem 0x00000000-0x0009ffff]
Jul 23 13:13:30 azken kernel: ACPI: SRAT: Node 0 PXM 0 [mem 0x000c0000-0x9fffffff]
Jul 23 13:13:30 azken kernel: ACPI: SRAT: Node 0 PXM 0 [mem 0x100000000-0x405fffffff]
Jul 23 13:13:30 azken kernel: ACPI: SRAT: Node 1 PXM 1 [mem 0x4060000000-0x805fffffff]
Jul 23 13:13:30 azken kernel: NUMA: Initialized distance table, cnt=2
Jul 23 13:13:30 azken kernel: NUMA: Node 0 [mem 0x00000000-0x0009ffff] + [mem 0x000c0000-0x9fffffff] -> [mem 0x00000000-0x9fffffff]
Jul 23 13:13:30 azken kernel: NUMA: Node 0 [mem 0x00000000-0x9fffffff] + [mem 0x100000000-0x405fffffff] -> [mem 0x00000000-0x405fffffff]
Jul 23 13:13:30 azken kernel: NODE_DATA(0) allocated [mem 0x405ffd5000-0x405fffffff]
Jul 23 13:13:30 azken kernel: NODE_DATA(1) allocated [mem 0x805d894000-0x805d8befff]
Jul 23 13:13:30 azken kernel: Zone ranges:
Jul 23 13:13:30 azken kernel:   DMA      [mem 0x0000000000001000-0x0000000000ffffff]
Jul 23 13:13:30 azken kernel:   DMA32    [mem 0x0000000001000000-0x00000000ffffffff]
Jul 23 13:13:30 azken kernel:   Normal   [mem 0x0000000100000000-0x000000805d8bffff]
Jul 23 13:13:30 azken kernel:   Device   empty
Jul 23 13:13:30 azken kernel: Movable zone start for each node
Jul 23 13:13:30 azken kernel: Early memory node ranges
Jul 23 13:13:30 azken kernel:   node   0: [mem 0x0000000000001000-0x000000000009ffff]
Jul 23 13:13:30 azken kernel:   node   0: [mem 0x0000000000100000-0x0000000075daffff]
Jul 23 13:13:30 azken kernel:   node   0: [mem 0x0000000075e58000-0x0000000075eaffff]
Jul 23 13:13:30 azken kernel:   node   0: [mem 0x0000000076000000-0x00000000908e0fff]
Jul 23 13:13:30 azken kernel:   node   0: [mem 0x00000000979ff000-0x0000000097ffcfff]
Jul 23 13:13:30 azken kernel:   node   0: [mem 0x0000000100000000-0x000000405fffffff]
Jul 23 13:13:30 azken kernel:   node   1: [mem 0x0000004060000000-0x000000805d8bffff]
Jul 23 13:13:30 azken kernel: Initmem setup node 0 [mem 0x0000000000001000-0x000000405fffffff]
Jul 23 13:13:30 azken kernel: Initmem setup node 1 [mem 0x0000004060000000-0x000000805d8bffff]
Jul 23 13:13:30 azken kernel: On node 0, zone DMA: 1 pages in unavailable ranges
Jul 23 13:13:30 azken kernel: On node 0, zone DMA: 96 pages in unavailable ranges
Jul 23 13:13:30 azken kernel: On node 0, zone DMA32: 168 pages in unavailable ranges
Jul 23 13:13:30 azken kernel: On node 0, zone DMA32: 336 pages in unavailable ranges
Jul 23 13:13:30 azken kernel: On node 0, zone DMA32: 28958 pages in unavailable ranges
Jul 23 13:13:30 azken kernel: On node 0, zone Normal: 3 pages in unavailable ranges
Jul 23 13:13:30 azken kernel: On node 1, zone Normal: 10048 pages in unavailable ranges
Jul 23 13:13:30 azken kernel: ACPI: PM-Timer IO Port: 0x808
Jul 23 13:13:30 azken kernel: ACPI: X2APIC_NMI (uid[0xffffffff] high edge lint[0x1])
Jul 23 13:13:30 azken kernel: IOAPIC[0]: apic_id 240, version 33, address 0xfec00000, GSI 0-23
Jul 23 13:13:30 azken kernel: IOAPIC[1]: apic_id 241, version 33, address 0xbc500000, GSI 24-55
Jul 23 13:13:30 azken kernel: IOAPIC[2]: apic_id 242, version 33, address 0xf4180000, GSI 56-87
Jul 23 13:13:30 azken kernel: IOAPIC[3]: apic_id 243, version 33, address 0xf5180000, GSI 88-119
Jul 23 13:13:30 azken kernel: IOAPIC[4]: apic_id 244, version 33, address 0xbb180000, GSI 120-151
Jul 23 13:13:30 azken kernel: IOAPIC[5]: apic_id 245, version 33, address 0xb2400000, GSI 152-183
Jul 23 13:13:30 azken kernel: IOAPIC[6]: apic_id 246, version 33, address 0xb1180000, GSI 184-215
Jul 23 13:13:30 azken kernel: IOAPIC[7]: apic_id 247, version 33, address 0xa5280000, GSI 216-247
Jul 23 13:13:30 azken kernel: IOAPIC[8]: apic_id 248, version 33, address 0xa4180000, GSI 248-279
Jul 23 13:13:30 azken kernel: ACPI: INT_SRC_OVR (bus 0 bus_irq 0 global_irq 2 dfl dfl)
Jul 23 13:13:30 azken kernel: ACPI: INT_SRC_OVR (bus 0 bus_irq 9 global_irq 9 low level)
Jul 23 13:13:30 azken kernel: ACPI: Using ACPI (MADT) for SMP configuration information
Jul 23 13:13:30 azken kernel: ACPI: HPET id: 0x10228201 base: 0xfed00000
Jul 23 13:13:30 azken kernel: e820: update [mem 0x89d6c000-0x89db1fff] usable ==> reserved
Jul 23 13:13:30 azken kernel: CPU topo: Max. logical packages:   2
Jul 23 13:13:30 azken kernel: CPU topo: Max. logical dies:       8
Jul 23 13:13:30 azken kernel: CPU topo: Max. dies per package:   4
Jul 23 13:13:30 azken kernel: CPU topo: Max. threads per core:   2
Jul 23 13:13:30 azken kernel: CPU topo: Num. cores per package:    16
Jul 23 13:13:30 azken kernel: CPU topo: Num. threads per package:  32
Jul 23 13:13:30 azken kernel: CPU topo: Allowing 64 present CPUs plus 0 hotplug CPUs
Jul 23 13:13:30 azken kernel: PM: hibernation: Registered nosave memory: [mem 0x00000000-0x00000fff]
Jul 23 13:13:30 azken kernel: PM: hibernation: Registered nosave memory: [mem 0x000a0000-0x000fffff]
Jul 23 13:13:30 azken kernel: PM: hibernation: Registered nosave memory: [mem 0x75db0000-0x75e57fff]
Jul 23 13:13:30 azken kernel: PM: hibernation: Registered nosave memory: [mem 0x75eb0000-0x75ffffff]
Jul 23 13:13:30 azken kernel: PM: hibernation: Registered nosave memory: [mem 0x7fc14000-0x7fc14fff]
Jul 23 13:13:30 azken kernel: PM: hibernation: Registered nosave memory: [mem 0x7fc38000-0x7fc38fff]
Jul 23 13:13:30 azken kernel: PM: hibernation: Registered nosave memory: [mem 0x7fc39000-0x7fc39fff]
Jul 23 13:13:30 azken kernel: PM: hibernation: Registered nosave memory: [mem 0x7fc5d000-0x7fc5dfff]
Jul 23 13:13:30 azken kernel: PM: hibernation: Registered nosave memory: [mem 0x87512000-0x87512fff]
Jul 23 13:13:30 azken kernel: PM: hibernation: Registered nosave memory: [mem 0x87536000-0x87536fff]
Jul 23 13:13:30 azken kernel: PM: hibernation: Registered nosave memory: [mem 0x87537000-0x87537fff]
Jul 23 13:13:30 azken kernel: PM: hibernation: Registered nosave memory: [mem 0x8756e000-0x8756efff]
Jul 23 13:13:30 azken kernel: PM: hibernation: Registered nosave memory: [mem 0x8756f000-0x8756ffff]
Jul 23 13:13:30 azken kernel: PM: hibernation: Registered nosave memory: [mem 0x875a6000-0x875a6fff]
Jul 23 13:13:30 azken kernel: PM: hibernation: Registered nosave memory: [mem 0x875a7000-0x875a7fff]
Jul 23 13:13:30 azken kernel: PM: hibernation: Registered nosave memory: [mem 0x875cb000-0x875cbfff]
Jul 23 13:13:30 azken kernel: PM: hibernation: Registered nosave memory: [mem 0x875cc000-0x875ccfff]
Jul 23 13:13:30 azken kernel: PM: hibernation: Registered nosave memory: [mem 0x875f0000-0x875f0fff]
Jul 23 13:13:30 azken kernel: PM: hibernation: Registered nosave memory: [mem 0x8805e000-0x8805efff]
Jul 23 13:13:30 azken kernel: PM: hibernation: Registered nosave memory: [mem 0x88082000-0x88082fff]
Jul 23 13:13:30 azken kernel: PM: hibernation: Registered nosave memory: [mem 0x88083000-0x88083fff]
Jul 23 13:13:30 azken kernel: PM: hibernation: Registered nosave memory: [mem 0x880a7000-0x880a7fff]
Jul 23 13:13:30 azken kernel: PM: hibernation: Registered nosave memory: [mem 0x8813d000-0x8813dfff]
Jul 23 13:13:30 azken kernel: PM: hibernation: Registered nosave memory: [mem 0x8814b000-0x8814bfff]
Jul 23 13:13:30 azken kernel: PM: hibernation: Registered nosave memory: [mem 0x88152000-0x88152fff]
Jul 23 13:13:30 azken kernel: PM: hibernation: Registered nosave memory: [mem 0x88162000-0x88162fff]
Jul 23 13:13:30 azken kernel: PM: hibernation: Registered nosave memory: [mem 0x88163000-0x88163fff]
Jul 23 13:13:30 azken kernel: PM: hibernation: Registered nosave memory: [mem 0x88187000-0x88187fff]
Jul 23 13:13:30 azken kernel: PM: hibernation: Registered nosave memory: [mem 0x88c97000-0x88c97fff]
Jul 23 13:13:30 azken kernel: PM: hibernation: Registered nosave memory: [mem 0x89d6c000-0x89db1fff]
Jul 23 13:13:30 azken kernel: PM: hibernation: Registered nosave memory: [mem 0x908e1000-0x95e47fff]
Jul 23 13:13:30 azken kernel: PM: hibernation: Registered nosave memory: [mem 0x95e48000-0x95f32fff]
Jul 23 13:13:30 azken kernel: PM: hibernation: Registered nosave memory: [mem 0x95f33000-0x963b3fff]
Jul 23 13:13:30 azken kernel: PM: hibernation: Registered nosave memory: [mem 0x963b4000-0x979fefff]
Jul 23 13:13:30 azken kernel: PM: hibernation: Registered nosave memory: [mem 0x97ffd000-0x9fffffff]
Jul 23 13:13:30 azken kernel: PM: hibernation: Registered nosave memory: [mem 0xa0000000-0xa417ffff]
Jul 23 13:13:30 azken kernel: PM: hibernation: Registered nosave memory: [mem 0xa4180000-0xa4180fff]
Jul 23 13:13:30 azken kernel: PM: hibernation: Registered nosave memory: [mem 0xa4181000-0xa527ffff]
Jul 23 13:13:30 azken kernel: PM: hibernation: Registered nosave memory: [mem 0xa5280000-0xa5280fff]
Jul 23 13:13:30 azken kernel: PM: hibernation: Registered nosave memory: [mem 0xa5281000-0xb117ffff]
Jul 23 13:13:30 azken kernel: PM: hibernation: Registered nosave memory: [mem 0xb1180000-0xb1180fff]
Jul 23 13:13:30 azken kernel: PM: hibernation: Registered nosave memory: [mem 0xb1181000-0xbb17ffff]
Jul 23 13:13:30 azken kernel: PM: hibernation: Registered nosave memory: [mem 0xbb180000-0xbb180fff]
Jul 23 13:13:30 azken kernel: PM: hibernation: Registered nosave memory: [mem 0xbb181000-0xbc4fffff]
Jul 23 13:13:30 azken kernel: PM: hibernation: Registered nosave memory: [mem 0xbc500000-0xbc500fff]
Jul 23 13:13:30 azken kernel: PM: hibernation: Registered nosave memory: [mem 0xbc501000-0xf417ffff]
Jul 23 13:13:30 azken kernel: PM: hibernation: Registered nosave memory: [mem 0xf4180000-0xf4180fff]
Jul 23 13:13:30 azken kernel: PM: hibernation: Registered nosave memory: [mem 0xf4181000-0xf517ffff]
Jul 23 13:13:30 azken kernel: PM: hibernation: Registered nosave memory: [mem 0xf5180000-0xf5180fff]
Jul 23 13:13:30 azken kernel: PM: hibernation: Registered nosave memory: [mem 0xf5181000-0xfebfffff]
Jul 23 13:13:30 azken kernel: PM: hibernation: Registered nosave memory: [mem 0xfec00000-0xfec00fff]
Jul 23 13:13:30 azken kernel: PM: hibernation: Registered nosave memory: [mem 0xfec01000-0xfec0ffff]
Jul 23 13:13:30 azken kernel: PM: hibernation: Registered nosave memory: [mem 0xfec10000-0xfec10fff]
Jul 23 13:13:30 azken kernel: PM: hibernation: Registered nosave memory: [mem 0xfec11000-0xfecfffff]
Jul 23 13:13:30 azken kernel: PM: hibernation: Registered nosave memory: [mem 0xfed00000-0xfed00fff]
Jul 23 13:13:30 azken kernel: PM: hibernation: Registered nosave memory: [mem 0xfed01000-0xfed3ffff]
Jul 23 13:13:30 azken kernel: PM: hibernation: Registered nosave memory: [mem 0xfed40000-0xfed44fff]
Jul 23 13:13:30 azken kernel: PM: hibernation: Registered nosave memory: [mem 0xfed45000-0xfed7ffff]
Jul 23 13:13:30 azken kernel: PM: hibernation: Registered nosave memory: [mem 0xfed80000-0xfed8ffff]
Jul 23 13:13:30 azken kernel: PM: hibernation: Registered nosave memory: [mem 0xfed90000-0xfedbffff]
Jul 23 13:13:30 azken kernel: PM: hibernation: Registered nosave memory: [mem 0xfedc0000-0xfedc0fff]
Jul 23 13:13:30 azken kernel: PM: hibernation: Registered nosave memory: [mem 0xfedc1000-0xfedc1fff]
Jul 23 13:13:30 azken kernel: PM: hibernation: Registered nosave memory: [mem 0xfedc2000-0xfedc8fff]
Jul 23 13:13:30 azken kernel: PM: hibernation: Registered nosave memory: [mem 0xfedc9000-0xffffffff]
Jul 23 13:13:30 azken kernel: [mem 0xbc501000-0xf417ffff] available for PCI devices
Jul 23 13:13:30 azken kernel: Booting paravirtualized kernel on bare hardware
Jul 23 13:13:30 azken kernel: clocksource: refined-jiffies: mask: 0xffffffff max_cycles: 0xffffffff, max_idle_ns: 1910969940391419 ns
Jul 23 13:13:30 azken kernel: setup_percpu: NR_CPUS:8192 nr_cpumask_bits:64 nr_cpu_ids:64 nr_node_ids:2
Jul 23 13:13:30 azken kernel: percpu: Embedded 88 pages/cpu s237568 r8192 d114688 u524288
Jul 23 13:13:30 azken kernel: pcpu-alloc: s237568 r8192 d114688 u524288 alloc=1*2097152
Jul 23 13:13:30 azken kernel: pcpu-alloc: [0] 00 01 02 03 [0] 04 05 06 07 
Jul 23 13:13:30 azken kernel: pcpu-alloc: [0] 08 09 10 11 [0] 12 13 14 15 
Jul 23 13:13:30 azken kernel: pcpu-alloc: [0] 32 33 34 35 [0] 36 37 38 39 
Jul 23 13:13:30 azken kernel: pcpu-alloc: [0] 40 41 42 43 [0] 44 45 46 47 
Jul 23 13:13:30 azken kernel: pcpu-alloc: [1] 16 17 18 19 [1] 20 21 22 23 
Jul 23 13:13:30 azken kernel: pcpu-alloc: [1] 24 25 26 27 [1] 28 29 30 31 
Jul 23 13:13:30 azken kernel: pcpu-alloc: [1] 48 49 50 51 [1] 52 53 54 55 
Jul 23 13:13:30 azken kernel: pcpu-alloc: [1] 56 57 58 59 [1] 60 61 62 63 
Jul 23 13:13:30 azken kernel: Kernel command line: BOOT_IMAGE=/casper/vmlinuz boot=casper --- quiet splash
Jul 23 13:13:30 azken kernel: Unknown kernel command line parameters "--- splash BOOT_IMAGE=/casper/vmlinuz boot=casper", will be passed to user space.
Jul 23 13:13:30 azken kernel: random: crng init done
Jul 23 13:13:30 azken kernel: printk: log_buf_len individual max cpu contribution: 4096 bytes
Jul 23 13:13:30 azken kernel: printk: log_buf_len total cpu_extra contributions: 258048 bytes
Jul 23 13:13:30 azken kernel: printk: log_buf_len min size: 262144 bytes
Jul 23 13:13:30 azken kernel: printk: log_buf_len: 524288 bytes
Jul 23 13:13:30 azken kernel: printk: early log buf free: 231992(88%)
Jul 23 13:13:30 azken kernel: Fallback order for Node 0: 0 1 
Jul 23 13:13:30 azken kernel: Fallback order for Node 1: 1 0 
Jul 23 13:13:30 azken kernel: Built 2 zonelists, mobility grouping on.  Total pages: 134145350
Jul 23 13:13:30 azken kernel: Policy zone: Normal
Jul 23 13:13:30 azken kernel: mem auto-init: stack:all(zero), heap alloc:on, heap free:off
Jul 23 13:13:30 azken kernel: software IO TLB: area num 64.
Jul 23 13:13:30 azken kernel: SLUB: HWalign=64, Order=0-3, MinObjects=0, CPUs=64, Nodes=2
Jul 23 13:13:30 azken kernel: ftrace: allocating 59199 entries in 232 pages
Jul 23 13:13:30 azken kernel: ftrace: allocated 232 pages with 4 groups
Jul 23 13:13:30 azken kernel: Dynamic Preempt: voluntary
Jul 23 13:13:30 azken kernel: rcu: Preemptible hierarchical RCU implementation.
Jul 23 13:13:30 azken kernel: rcu:         RCU restricting CPUs from NR_CPUS=8192 to nr_cpu_ids=64.
Jul 23 13:13:30 azken kernel:         Trampoline variant of Tasks RCU enabled.
Jul 23 13:13:30 azken kernel:         Rude variant of Tasks RCU enabled.
Jul 23 13:13:30 azken kernel:         Tracing variant of Tasks RCU enabled.
Jul 23 13:13:30 azken kernel: rcu: RCU calculated value of scheduler-enlistment delay is 100 jiffies.
Jul 23 13:13:30 azken kernel: rcu: Adjusting geometry for rcu_fanout_leaf=16, nr_cpu_ids=64
Jul 23 13:13:30 azken kernel: RCU Tasks: Setting shift to 6 and lim to 1 rcu_task_cb_adjust=1 rcu_task_cpu_ids=64.
Jul 23 13:13:30 azken kernel: RCU Tasks Rude: Setting shift to 6 and lim to 1 rcu_task_cb_adjust=1 rcu_task_cpu_ids=64.
Jul 23 13:13:30 azken kernel: RCU Tasks Trace: Setting shift to 6 and lim to 1 rcu_task_cb_adjust=1 rcu_task_cpu_ids=64.
Jul 23 13:13:30 azken kernel: NR_IRQS: 524544, nr_irqs: 5288, preallocated irqs: 16
Jul 23 13:13:30 azken kernel: rcu: srcu_init: Setting srcu_struct sizes based on contention.
Jul 23 13:13:30 azken kernel: Console: colour dummy device 80x25
Jul 23 13:13:30 azken kernel: printk: legacy console [tty0] enabled
Jul 23 13:13:30 azken kernel: mempolicy: Enabling automatic NUMA balancing. Configure with numa_balancing= or the kernel.numa_balancing sysctl
Jul 23 13:13:30 azken kernel: ACPI: Core revision 20240322
Jul 23 13:13:30 azken kernel: clocksource: hpet: mask: 0xffffffff max_cycles: 0xffffffff, max_idle_ns: 133484873504 ns
Jul 23 13:13:30 azken kernel: APIC: Switch to symmetric I/O mode setup
Jul 23 13:13:30 azken kernel: AMD-Vi: Using global IVHD EFR:0x25bf732fa2295afe, EFR2:0x1d
Jul 23 13:13:30 azken kernel: ..TIMER: vector=0x30 apic1=0 pin1=2 apic2=-1 pin2=-1
Jul 23 13:13:30 azken kernel: clocksource: tsc-early: mask: 0xffffffffffffffff max_cycles: 0x2b2d9e091a2, max_idle_ns: 440795267452 ns
Jul 23 13:13:30 azken kernel: Calibrating delay loop (skipped), value calculated using timer frequency.. 5990.97 BogoMIPS (lpj=2995487)
Jul 23 13:13:30 azken kernel: x86/cpu: User Mode Instruction Prevention (UMIP) activated
Jul 23 13:13:30 azken kernel: LVT offset 2 assigned for vector 0xf4
Jul 23 13:13:30 azken kernel: Last level iTLB entries: 4KB 512, 2MB 512, 4MB 256
Jul 23 13:13:30 azken kernel: Last level dTLB entries: 4KB 3072, 2MB 3072, 4MB 1536, 1GB 0
Jul 23 13:13:30 azken kernel: process: using mwait in idle threads
Jul 23 13:13:30 azken kernel: Spectre V1 : Mitigation: usercopy/swapgs barriers and __user pointer sanitization
Jul 23 13:13:30 azken kernel: Spectre V2 : Mitigation: Enhanced / Automatic IBRS
Jul 23 13:13:30 azken kernel: Spectre V2 : Spectre v2 / SpectreRSB mitigation: Filling RSB on context switch
Jul 23 13:13:30 azken kernel: Spectre V2 : mitigation: Enabling conditional Indirect Branch Prediction Barrier
Jul 23 13:13:30 azken kernel: Spectre V2 : User space: Mitigation: STIBP always-on protection
Jul 23 13:13:30 azken kernel: Speculative Store Bypass: Mitigation: Speculative Store Bypass disabled via prctl
Jul 23 13:13:30 azken kernel: Speculative Return Stack Overflow: Mitigation: Safe RET
Jul 23 13:13:30 azken kernel: x86/fpu: Supporting XSAVE feature 0x001: 'x87 floating point registers'
Jul 23 13:13:30 azken kernel: x86/fpu: Supporting XSAVE feature 0x002: 'SSE registers'
Jul 23 13:13:30 azken kernel: x86/fpu: Supporting XSAVE feature 0x004: 'AVX registers'
Jul 23 13:13:30 azken kernel: x86/fpu: Supporting XSAVE feature 0x020: 'AVX-512 opmask'
Jul 23 13:13:30 azken kernel: x86/fpu: Supporting XSAVE feature 0x040: 'AVX-512 Hi256'
Jul 23 13:13:30 azken kernel: x86/fpu: Supporting XSAVE feature 0x080: 'AVX-512 ZMM_Hi256'
Jul 23 13:13:30 azken kernel: x86/fpu: Supporting XSAVE feature 0x200: 'Protection Keys User registers'
Jul 23 13:13:30 azken kernel: x86/fpu: Supporting XSAVE feature 0x800: 'Control-flow User registers'
Jul 23 13:13:30 azken kernel: x86/fpu: xstate_offset[2]:  576, xstate_sizes[2]:  256
Jul 23 13:13:30 azken kernel: x86/fpu: xstate_offset[5]:  832, xstate_sizes[5]:   64
Jul 23 13:13:30 azken kernel: x86/fpu: xstate_offset[6]:  896, xstate_sizes[6]:  512
Jul 23 13:13:30 azken kernel: x86/fpu: xstate_offset[7]: 1408, xstate_sizes[7]: 1024
Jul 23 13:13:30 azken kernel: x86/fpu: xstate_offset[9]: 2432, xstate_sizes[9]:    8
Jul 23 13:13:30 azken kernel: x86/fpu: xstate_offset[11]: 2440, xstate_sizes[11]:   16
Jul 23 13:13:30 azken kernel: x86/fpu: Enabled xstate features 0xae7, context size is 2456 bytes, using 'compacted' format.
Jul 23 13:13:30 azken kernel: Freeing SMP alternatives memory: 48K
Jul 23 13:13:30 azken kernel: pid_max: default: 65536 minimum: 512
Jul 23 13:13:30 azken kernel: LSM: initializing lsm=lockdown,capability,landlock,yama,apparmor,ima,evm
Jul 23 13:13:30 azken kernel: landlock: Up and running.
Jul 23 13:13:30 azken kernel: Yama: becoming mindful.
Jul 23 13:13:30 azken kernel: AppArmor: AppArmor initialized
Jul 23 13:13:30 azken kernel: Dentry cache hash table entries: 16777216 (order: 15, 134217728 bytes, vmalloc hugepage)
Jul 23 13:13:30 azken kernel: Inode-cache hash table entries: 8388608 (order: 14, 67108864 bytes, vmalloc hugepage)
Jul 23 13:13:30 azken kernel: Mount-cache hash table entries: 262144 (order: 9, 2097152 bytes, vmalloc)
Jul 23 13:13:30 azken kernel: Mountpoint-cache hash table entries: 262144 (order: 9, 2097152 bytes, vmalloc)
Jul 23 13:13:30 azken kernel: smpboot: CPU0: AMD EPYC 9124 16-Core Processor (family: 0x19, model: 0x11, stepping: 0x1)
Jul 23 13:13:30 azken kernel: Performance Events: Fam17h+ 16-deep LBR, core perfctr, AMD PMU driver.
Jul 23 13:13:30 azken kernel: ... version:                2
Jul 23 13:13:30 azken kernel: ... bit width:              48
Jul 23 13:13:30 azken kernel: ... generic registers:      6
Jul 23 13:13:30 azken kernel: ... value mask:             0000ffffffffffff
Jul 23 13:13:30 azken kernel: ... max period:             00007fffffffffff
Jul 23 13:13:30 azken kernel: ... fixed-purpose events:   0
Jul 23 13:13:30 azken kernel: ... event mask:             000000000000003f
Jul 23 13:13:30 azken kernel: signal: max sigframe size: 3376
Jul 23 13:13:30 azken kernel: rcu: Hierarchical SRCU implementation.
Jul 23 13:13:30 azken kernel: rcu:         Max phase no-delay instances is 400.
Jul 23 13:13:30 azken kernel: Timer migration: 3 hierarchy levels; 8 children per group; 2 crossnode level
Jul 23 13:13:30 azken kernel: NMI watchdog: Enabled. Permanently consumes one hw-PMU counter.
Jul 23 13:13:30 azken kernel: smp: Bringing up secondary CPUs ...
Jul 23 13:13:30 azken kernel: smpboot: x86: Booting SMP configuration:
Jul 23 13:13:30 azken kernel: .... node  #0, CPUs:        #1  #2  #3  #4  #5  #6  #7  #8  #9 #10 #11 #12 #13 #14 #15
Jul 23 13:13:30 azken kernel: .... node  #1, CPUs:   #16 #17 #18 #19 #20 #21 #22 #23 #24 #25 #26 #27 #28 #29 #30 #31
Jul 23 13:13:30 azken kernel: .... node  #0, CPUs:   #32 #33 #34 #35 #36 #37 #38 #39 #40 #41 #42 #43 #44 #45 #46 #47
Jul 23 13:13:30 azken kernel: .... node  #1, CPUs:   #48 #49 #50 #51 #52 #53 #54 #55 #56 #57 #58 #59 #60 #61 #62 #63
Jul 23 13:13:30 azken kernel: Spectre V2 : Update user space SMT mitigation: STIBP always-on
Jul 23 13:13:30 azken kernel: smp: Brought up 2 nodes, 64 CPUs
Jul 23 13:13:30 azken kernel: smpboot: Total of 64 processors activated (383422.33 BogoMIPS)
Jul 23 13:13:30 azken kernel: Memory: 527700356K/536581400K available (22528K kernel code, 4518K rwdata, 14876K rodata, 5096K init, 4528K bss, 8616268K reserved, 0K cma-reserved)
Jul 23 13:13:30 azken kernel: devtmpfs: initialized
Jul 23 13:13:30 azken kernel: x86/mm: Memory block size: 2048MB
Jul 23 13:13:30 azken kernel: ACPI: PM: Registering ACPI NVS region [mem 0x75db0000-0x75e57fff] (688128 bytes)
Jul 23 13:13:30 azken kernel: ACPI: PM: Registering ACPI NVS region [mem 0x95f33000-0x963b3fff] (4722688 bytes)
Jul 23 13:13:30 azken kernel: clocksource: jiffies: mask: 0xffffffff max_cycles: 0xffffffff, max_idle_ns: 1911260446275000 ns
Jul 23 13:13:30 azken kernel: futex hash table entries: 16384 (order: 8, 1048576 bytes, vmalloc)
Jul 23 13:13:30 azken kernel: pinctrl core: initialized pinctrl subsystem
Jul 23 13:13:30 azken kernel: PM: RTC time: 11:13:22, date: 2025-07-23
Jul 23 13:13:30 azken kernel: NET: Registered PF_NETLINK/PF_ROUTE protocol family
Jul 23 13:13:30 azken kernel: DMA: preallocated 4096 KiB GFP_KERNEL pool for atomic allocations
Jul 23 13:13:30 azken kernel: DMA: preallocated 4096 KiB GFP_KERNEL|GFP_DMA pool for atomic allocations
Jul 23 13:13:30 azken kernel: DMA: preallocated 4096 KiB GFP_KERNEL|GFP_DMA32 pool for atomic allocations
Jul 23 13:13:30 azken kernel: audit: initializing netlink subsys (disabled)
Jul 23 13:13:30 azken kernel: audit: type=2000 audit(1753269202.267:1): state=initialized audit_enabled=0 res=1
Jul 23 13:13:30 azken kernel: thermal_sys: Registered thermal governor 'fair_share'
Jul 23 13:13:30 azken kernel: thermal_sys: Registered thermal governor 'bang_bang'
Jul 23 13:13:30 azken kernel: thermal_sys: Registered thermal governor 'step_wise'
Jul 23 13:13:30 azken kernel: thermal_sys: Registered thermal governor 'user_space'
Jul 23 13:13:30 azken kernel: thermal_sys: Registered thermal governor 'power_allocator'
Jul 23 13:13:30 azken kernel: EISA bus registered
Jul 23 13:13:30 azken kernel: cpuidle: using governor ladder
Jul 23 13:13:30 azken kernel: cpuidle: using governor menu
Jul 23 13:13:30 azken kernel: acpiphp: ACPI Hot Plug PCI Controller Driver version: 0.5
Jul 23 13:13:30 azken kernel: PCI: ECAM [mem 0xe0000000-0xefffffff] (base 0xe0000000) for domain 0000 [bus 00-ff]
Jul 23 13:13:30 azken kernel: PCI: Using configuration type 1 for base access
Jul 23 13:13:30 azken kernel: kprobes: kprobe jump-optimization is enabled. All kprobes are optimized if possible.
Jul 23 13:13:30 azken kernel: HugeTLB: registered 1.00 GiB page size, pre-allocated 0 pages
Jul 23 13:13:30 azken kernel: HugeTLB: 16380 KiB vmemmap can be freed for a 1.00 GiB page
Jul 23 13:13:30 azken kernel: HugeTLB: registered 2.00 MiB page size, pre-allocated 0 pages
Jul 23 13:13:30 azken kernel: HugeTLB: 28 KiB vmemmap can be freed for a 2.00 MiB page
Jul 23 13:13:30 azken kernel: ACPI: Added _OSI(Module Device)
Jul 23 13:13:30 azken kernel: ACPI: Added _OSI(Processor Device)
Jul 23 13:13:30 azken kernel: ACPI: Added _OSI(3.0 _SCP Extensions)
Jul 23 13:13:30 azken kernel: ACPI: Added _OSI(Processor Aggregator Device)
Jul 23 13:13:30 azken kernel: ACPI: 7 ACPI AML tables successfully acquired and loaded
Jul 23 13:13:30 azken kernel: ACPI: Interpreter enabled
Jul 23 13:13:30 azken kernel: ACPI: PM: (supports S0 S5)
Jul 23 13:13:30 azken kernel: ACPI: Using IOAPIC for interrupt routing
Jul 23 13:13:30 azken kernel: HEST: Table parsing has been initialized.
Jul 23 13:13:30 azken kernel: GHES: APEI firmware first mode is enabled by APEI bit.
Jul 23 13:13:30 azken kernel: PCI: Using host bridge windows from ACPI; if necessary, use "pci=nocrs" and report a bug
Jul 23 13:13:30 azken kernel: PCI: Ignoring E820 reservations for host bridge windows
Jul 23 13:13:30 azken kernel: ACPI: Enabled 2 GPEs in block 00 to 1F
Jul 23 13:13:30 azken kernel: ACPI: \_SB_.S0D0.C000.SATA.P0SA: New power resource
Jul 23 13:13:30 azken kernel: ACPI: \_SB_.S0D0.C000.SATA.P3SA: New power resource
Jul 23 13:13:30 azken kernel: ACPI: \_SB_.S0D0.C000.SAT2.P0SA: New power resource
Jul 23 13:13:30 azken kernel: ACPI: \_SB_.S0D0.C000.SAT2.P3SA: New power resource
Jul 23 13:13:30 azken kernel: ACPI: \_SB_.PCI0.C021.SATA.P0SA: New power resource
Jul 23 13:13:30 azken kernel: ACPI: \_SB_.PCI0.C021.SATA.P3SA: New power resource
Jul 23 13:13:30 azken kernel: ACPI: \_SB_.PCI0.C021.SAT2.P0SA: New power resource
Jul 23 13:13:30 azken kernel: ACPI: \_SB_.PCI0.C021.SAT2.P3SA: New power resource
Jul 23 13:13:30 azken kernel: ACPI: \_SB_.S1D0.C100.SATA.P0SA: New power resource
Jul 23 13:13:30 azken kernel: ACPI: \_SB_.S1D0.C100.SATA.P3SA: New power resource
Jul 23 13:13:30 azken kernel: ACPI: \_SB_.S1D0.C100.SAT2.P0SA: New power resource
Jul 23 13:13:30 azken kernel: ACPI: \_SB_.S1D0.C100.SAT2.P3SA: New power resource
Jul 23 13:13:30 azken kernel: ACPI: \_SB_.S1D2.C121.SATA.P0SA: New power resource
Jul 23 13:13:30 azken kernel: ACPI: \_SB_.S1D2.C121.SATA.P3SA: New power resource
Jul 23 13:13:30 azken kernel: ACPI: \_SB_.S1D2.C121.SAT2.P0SA: New power resource
Jul 23 13:13:30 azken kernel: ACPI: \_SB_.S1D2.C121.SAT2.P3SA: New power resource
Jul 23 13:13:30 azken kernel: ACPI: PCI Root Bridge [S0D0] (domain 0000 [bus 60-7f])
Jul 23 13:13:30 azken kernel: acpi PNP0A08:00: _OSC: OS supports [ExtendedConfig ASPM ClockPM Segments MSI EDR HPX-Type3]
Jul 23 13:13:30 azken kernel: acpi PNP0A08:00: _OSC: platform does not support [AER LTR DPC]
Jul 23 13:13:30 azken kernel: acpi PNP0A08:00: _OSC: OS now controls [PCIeHotplug SHPCHotplug PME PCIeCapability]
Jul 23 13:13:30 azken kernel: PCI host bridge to bus 0000:60
Jul 23 13:13:30 azken kernel: pci_bus 0000:60: root bus resource [io  0x6000-0x7fff window]
Jul 23 13:13:30 azken kernel: pci_bus 0000:60: root bus resource [mem 0xc0000000-0xc9ffffff window]
Jul 23 13:13:30 azken kernel: pci_bus 0000:60: root bus resource [mem 0x10020200000-0x200201fffff window]
Jul 23 13:13:30 azken kernel: pci_bus 0000:60: root bus resource [bus 60-7f]
Jul 23 13:13:30 azken kernel: pci 0000:60:00.0: [1022:14a4] type 00 class 0x060000 conventional PCI endpoint
Jul 23 13:13:30 azken kernel: pci 0000:60:00.2: [1022:149e] type 00 class 0x080600 conventional PCI endpoint
Jul 23 13:13:30 azken kernel: pci 0000:60:00.3: [1022:14a6] type 00 class 0x080700 PCIe Root Complex Event Collector
Jul 23 13:13:30 azken kernel: pci 0000:60:00.3: enabling Extended Tags
Jul 23 13:13:30 azken kernel: pci 0000:60:01.0: [1022:149f] type 00 class 0x060000 conventional PCI endpoint
Jul 23 13:13:30 azken kernel: pci 0000:60:01.1: [1022:14ab] type 01 class 0x060400 PCIe Root Port
Jul 23 13:13:30 azken kernel: pci 0000:60:01.1: PCI bridge to [bus 61]
Jul 23 13:13:30 azken kernel: pci 0000:60:01.1:   bridge window [io  0x7000-0x7fff]
Jul 23 13:13:30 azken kernel: pci 0000:60:01.1:   bridge window [mem 0xc5000000-0xc60fffff]
Jul 23 13:13:30 azken kernel: pci 0000:60:01.1:   bridge window [mem 0x20000000000-0x20011ffffff 64bit pref]
Jul 23 13:13:30 azken kernel: pci 0000:60:01.1: PME# supported from D0 D3hot D3cold
Jul 23 13:13:30 azken kernel: pci 0000:60:02.0: [1022:149f] type 00 class 0x060000 conventional PCI endpoint
Jul 23 13:13:30 azken kernel: pci 0000:60:03.0: [1022:149f] type 00 class 0x060000 conventional PCI endpoint
Jul 23 13:13:30 azken kernel: pci 0000:60:04.0: [1022:149f] type 00 class 0x060000 conventional PCI endpoint
Jul 23 13:13:30 azken kernel: pci 0000:60:05.0: [1022:149f] type 00 class 0x060000 conventional PCI endpoint
Jul 23 13:13:30 azken kernel: pci 0000:60:05.2: [1022:14aa] type 01 class 0x060400 PCIe Root Port
Jul 23 13:13:30 azken kernel: pci 0000:60:05.2: PCI bridge to [bus 62-63]
Jul 23 13:13:30 azken kernel: pci 0000:60:05.2:   bridge window [io  0x6000-0x6fff]
Jul 23 13:13:30 azken kernel: pci 0000:60:05.2:   bridge window [mem 0xc0000000-0xc40fffff]
Jul 23 13:13:30 azken kernel: pci 0000:60:05.2: PME# supported from D0 D3hot D3cold
Jul 23 13:13:30 azken kernel: pci 0000:60:07.0: [1022:149f] type 00 class 0x060000 conventional PCI endpoint
Jul 23 13:13:30 azken kernel: pci 0000:60:07.1: [1022:14a7] type 01 class 0x060400 PCIe Root Port
Jul 23 13:13:30 azken kernel: pci 0000:60:07.1: PCI bridge to [bus 64]
Jul 23 13:13:30 azken kernel: pci 0000:60:07.1:   bridge window [mem 0xc6200000-0xc62fffff]
Jul 23 13:13:30 azken kernel: pci 0000:60:07.1:   bridge window [mem 0x20012100000-0x200121fffff 64bit pref]
Jul 23 13:13:30 azken kernel: pci 0000:60:07.1: enabling Extended Tags
Jul 23 13:13:30 azken kernel: pci 0000:60:07.1: PME# supported from D0 D3hot D3cold
Jul 23 13:13:30 azken kernel: pci 0000:61:00.0: [10de:2684] type 00 class 0x030000 PCIe Legacy Endpoint
Jul 23 13:13:30 azken kernel: pci 0000:61:00.0: BAR 0 [mem 0xc5000000-0xc5ffffff]
Jul 23 13:13:30 azken kernel: pci 0000:61:00.0: BAR 1 [mem 0x20000000000-0x2000fffffff 64bit pref]
Jul 23 13:13:30 azken kernel: pci 0000:61:00.0: BAR 3 [mem 0x20010000000-0x20011ffffff 64bit pref]
Jul 23 13:13:30 azken kernel: pci 0000:61:00.0: BAR 5 [io  0x7000-0x707f]
Jul 23 13:13:30 azken kernel: pci 0000:61:00.0: ROM [mem 0xc6000000-0xc607ffff pref]
Jul 23 13:13:30 azken kernel: pci 0000:61:00.0: PME# supported from D0 D3hot
Jul 23 13:13:30 azken kernel: pci 0000:61:00.1: [10de:22ba] type 00 class 0x040300 PCIe Endpoint
Jul 23 13:13:30 azken kernel: pci 0000:61:00.1: BAR 0 [mem 0xc6080000-0xc6083fff]
Jul 23 13:13:30 azken kernel: pci 0000:60:01.1: PCI bridge to [bus 61]
Jul 23 13:13:30 azken kernel: pci 0000:62:00.0: [1a03:1150] type 01 class 0x060400 PCIe to PCI/PCI-X bridge
Jul 23 13:13:30 azken kernel: pci 0000:62:00.0: PCI bridge to [bus 63]
Jul 23 13:13:30 azken kernel: pci 0000:62:00.0:   bridge window [io  0x6000-0x6fff]
Jul 23 13:13:30 azken kernel: pci 0000:62:00.0:   bridge window [mem 0xc0000000-0xc40fffff]
Jul 23 13:13:30 azken kernel: pci 0000:62:00.0: enabling Extended Tags
Jul 23 13:13:30 azken kernel: pci 0000:62:00.0: supports D1 D2
Jul 23 13:13:30 azken kernel: pci 0000:62:00.0: PME# supported from D0 D1 D2 D3hot D3cold
Jul 23 13:13:30 azken kernel: pci 0000:60:05.2: PCI bridge to [bus 62-63]
Jul 23 13:13:30 azken kernel: pci_bus 0000:63: extended config space not accessible
Jul 23 13:13:30 azken kernel: pci 0000:63:00.0: [1a03:2000] type 00 class 0x030000 conventional PCI endpoint
Jul 23 13:13:30 azken kernel: pci 0000:63:00.0: BAR 0 [mem 0xc0000000-0xc3ffffff]
Jul 23 13:13:30 azken kernel: pci 0000:63:00.0: BAR 1 [mem 0xc4000000-0xc403ffff]
Jul 23 13:13:30 azken kernel: pci 0000:63:00.0: BAR 2 [io  0x6000-0x607f]
Jul 23 13:13:30 azken kernel: pci 0000:63:00.0: supports D1 D2
Jul 23 13:13:30 azken kernel: pci 0000:63:00.0: PME# supported from D0 D1 D2 D3hot D3cold
Jul 23 13:13:30 azken kernel: pci 0000:62:00.0: PCI bridge to [bus 63]
Jul 23 13:13:30 azken kernel: pci 0000:64:00.0: [1022:14ac] type 00 class 0x130000 PCIe Endpoint
Jul 23 13:13:30 azken kernel: pci 0000:64:00.0: enabling Extended Tags
Jul 23 13:13:30 azken kernel: pci 0000:64:00.1: [1022:14dc] type 00 class 0x088000 PCIe Endpoint
Jul 23 13:13:30 azken kernel: pci 0000:64:00.1: BAR 0 [mem 0x20012180000-0x200121fffff 64bit pref]
Jul 23 13:13:30 azken kernel: pci 0000:64:00.1: BAR 2 [mem 0x20012100000-0x2001217ffff 64bit pref]
Jul 23 13:13:30 azken kernel: pci 0000:64:00.1: enabling Extended Tags
Jul 23 13:13:30 azken kernel: pci 0000:64:00.4: [1022:14c9] type 00 class 0x0c0330 PCIe Endpoint
Jul 23 13:13:30 azken kernel: pci 0000:64:00.4: BAR 0 [mem 0xc6200000-0xc62fffff 64bit]
Jul 23 13:13:30 azken kernel: pci 0000:64:00.4: enabling Extended Tags
Jul 23 13:13:30 azken kernel: pci 0000:64:00.4: PME# supported from D0 D3hot D3cold
Jul 23 13:13:30 azken kernel: pci 0000:60:07.1: PCI bridge to [bus 64]
Jul 23 13:13:30 azken kernel: pci_bus 0000:60: on NUMA node 0
Jul 23 13:13:30 azken kernel: ACPI: PCI Root Bridge [S0D1] (domain 0000 [bus 40-5f])
Jul 23 13:13:30 azken kernel: acpi PNP0A08:01: _OSC: OS supports [ExtendedConfig ASPM ClockPM Segments MSI EDR HPX-Type3]
Jul 23 13:13:30 azken kernel: acpi PNP0A08:01: _OSC: platform does not support [AER LTR DPC]
Jul 23 13:13:30 azken kernel: acpi PNP0A08:01: _OSC: OS now controls [PCIeHotplug SHPCHotplug PME PCIeCapability]
Jul 23 13:13:30 azken kernel: PCI host bridge to bus 0000:40
Jul 23 13:13:30 azken kernel: pci_bus 0000:40: root bus resource [io  0x4000-0x5fff window]
Jul 23 13:13:30 azken kernel: pci_bus 0000:40: root bus resource [mem 0xf0000000-0xf3ffffff window]
Jul 23 13:13:30 azken kernel: pci_bus 0000:40: root bus resource [mem 0x20050200000-0x300501fffff window]
Jul 23 13:13:30 azken kernel: pci_bus 0000:40: root bus resource [bus 40-5f]
Jul 23 13:13:30 azken kernel: pci 0000:40:00.0: [1022:14a4] type 00 class 0x060000 conventional PCI endpoint
Jul 23 13:13:30 azken kernel: pci 0000:40:00.2: [1022:149e] type 00 class 0x080600 conventional PCI endpoint
Jul 23 13:13:30 azken kernel: pci 0000:40:00.3: [1022:14a6] type 00 class 0x080700 PCIe Root Complex Event Collector
Jul 23 13:13:30 azken kernel: pci 0000:40:00.3: enabling Extended Tags
Jul 23 13:13:30 azken kernel: pci 0000:40:01.0: [1022:149f] type 00 class 0x060000 conventional PCI endpoint
Jul 23 13:13:30 azken kernel: pci 0000:40:01.1: [1022:14ab] type 01 class 0x060400 PCIe Root Port
Jul 23 13:13:30 azken kernel: pci 0000:40:01.1: PCI bridge to [bus 41]
Jul 23 13:13:30 azken kernel: pci 0000:40:01.1:   bridge window [io  0x5000-0x5fff]
Jul 23 13:13:30 azken kernel: pci 0000:40:01.1:   bridge window [mem 0xf2000000-0xf30fffff]
Jul 23 13:13:30 azken kernel: pci 0000:40:01.1:   bridge window [mem 0x30030000000-0x30041ffffff 64bit pref]
Jul 23 13:13:30 azken kernel: pci 0000:40:01.1: PME# supported from D0 D3hot D3cold
Jul 23 13:13:30 azken kernel: pci 0000:40:02.0: [1022:149f] type 00 class 0x060000 conventional PCI endpoint
Jul 23 13:13:30 azken kernel: pci 0000:40:03.0: [1022:149f] type 00 class 0x060000 conventional PCI endpoint
Jul 23 13:13:30 azken kernel: pci 0000:40:04.0: [1022:149f] type 00 class 0x060000 conventional PCI endpoint
Jul 23 13:13:30 azken kernel: pci 0000:40:05.0: [1022:149f] type 00 class 0x060000 conventional PCI endpoint
Jul 23 13:13:30 azken kernel: pci 0000:40:07.0: [1022:149f] type 00 class 0x060000 conventional PCI endpoint
Jul 23 13:13:30 azken kernel: pci 0000:40:07.1: [1022:14a7] type 01 class 0x060400 PCIe Root Port
Jul 23 13:13:30 azken kernel: pci 0000:40:07.1: PCI bridge to [bus 42]
Jul 23 13:13:30 azken kernel: pci 0000:40:07.1:   bridge window [mem 0x30042100000-0x300421fffff 64bit pref]
Jul 23 13:13:30 azken kernel: pci 0000:40:07.1: enabling Extended Tags
Jul 23 13:13:30 azken kernel: pci 0000:40:07.1: PME# supported from D0 D3hot D3cold
Jul 23 13:13:30 azken kernel: pci 0000:41:00.0: [10de:2684] type 00 class 0x030000 PCIe Legacy Endpoint
Jul 23 13:13:30 azken kernel: pci 0000:41:00.0: BAR 0 [mem 0xf2000000-0xf2ffffff]
Jul 23 13:13:30 azken kernel: pci 0000:41:00.0: BAR 1 [mem 0x30030000000-0x3003fffffff 64bit pref]
Jul 23 13:13:30 azken kernel: pci 0000:41:00.0: BAR 3 [mem 0x30040000000-0x30041ffffff 64bit pref]
Jul 23 13:13:30 azken kernel: pci 0000:41:00.0: BAR 5 [io  0x5000-0x507f]
Jul 23 13:13:30 azken kernel: pci 0000:41:00.0: ROM [mem 0xf3000000-0xf307ffff pref]
Jul 23 13:13:30 azken kernel: pci 0000:41:00.0: PME# supported from D0 D3hot
Jul 23 13:13:30 azken kernel: pci 0000:41:00.1: [10de:22ba] type 00 class 0x040300 PCIe Endpoint
Jul 23 13:13:30 azken kernel: pci 0000:41:00.1: BAR 0 [mem 0xf3080000-0xf3083fff]
Jul 23 13:13:30 azken kernel: pci 0000:40:01.1: PCI bridge to [bus 41]
Jul 23 13:13:30 azken kernel: pci 0000:42:00.0: [1022:14ac] type 00 class 0x130000 PCIe Endpoint
Jul 23 13:13:30 azken kernel: pci 0000:42:00.0: enabling Extended Tags
Jul 23 13:13:30 azken kernel: pci 0000:42:00.1: [1022:14dc] type 00 class 0x088000 PCIe Endpoint
Jul 23 13:13:30 azken kernel: pci 0000:42:00.1: BAR 0 [mem 0x30042180000-0x300421fffff 64bit pref]
Jul 23 13:13:30 azken kernel: pci 0000:42:00.1: BAR 2 [mem 0x30042100000-0x3004217ffff 64bit pref]
Jul 23 13:13:30 azken kernel: pci 0000:42:00.1: enabling Extended Tags
Jul 23 13:13:30 azken kernel: pci 0000:40:07.1: PCI bridge to [bus 42]
Jul 23 13:13:30 azken kernel: pci_bus 0000:40: on NUMA node 0
Jul 23 13:13:30 azken kernel: ACPI: PCI Root Bridge [PCI0] (domain 0000 [bus 00-1f])
Jul 23 13:13:30 azken kernel: acpi PNP0A08:02: _OSC: OS supports [ExtendedConfig ASPM ClockPM Segments MSI EDR HPX-Type3]
Jul 23 13:13:30 azken kernel: acpi PNP0A08:02: _OSC: platform does not support [AER LTR DPC]
Jul 23 13:13:30 azken kernel: acpi PNP0A08:02: _OSC: OS now controls [PCIeHotplug SHPCHotplug PME PCIeCapability]
Jul 23 13:13:30 azken kernel: PCI host bridge to bus 0000:00
Jul 23 13:13:30 azken kernel: pci_bus 0000:00: root bus resource [io  0x0000-0x03af window]
Jul 23 13:13:30 azken kernel: pci_bus 0000:00: root bus resource [io  0x03e0-0x0cf7 window]
Jul 23 13:13:30 azken kernel: pci_bus 0000:00: root bus resource [io  0x03b0-0x03df window]
Jul 23 13:13:30 azken kernel: pci_bus 0000:00: root bus resource [io  0x1000-0x2fff window]
Jul 23 13:13:30 azken kernel: pci_bus 0000:00: root bus resource [mem 0x000a0000-0x000dffff window]
Jul 23 13:13:30 azken kernel: pci_bus 0000:00: root bus resource [mem 0xf6000000-0xf9ffffff window]
Jul 23 13:13:30 azken kernel: pci_bus 0000:00: root bus resource [mem 0x30080200000-0x400801fffff window]
Jul 23 13:13:30 azken kernel: pci_bus 0000:00: root bus resource [bus 00-1f]
Jul 23 13:13:30 azken kernel: pci 0000:00:00.0: [1022:14a4] type 00 class 0x060000 conventional PCI endpoint
Jul 23 13:13:30 azken kernel: pci 0000:00:00.2: [1022:149e] type 00 class 0x080600 conventional PCI endpoint
Jul 23 13:13:30 azken kernel: pci 0000:00:00.3: [1022:14a6] type 00 class 0x080700 PCIe Root Complex Event Collector
Jul 23 13:13:30 azken kernel: pci 0000:00:00.3: enabling Extended Tags
Jul 23 13:13:30 azken kernel: pci 0000:00:01.0: [1022:149f] type 00 class 0x060000 conventional PCI endpoint
Jul 23 13:13:30 azken kernel: pci 0000:00:01.1: [1022:14ab] type 01 class 0x060400 PCIe Root Port
Jul 23 13:13:30 azken kernel: pci 0000:00:01.1: PCI bridge to [bus 01]
Jul 23 13:13:30 azken kernel: pci 0000:00:01.1:   bridge window [io  0x2000-0x2fff]
Jul 23 13:13:30 azken kernel: pci 0000:00:01.1:   bridge window [mem 0xf8000000-0xf90fffff]
Jul 23 13:13:30 azken kernel: pci 0000:00:01.1:   bridge window [mem 0x40060000000-0x40071ffffff 64bit pref]
Jul 23 13:13:30 azken kernel: pci 0000:00:01.1: PME# supported from D0 D3hot D3cold
Jul 23 13:13:30 azken kernel: pci 0000:00:02.0: [1022:149f] type 00 class 0x060000 conventional PCI endpoint
Jul 23 13:13:30 azken kernel: pci 0000:00:03.0: [1022:149f] type 00 class 0x060000 conventional PCI endpoint
Jul 23 13:13:30 azken kernel: pci 0000:00:04.0: [1022:149f] type 00 class 0x060000 conventional PCI endpoint
Jul 23 13:13:30 azken kernel: pci 0000:00:05.0: [1022:149f] type 00 class 0x060000 conventional PCI endpoint
Jul 23 13:13:30 azken kernel: pci 0000:00:05.1: [1022:14aa] type 01 class 0x060400 PCIe Root Port
Jul 23 13:13:30 azken kernel: pci 0000:00:05.1: PCI bridge to [bus 02]
Jul 23 13:13:30 azken kernel: pci 0000:00:05.1:   bridge window [mem 0xf9500000-0xf95fffff]
Jul 23 13:13:30 azken kernel: pci 0000:00:05.1: PME# supported from D0 D3hot D3cold
Jul 23 13:13:30 azken kernel: pci 0000:00:07.0: [1022:149f] type 00 class 0x060000 conventional PCI endpoint
Jul 23 13:13:30 azken kernel: pci 0000:00:07.1: [1022:14a7] type 01 class 0x060400 PCIe Root Port
Jul 23 13:13:30 azken kernel: pci 0000:00:07.1: PCI bridge to [bus 03]
Jul 23 13:13:30 azken kernel: pci 0000:00:07.1:   bridge window [mem 0xf9200000-0xf94fffff]
Jul 23 13:13:30 azken kernel: pci 0000:00:07.1:   bridge window [mem 0x40072100000-0x400721fffff 64bit pref]
Jul 23 13:13:30 azken kernel: pci 0000:00:07.1: enabling Extended Tags
Jul 23 13:13:30 azken kernel: pci 0000:00:07.1: PME# supported from D0 D3hot D3cold
Jul 23 13:13:30 azken kernel: pci 0000:00:14.0: [1022:790b] type 00 class 0x0c0500 conventional PCI endpoint
Jul 23 13:13:30 azken kernel: pci 0000:00:14.3: [1022:790e] type 00 class 0x060100 conventional PCI endpoint
Jul 23 13:13:30 azken kernel: pci 0000:00:18.0: [1022:14ad] type 00 class 0x060000 conventional PCI endpoint
Jul 23 13:13:30 azken kernel: pci 0000:00:18.1: [1022:14ae] type 00 class 0x060000 conventional PCI endpoint
Jul 23 13:13:30 azken kernel: pci 0000:00:18.2: [1022:14af] type 00 class 0x060000 conventional PCI endpoint
Jul 23 13:13:30 azken kernel: pci 0000:00:18.3: [1022:14b0] type 00 class 0x060000 conventional PCI endpoint
Jul 23 13:13:30 azken kernel: pci 0000:00:18.4: [1022:14b1] type 00 class 0x060000 conventional PCI endpoint
Jul 23 13:13:30 azken kernel: pci 0000:00:18.5: [1022:14b2] type 00 class 0x060000 conventional PCI endpoint
Jul 23 13:13:30 azken kernel: pci 0000:00:18.6: [1022:14b3] type 00 class 0x060000 conventional PCI endpoint
Jul 23 13:13:30 azken kernel: pci 0000:00:18.7: [1022:14b4] type 00 class 0x060000 conventional PCI endpoint
Jul 23 13:13:30 azken kernel: pci 0000:00:19.0: [1022:14ad] type 00 class 0x060000 conventional PCI endpoint
Jul 23 13:13:30 azken kernel: pci 0000:00:19.1: [1022:14ae] type 00 class 0x060000 conventional PCI endpoint
Jul 23 13:13:30 azken kernel: pci 0000:00:19.2: [1022:14af] type 00 class 0x060000 conventional PCI endpoint
Jul 23 13:13:30 azken kernel: pci 0000:00:19.3: [1022:14b0] type 00 class 0x060000 conventional PCI endpoint
Jul 23 13:13:30 azken kernel: pci 0000:00:19.4: [1022:14b1] type 00 class 0x060000 conventional PCI endpoint
Jul 23 13:13:30 azken kernel: pci 0000:00:19.5: [1022:14b2] type 00 class 0x060000 conventional PCI endpoint
Jul 23 13:13:30 azken kernel: pci 0000:00:19.6: [1022:14b3] type 00 class 0x060000 conventional PCI endpoint
Jul 23 13:13:30 azken kernel: pci 0000:00:19.7: [1022:14b4] type 00 class 0x060000 conventional PCI endpoint
Jul 23 13:13:30 azken kernel: pci 0000:01:00.0: [10de:2684] type 00 class 0x030000 PCIe Legacy Endpoint
Jul 23 13:13:30 azken kernel: pci 0000:01:00.0: BAR 0 [mem 0xf8000000-0xf8ffffff]
Jul 23 13:13:30 azken kernel: pci 0000:01:00.0: BAR 1 [mem 0x40060000000-0x4006fffffff 64bit pref]
Jul 23 13:13:30 azken kernel: pci 0000:01:00.0: BAR 3 [mem 0x40070000000-0x40071ffffff 64bit pref]
Jul 23 13:13:30 azken kernel: pci 0000:01:00.0: BAR 5 [io  0x2000-0x207f]
Jul 23 13:13:30 azken kernel: pci 0000:01:00.0: ROM [mem 0xf9000000-0xf907ffff pref]
Jul 23 13:13:30 azken kernel: pci 0000:01:00.0: PME# supported from D0 D3hot
Jul 23 13:13:30 azken kernel: pci 0000:01:00.1: [10de:22ba] type 00 class 0x040300 PCIe Endpoint
Jul 23 13:13:30 azken kernel: pci 0000:01:00.1: BAR 0 [mem 0xf9080000-0xf9083fff]
Jul 23 13:13:30 azken kernel: pci 0000:00:01.1: PCI bridge to [bus 01]
Jul 23 13:13:30 azken kernel: pci 0000:02:00.0: [2646:5013] type 00 class 0x010802 PCIe Endpoint
Jul 23 13:13:30 azken kernel: pci 0000:02:00.0: BAR 0 [mem 0xf9500000-0xf9503fff 64bit]
Jul 23 13:13:30 azken kernel: pci 0000:02:00.0: 31.504 Gb/s available PCIe bandwidth, limited by 8.0 GT/s PCIe x4 link at 0000:00:05.1 (capable of 63.012 Gb/s with 16.0 GT/s PCIe x4 link)
Jul 23 13:13:30 azken kernel: pci 0000:00:05.1: PCI bridge to [bus 02]
Jul 23 13:13:30 azken kernel: pci 0000:03:00.0: [1022:14ac] type 00 class 0x130000 PCIe Endpoint
Jul 23 13:13:30 azken kernel: pci 0000:03:00.0: enabling Extended Tags
Jul 23 13:13:30 azken kernel: pci 0000:03:00.1: [1022:14dc] type 00 class 0x088000 PCIe Endpoint
Jul 23 13:13:30 azken kernel: pci 0000:03:00.1: BAR 0 [mem 0x40072180000-0x400721fffff 64bit pref]
Jul 23 13:13:30 azken kernel: pci 0000:03:00.1: BAR 2 [mem 0x40072100000-0x4007217ffff 64bit pref]
Jul 23 13:13:30 azken kernel: pci 0000:03:00.1: enabling Extended Tags
Jul 23 13:13:30 azken kernel: pci 0000:03:00.4: [1022:14c9] type 00 class 0x0c0330 PCIe Endpoint
Jul 23 13:13:30 azken kernel: pci 0000:03:00.4: BAR 0 [mem 0xf9300000-0xf93fffff 64bit]
Jul 23 13:13:30 azken kernel: pci 0000:03:00.4: enabling Extended Tags
Jul 23 13:13:30 azken kernel: pci 0000:03:00.4: PME# supported from D0 D3hot D3cold
Jul 23 13:13:30 azken kernel: pci 0000:03:00.5: [1022:14ca] type 00 class 0x108000 PCIe Endpoint
Jul 23 13:13:30 azken kernel: pci 0000:03:00.5: BAR 2 [mem 0xf9200000-0xf92fffff]
Jul 23 13:13:30 azken kernel: pci 0000:03:00.5: BAR 5 [mem 0xf9400000-0xf9401fff]
Jul 23 13:13:30 azken kernel: pci 0000:03:00.5: enabling Extended Tags
Jul 23 13:13:30 azken kernel: pci 0000:00:07.1: PCI bridge to [bus 03]
Jul 23 13:13:30 azken kernel: pci_bus 0000:00: on NUMA node 0
Jul 23 13:13:30 azken kernel: ACPI: PCI Root Bridge [S0D3] (domain 0000 [bus 20-3f])
Jul 23 13:13:30 azken kernel: acpi PNP0A08:03: _OSC: OS supports [ExtendedConfig ASPM ClockPM Segments MSI EDR HPX-Type3]
Jul 23 13:13:30 azken kernel: acpi PNP0A08:03: _OSC: platform does not support [AER LTR DPC]
Jul 23 13:13:30 azken kernel: acpi PNP0A08:03: _OSC: OS now controls [PCIeHotplug SHPCHotplug PME PCIeCapability]
Jul 23 13:13:30 azken kernel: PCI host bridge to bus 0000:20
Jul 23 13:13:30 azken kernel: pci_bus 0000:20: root bus resource [io  0x3000-0x3fff window]
Jul 23 13:13:30 azken kernel: pci_bus 0000:20: root bus resource [mem 0xb7000000-0xbaffffff window]
Jul 23 13:13:30 azken kernel: pci_bus 0000:20: root bus resource [mem 0x400b0200000-0x500b01fffff window]
Jul 23 13:13:30 azken kernel: pci_bus 0000:20: root bus resource [bus 20-3f]
Jul 23 13:13:30 azken kernel: pci 0000:20:00.0: [1022:14a4] type 00 class 0x060000 conventional PCI endpoint
Jul 23 13:13:30 azken kernel: pci 0000:20:00.2: [1022:149e] type 00 class 0x080600 conventional PCI endpoint
Jul 23 13:13:30 azken kernel: pci 0000:20:00.3: [1022:14a6] type 00 class 0x080700 PCIe Root Complex Event Collector
Jul 23 13:13:30 azken kernel: pci 0000:20:00.3: enabling Extended Tags
Jul 23 13:13:30 azken kernel: pci 0000:20:01.0: [1022:149f] type 00 class 0x060000 conventional PCI endpoint
Jul 23 13:13:30 azken kernel: pci 0000:20:01.1: [1022:14ab] type 01 class 0x060400 PCIe Root Port
Jul 23 13:13:30 azken kernel: pci 0000:20:01.1: PCI bridge to [bus 21]
Jul 23 13:13:30 azken kernel: pci 0000:20:01.1:   bridge window [io  0x3000-0x3fff]
Jul 23 13:13:30 azken kernel: pci 0000:20:01.1:   bridge window [mem 0xb9000000-0xba0fffff]
Jul 23 13:13:30 azken kernel: pci 0000:20:01.1:   bridge window [mem 0x50090000000-0x500a1ffffff 64bit pref]
Jul 23 13:13:30 azken kernel: pci 0000:20:01.1: PME# supported from D0 D3hot D3cold
Jul 23 13:13:30 azken kernel: pci 0000:20:02.0: [1022:149f] type 00 class 0x060000 conventional PCI endpoint
Jul 23 13:13:30 azken kernel: pci 0000:20:03.0: [1022:149f] type 00 class 0x060000 conventional PCI endpoint
Jul 23 13:13:30 azken kernel: pci 0000:20:04.0: [1022:149f] type 00 class 0x060000 conventional PCI endpoint
Jul 23 13:13:30 azken kernel: pci 0000:20:05.0: [1022:149f] type 00 class 0x060000 conventional PCI endpoint
Jul 23 13:13:30 azken kernel: pci 0000:20:07.0: [1022:149f] type 00 class 0x060000 conventional PCI endpoint
Jul 23 13:13:30 azken kernel: pci 0000:20:07.1: [1022:14a7] type 01 class 0x060400 PCIe Root Port
Jul 23 13:13:30 azken kernel: pci 0000:20:07.1: PCI bridge to [bus 22]
Jul 23 13:13:30 azken kernel: pci 0000:20:07.1:   bridge window [mem 0x500a2100000-0x500a21fffff 64bit pref]
Jul 23 13:13:30 azken kernel: pci 0000:20:07.1: enabling Extended Tags
Jul 23 13:13:30 azken kernel: pci 0000:20:07.1: PME# supported from D0 D3hot D3cold
Jul 23 13:13:30 azken kernel: pci 0000:21:00.0: [10de:2684] type 00 class 0x030000 PCIe Legacy Endpoint
Jul 23 13:13:30 azken kernel: pci 0000:21:00.0: BAR 0 [mem 0xb9000000-0xb9ffffff]
Jul 23 13:13:30 azken kernel: pci 0000:21:00.0: BAR 1 [mem 0x50090000000-0x5009fffffff 64bit pref]
Jul 23 13:13:30 azken kernel: pci 0000:21:00.0: BAR 3 [mem 0x500a0000000-0x500a1ffffff 64bit pref]
Jul 23 13:13:30 azken kernel: pci 0000:21:00.0: BAR 5 [io  0x3000-0x307f]
Jul 23 13:13:30 azken kernel: pci 0000:21:00.0: ROM [mem 0xba000000-0xba07ffff pref]
Jul 23 13:13:30 azken kernel: pci 0000:21:00.0: PME# supported from D0 D3hot
Jul 23 13:13:30 azken kernel: pci 0000:21:00.1: [10de:22ba] type 00 class 0x040300 PCIe Endpoint
Jul 23 13:13:30 azken kernel: pci 0000:21:00.1: BAR 0 [mem 0xba080000-0xba083fff]
Jul 23 13:13:30 azken kernel: pci 0000:20:01.1: PCI bridge to [bus 21]
Jul 23 13:13:30 azken kernel: pci 0000:22:00.0: [1022:14ac] type 00 class 0x130000 PCIe Endpoint
Jul 23 13:13:30 azken kernel: pci 0000:22:00.0: enabling Extended Tags
Jul 23 13:13:30 azken kernel: pci 0000:22:00.1: [1022:14dc] type 00 class 0x088000 PCIe Endpoint
Jul 23 13:13:30 azken kernel: pci 0000:22:00.1: BAR 0 [mem 0x500a2180000-0x500a21fffff 64bit pref]
Jul 23 13:13:30 azken kernel: pci 0000:22:00.1: BAR 2 [mem 0x500a2100000-0x500a217ffff 64bit pref]
Jul 23 13:13:30 azken kernel: pci 0000:22:00.1: enabling Extended Tags
Jul 23 13:13:30 azken kernel: pci 0000:20:07.1: PCI bridge to [bus 22]
Jul 23 13:13:30 azken kernel: pci_bus 0000:20: on NUMA node 0
Jul 23 13:13:30 azken kernel: ACPI: PCI Root Bridge [S1D0] (domain 0000 [bus e0-ff])
Jul 23 13:13:30 azken kernel: acpi PNP0A08:04: _OSC: OS supports [ExtendedConfig ASPM ClockPM Segments MSI EDR HPX-Type3]
Jul 23 13:13:30 azken kernel: acpi PNP0A08:04: _OSC: platform does not support [AER LTR DPC]
Jul 23 13:13:30 azken kernel: acpi PNP0A08:04: _OSC: OS now controls [PCIeHotplug SHPCHotplug PME PCIeCapability]
Jul 23 13:13:30 azken kernel: PCI host bridge to bus 0000:e0
Jul 23 13:13:30 azken kernel: pci_bus 0000:e0: root bus resource [io  0xe000-0xffff window]
Jul 23 13:13:30 azken kernel: pci_bus 0000:e0: root bus resource [mem 0xb3000000-0xb6ffffff window]
Jul 23 13:13:30 azken kernel: pci_bus 0000:e0: root bus resource [mem 0x500e0200000-0x600e01fffff window]
Jul 23 13:13:30 azken kernel: pci_bus 0000:e0: root bus resource [bus e0-ff]
Jul 23 13:13:30 azken kernel: pci 0000:e0:00.0: [1022:14a4] type 00 class 0x060000 conventional PCI endpoint
Jul 23 13:13:30 azken kernel: pci 0000:e0:00.2: [1022:149e] type 00 class 0x080600 conventional PCI endpoint
Jul 23 13:13:30 azken kernel: pci 0000:e0:00.3: [1022:14a6] type 00 class 0x080700 PCIe Root Complex Event Collector
Jul 23 13:13:30 azken kernel: pci 0000:e0:00.3: enabling Extended Tags
Jul 23 13:13:30 azken kernel: pci 0000:e0:01.0: [1022:149f] type 00 class 0x060000 conventional PCI endpoint
Jul 23 13:13:30 azken kernel: pci 0000:e0:01.1: [1022:14ab] type 01 class 0x060400 PCIe Root Port
Jul 23 13:13:30 azken kernel: pci 0000:e0:01.1: PCI bridge to [bus e1]
Jul 23 13:13:30 azken kernel: pci 0000:e0:01.1:   bridge window [io  0xf000-0xffff]
Jul 23 13:13:30 azken kernel: pci 0000:e0:01.1:   bridge window [mem 0xb5000000-0xb60fffff]
Jul 23 13:13:30 azken kernel: pci 0000:e0:01.1:   bridge window [mem 0x600c0000000-0x600d1ffffff 64bit pref]
Jul 23 13:13:30 azken kernel: pci 0000:e0:01.1: PME# supported from D0 D3hot D3cold
Jul 23 13:13:30 azken kernel: pci 0000:e0:02.0: [1022:149f] type 00 class 0x060000 conventional PCI endpoint
Jul 23 13:13:30 azken kernel: pci 0000:e0:03.0: [1022:149f] type 00 class 0x060000 conventional PCI endpoint
Jul 23 13:13:30 azken kernel: pci 0000:e0:04.0: [1022:149f] type 00 class 0x060000 conventional PCI endpoint
Jul 23 13:13:30 azken kernel: pci 0000:e0:05.0: [1022:149f] type 00 class 0x060000 conventional PCI endpoint
Jul 23 13:13:30 azken kernel: pci 0000:e0:05.2: [1022:14aa] type 01 class 0x060400 PCIe Root Port
Jul 23 13:13:30 azken kernel: pci 0000:e0:05.2: PCI bridge to [bus e2]
Jul 23 13:13:30 azken kernel: pci 0000:e0:05.2:   bridge window [io  0xe000-0xefff]
Jul 23 13:13:30 azken kernel: pci 0000:e0:05.2:   bridge window [mem 0xb6300000-0xb63fffff]
Jul 23 13:13:30 azken kernel: pci 0000:e0:05.2: PME# supported from D0 D3hot D3cold
Jul 23 13:13:30 azken kernel: pci 0000:e0:07.0: [1022:149f] type 00 class 0x060000 conventional PCI endpoint
Jul 23 13:13:30 azken kernel: pci 0000:e0:07.1: [1022:14a7] type 01 class 0x060400 PCIe Root Port
Jul 23 13:13:30 azken kernel: pci 0000:e0:07.1: PCI bridge to [bus e3]
Jul 23 13:13:30 azken kernel: pci 0000:e0:07.1:   bridge window [mem 0xb6200000-0xb62fffff]
Jul 23 13:13:30 azken kernel: pci 0000:e0:07.1:   bridge window [mem 0x600d2100000-0x600d21fffff 64bit pref]
Jul 23 13:13:30 azken kernel: pci 0000:e0:07.1: enabling Extended Tags
Jul 23 13:13:30 azken kernel: pci 0000:e0:07.1: PME# supported from D0 D3hot D3cold
Jul 23 13:13:30 azken kernel: pci 0000:e1:00.0: [10de:2684] type 00 class 0x030000 PCIe Legacy Endpoint
Jul 23 13:13:30 azken kernel: pci 0000:e1:00.0: BAR 0 [mem 0xb5000000-0xb5ffffff]
Jul 23 13:13:30 azken kernel: pci 0000:e1:00.0: BAR 1 [mem 0x600c0000000-0x600cfffffff 64bit pref]
Jul 23 13:13:30 azken kernel: pci 0000:e1:00.0: BAR 3 [mem 0x600d0000000-0x600d1ffffff 64bit pref]
Jul 23 13:13:30 azken kernel: pci 0000:e1:00.0: BAR 5 [io  0xf000-0xf07f]
Jul 23 13:13:30 azken kernel: pci 0000:e1:00.0: ROM [mem 0xb6000000-0xb607ffff pref]
Jul 23 13:13:30 azken kernel: pci 0000:e1:00.0: PME# supported from D0 D3hot
Jul 23 13:13:30 azken kernel: pci 0000:e1:00.1: [10de:22ba] type 00 class 0x040300 PCIe Endpoint
Jul 23 13:13:30 azken kernel: pci 0000:e1:00.1: BAR 0 [mem 0xb6080000-0xb6083fff]
Jul 23 13:13:30 azken kernel: pci 0000:e0:01.1: PCI bridge to [bus e1]
Jul 23 13:13:30 azken kernel: pci 0000:e2:00.0: [1b4b:9230] type 00 class 0x010601 PCIe Legacy Endpoint
Jul 23 13:13:30 azken kernel: pci 0000:e2:00.0: BAR 0 [io  0xe050-0xe057]
Jul 23 13:13:30 azken kernel: pci 0000:e2:00.0: BAR 1 [io  0xe040-0xe043]
Jul 23 13:13:30 azken kernel: pci 0000:e2:00.0: BAR 2 [io  0xe030-0xe037]
Jul 23 13:13:30 azken kernel: pci 0000:e2:00.0: BAR 3 [io  0xe020-0xe023]
Jul 23 13:13:30 azken kernel: pci 0000:e2:00.0: BAR 4 [io  0xe000-0xe01f]
Jul 23 13:13:30 azken kernel: pci 0000:e2:00.0: BAR 5 [mem 0xb6340000-0xb63407ff]
Jul 23 13:13:30 azken kernel: pci 0000:e2:00.0: ROM [mem 0xb6300000-0xb633ffff pref]
Jul 23 13:13:30 azken kernel: pci 0000:e2:00.0: Enabling fixed DMA alias to 00.1
Jul 23 13:13:30 azken kernel: pci 0000:e2:00.0: PME# supported from D3hot
Jul 23 13:13:30 azken kernel: pci 0000:e0:05.2: PCI bridge to [bus e2]
Jul 23 13:13:30 azken kernel: pci 0000:e3:00.0: [1022:14ac] type 00 class 0x130000 PCIe Endpoint
Jul 23 13:13:30 azken kernel: pci 0000:e3:00.0: enabling Extended Tags
Jul 23 13:13:30 azken kernel: pci 0000:e3:00.1: [1022:14dc] type 00 class 0x088000 PCIe Endpoint
Jul 23 13:13:30 azken kernel: pci 0000:e3:00.1: BAR 0 [mem 0x600d2180000-0x600d21fffff 64bit pref]
Jul 23 13:13:30 azken kernel: pci 0000:e3:00.1: BAR 2 [mem 0x600d2100000-0x600d217ffff 64bit pref]
Jul 23 13:13:30 azken kernel: pci 0000:e3:00.1: enabling Extended Tags
Jul 23 13:13:30 azken kernel: pci 0000:e3:00.4: [1022:14c9] type 00 class 0x0c0330 PCIe Endpoint
Jul 23 13:13:30 azken kernel: pci 0000:e3:00.4: BAR 0 [mem 0xb6200000-0xb62fffff 64bit]
Jul 23 13:13:30 azken kernel: pci 0000:e3:00.4: enabling Extended Tags
Jul 23 13:13:30 azken kernel: pci 0000:e3:00.4: PME# supported from D0 D3hot D3cold
Jul 23 13:13:30 azken kernel: pci 0000:e0:07.1: PCI bridge to [bus e3]
Jul 23 13:13:30 azken kernel: pci_bus 0000:e0: on NUMA node 1
Jul 23 13:13:30 azken kernel: ACPI: PCI Root Bridge [S1D1] (domain 0000 [bus c0-df])
Jul 23 13:13:30 azken kernel: acpi PNP0A08:05: _OSC: OS supports [ExtendedConfig ASPM ClockPM Segments MSI EDR HPX-Type3]
Jul 23 13:13:30 azken kernel: acpi PNP0A08:05: _OSC: platform does not support [AER LTR DPC]
Jul 23 13:13:30 azken kernel: acpi PNP0A08:05: _OSC: OS now controls [PCIeHotplug SHPCHotplug PME PCIeCapability]
Jul 23 13:13:30 azken kernel: PCI host bridge to bus 0000:c0
Jul 23 13:13:30 azken kernel: pci_bus 0000:c0: root bus resource [io  0xc000-0xdfff window]
Jul 23 13:13:30 azken kernel: pci_bus 0000:c0: root bus resource [mem 0xad000000-0xb0ffffff window]
Jul 23 13:13:30 azken kernel: pci_bus 0000:c0: root bus resource [mem 0x60110200000-0x701101fffff window]
Jul 23 13:13:30 azken kernel: pci_bus 0000:c0: root bus resource [bus c0-df]
Jul 23 13:13:30 azken kernel: pci 0000:c0:00.0: [1022:14a4] type 00 class 0x060000 conventional PCI endpoint
Jul 23 13:13:30 azken kernel: pci 0000:c0:00.2: [1022:149e] type 00 class 0x080600 conventional PCI endpoint
Jul 23 13:13:30 azken kernel: pci 0000:c0:00.3: [1022:14a6] type 00 class 0x080700 PCIe Root Complex Event Collector
Jul 23 13:13:30 azken kernel: pci 0000:c0:00.3: enabling Extended Tags
Jul 23 13:13:30 azken kernel: pci 0000:c0:01.0: [1022:149f] type 00 class 0x060000 conventional PCI endpoint
Jul 23 13:13:30 azken kernel: pci 0000:c0:01.1: [1022:14ab] type 01 class 0x060400 PCIe Root Port
Jul 23 13:13:30 azken kernel: pci 0000:c0:01.1: PCI bridge to [bus c1]
Jul 23 13:13:30 azken kernel: pci 0000:c0:01.1:   bridge window [io  0xd000-0xdfff]
Jul 23 13:13:30 azken kernel: pci 0000:c0:01.1:   bridge window [mem 0xaf000000-0xb00fffff]
Jul 23 13:13:30 azken kernel: pci 0000:c0:01.1:   bridge window [mem 0x700f0000000-0x70101ffffff 64bit pref]
Jul 23 13:13:30 azken kernel: pci 0000:c0:01.1: PME# supported from D0 D3hot D3cold
Jul 23 13:13:30 azken kernel: pci 0000:c0:02.0: [1022:149f] type 00 class 0x060000 conventional PCI endpoint
Jul 23 13:13:30 azken kernel: pci 0000:c0:03.0: [1022:149f] type 00 class 0x060000 conventional PCI endpoint
Jul 23 13:13:30 azken kernel: pci 0000:c0:03.1: [1022:14a5] type 01 class 0x060400 PCIe Root Port
Jul 23 13:13:30 azken kernel: pci 0000:c0:03.1: PCI bridge to [bus c2]
Jul 23 13:13:30 azken kernel: pci 0000:c0:03.1: PME# supported from D0 D3hot D3cold
Jul 23 13:13:30 azken kernel: pci 0000:c0:04.0: [1022:149f] type 00 class 0x060000 conventional PCI endpoint
Jul 23 13:13:30 azken kernel: pci 0000:c0:05.0: [1022:149f] type 00 class 0x060000 conventional PCI endpoint
Jul 23 13:13:30 azken kernel: pci 0000:c0:07.0: [1022:149f] type 00 class 0x060000 conventional PCI endpoint
Jul 23 13:13:30 azken kernel: pci 0000:c0:07.1: [1022:14a7] type 01 class 0x060400 PCIe Root Port
Jul 23 13:13:30 azken kernel: pci 0000:c0:07.1: PCI bridge to [bus c3]
Jul 23 13:13:30 azken kernel: pci 0000:c0:07.1:   bridge window [mem 0x70102100000-0x701021fffff 64bit pref]
Jul 23 13:13:30 azken kernel: pci 0000:c0:07.1: enabling Extended Tags
Jul 23 13:13:30 azken kernel: pci 0000:c0:07.1: PME# supported from D0 D3hot D3cold
Jul 23 13:13:30 azken kernel: pci 0000:c1:00.0: [10de:2684] type 00 class 0x030000 PCIe Legacy Endpoint
Jul 23 13:13:30 azken kernel: pci 0000:c1:00.0: BAR 0 [mem 0xaf000000-0xafffffff]
Jul 23 13:13:30 azken kernel: pci 0000:c1:00.0: BAR 1 [mem 0x700f0000000-0x700ffffffff 64bit pref]
Jul 23 13:13:30 azken kernel: pci 0000:c1:00.0: BAR 3 [mem 0x70100000000-0x70101ffffff 64bit pref]
Jul 23 13:13:30 azken kernel: pci 0000:c1:00.0: BAR 5 [io  0xd000-0xd07f]
Jul 23 13:13:30 azken kernel: pci 0000:c1:00.0: ROM [mem 0xb0000000-0xb007ffff pref]
Jul 23 13:13:30 azken kernel: pci 0000:c1:00.0: PME# supported from D0 D3hot
Jul 23 13:13:30 azken kernel: pci 0000:c1:00.1: [10de:22ba] type 00 class 0x040300 PCIe Endpoint
Jul 23 13:13:30 azken kernel: pci 0000:c1:00.1: BAR 0 [mem 0xb0080000-0xb0083fff]
Jul 23 13:13:30 azken kernel: pci 0000:c0:01.1: PCI bridge to [bus c1]
Jul 23 13:13:30 azken kernel: pci 0000:c0:03.1: PCI bridge to [bus c2]
Jul 23 13:13:30 azken kernel: pci 0000:c3:00.0: [1022:14ac] type 00 class 0x130000 PCIe Endpoint
Jul 23 13:13:30 azken kernel: pci 0000:c3:00.0: enabling Extended Tags
Jul 23 13:13:30 azken kernel: pci 0000:c3:00.1: [1022:14dc] type 00 class 0x088000 PCIe Endpoint
Jul 23 13:13:30 azken kernel: pci 0000:c3:00.1: BAR 0 [mem 0x70102180000-0x701021fffff 64bit pref]
Jul 23 13:13:30 azken kernel: pci 0000:c3:00.1: BAR 2 [mem 0x70102100000-0x7010217ffff 64bit pref]
Jul 23 13:13:30 azken kernel: pci 0000:c3:00.1: enabling Extended Tags
Jul 23 13:13:30 azken kernel: pci 0000:c0:07.1: PCI bridge to [bus c3]
Jul 23 13:13:30 azken kernel: pci_bus 0000:c0: on NUMA node 1
Jul 23 13:13:30 azken kernel: ACPI: PCI Root Bridge [S1D2] (domain 0000 [bus 80-9f])
Jul 23 13:13:30 azken kernel: acpi PNP0A08:06: _OSC: OS supports [ExtendedConfig ASPM ClockPM Segments MSI EDR HPX-Type3]
Jul 23 13:13:30 azken kernel: acpi PNP0A08:06: _OSC: platform does not support [AER LTR DPC]
Jul 23 13:13:30 azken kernel: acpi PNP0A08:06: _OSC: OS now controls [PCIeHotplug SHPCHotplug PME PCIeCapability]
Jul 23 13:13:30 azken kernel: PCI host bridge to bus 0000:80
Jul 23 13:13:30 azken kernel: pci_bus 0000:80: root bus resource [io  0x8000-0x9fff window]
Jul 23 13:13:30 azken kernel: pci_bus 0000:80: root bus resource [mem 0xa6000000-0xacffffff window]
Jul 23 13:13:30 azken kernel: pci_bus 0000:80: root bus resource [mem 0x70140200000-0x801401fffff window]
Jul 23 13:13:30 azken kernel: pci_bus 0000:80: root bus resource [bus 80-9f]
Jul 23 13:13:30 azken kernel: pci 0000:80:00.0: [1022:14a4] type 00 class 0x060000 conventional PCI endpoint
Jul 23 13:13:30 azken kernel: pci 0000:80:00.2: [1022:149e] type 00 class 0x080600 conventional PCI endpoint
Jul 23 13:13:30 azken kernel: pci 0000:80:00.3: [1022:14a6] type 00 class 0x080700 PCIe Root Complex Event Collector
Jul 23 13:13:30 azken kernel: pci 0000:80:00.3: enabling Extended Tags
Jul 23 13:13:30 azken kernel: pci 0000:80:01.0: [1022:149f] type 00 class 0x060000 conventional PCI endpoint
Jul 23 13:13:30 azken kernel: pci 0000:80:01.1: [1022:14ab] type 01 class 0x060400 PCIe Root Port
Jul 23 13:13:30 azken kernel: pci 0000:80:01.1: PCI bridge to [bus 81]
Jul 23 13:13:30 azken kernel: pci 0000:80:01.1:   bridge window [io  0x9000-0x9fff]
Jul 23 13:13:30 azken kernel: pci 0000:80:01.1:   bridge window [mem 0xab000000-0xac0fffff]
Jul 23 13:13:30 azken kernel: pci 0000:80:01.1:   bridge window [mem 0x80120000000-0x80131ffffff 64bit pref]
Jul 23 13:13:30 azken kernel: pci 0000:80:01.1: PME# supported from D0 D3hot D3cold
Jul 23 13:13:30 azken kernel: pci 0000:80:02.0: [1022:149f] type 00 class 0x060000 conventional PCI endpoint
Jul 23 13:13:30 azken kernel: pci 0000:80:03.0: [1022:149f] type 00 class 0x060000 conventional PCI endpoint
Jul 23 13:13:30 azken kernel: pci 0000:80:04.0: [1022:149f] type 00 class 0x060000 conventional PCI endpoint
Jul 23 13:13:30 azken kernel: pci 0000:80:05.0: [1022:149f] type 00 class 0x060000 conventional PCI endpoint
Jul 23 13:13:30 azken kernel: pci 0000:80:05.1: [1022:14aa] type 01 class 0x060400 PCIe Root Port
Jul 23 13:13:30 azken kernel: pci 0000:80:05.1: PCI bridge to [bus 82-83]
Jul 23 13:13:30 azken kernel: pci 0000:80:05.1:   bridge window [mem 0xac500000-0xac5fffff]
Jul 23 13:13:30 azken kernel: pci 0000:80:05.1:   bridge window [mem 0xa8000000-0xaaafffff 64bit pref]
Jul 23 13:13:30 azken kernel: pci 0000:80:05.1: PME# supported from D0 D3hot D3cold
Jul 23 13:13:30 azken kernel: pci 0000:80:07.0: [1022:149f] type 00 class 0x060000 conventional PCI endpoint
Jul 23 13:13:30 azken kernel: pci 0000:80:07.1: [1022:14a7] type 01 class 0x060400 PCIe Root Port
Jul 23 13:13:30 azken kernel: pci 0000:80:07.1: PCI bridge to [bus 84]
Jul 23 13:13:30 azken kernel: pci 0000:80:07.1:   bridge window [mem 0xac200000-0xac4fffff]
Jul 23 13:13:30 azken kernel: pci 0000:80:07.1:   bridge window [mem 0x80132100000-0x801321fffff 64bit pref]
Jul 23 13:13:30 azken kernel: pci 0000:80:07.1: enabling Extended Tags
Jul 23 13:13:30 azken kernel: pci 0000:80:07.1: PME# supported from D0 D3hot D3cold
Jul 23 13:13:30 azken kernel: pci 0000:81:00.0: [10de:2684] type 00 class 0x030000 PCIe Legacy Endpoint
Jul 23 13:13:30 azken kernel: pci 0000:81:00.0: BAR 0 [mem 0xab000000-0xabffffff]
Jul 23 13:13:30 azken kernel: pci 0000:81:00.0: BAR 1 [mem 0x80120000000-0x8012fffffff 64bit pref]
Jul 23 13:13:30 azken kernel: pci 0000:81:00.0: BAR 3 [mem 0x80130000000-0x80131ffffff 64bit pref]
Jul 23 13:13:30 azken kernel: pci 0000:81:00.0: BAR 5 [io  0x9000-0x907f]
Jul 23 13:13:30 azken kernel: pci 0000:81:00.0: ROM [mem 0xac000000-0xac07ffff pref]
Jul 23 13:13:30 azken kernel: pci 0000:81:00.0: PME# supported from D0 D3hot
Jul 23 13:13:30 azken kernel: pci 0000:81:00.1: [10de:22ba] type 00 class 0x040300 PCIe Endpoint
Jul 23 13:13:30 azken kernel: pci 0000:81:00.1: BAR 0 [mem 0xac080000-0xac083fff]
Jul 23 13:13:30 azken kernel: pci 0000:80:01.1: PCI bridge to [bus 81]
Jul 23 13:13:30 azken kernel: pci 0000:82:00.0: [8086:15ff] type 00 class 0x020000 PCIe Endpoint
Jul 23 13:13:30 azken kernel: pci 0000:82:00.0: BAR 0 [mem 0xa9000000-0xa9ffffff 64bit pref]
Jul 23 13:13:30 azken kernel: pci 0000:82:00.0: BAR 3 [mem 0xaa808000-0xaa80ffff 64bit pref]
Jul 23 13:13:30 azken kernel: pci 0000:82:00.0: ROM [mem 0xac580000-0xac5fffff pref]
Jul 23 13:13:30 azken kernel: pci 0000:82:00.0: PME# supported from D0 D3hot D3cold
Jul 23 13:13:30 azken kernel: pci 0000:82:00.0: VF BAR 0 [mem 0xaa400000-0xaa40ffff 64bit pref]
Jul 23 13:13:30 azken kernel: pci 0000:82:00.0: VF BAR 0 [mem 0xaa400000-0xaa7fffff 64bit pref]: contains BAR 0 for 64 VFs
Jul 23 13:13:30 azken kernel: pci 0000:82:00.0: VF BAR 3 [mem 0xaa910000-0xaa913fff 64bit pref]
Jul 23 13:13:30 azken kernel: pci 0000:82:00.0: VF BAR 3 [mem 0xaa910000-0xaaa0ffff 64bit pref]: contains BAR 3 for 64 VFs
Jul 23 13:13:30 azken kernel: pci 0000:82:00.1: [8086:15ff] type 00 class 0x020000 PCIe Endpoint
Jul 23 13:13:30 azken kernel: pci 0000:82:00.1: BAR 0 [mem 0xa8000000-0xa8ffffff 64bit pref]
Jul 23 13:13:30 azken kernel: pci 0000:82:00.1: BAR 3 [mem 0xaa800000-0xaa807fff 64bit pref]
Jul 23 13:13:30 azken kernel: pci 0000:82:00.1: ROM [mem 0xac500000-0xac57ffff pref]
Jul 23 13:13:30 azken kernel: pci 0000:82:00.1: PME# supported from D0 D3hot D3cold
Jul 23 13:13:30 azken kernel: pci 0000:82:00.1: VF BAR 0 [mem 0xaa000000-0xaa00ffff 64bit pref]
Jul 23 13:13:30 azken kernel: pci 0000:82:00.1: VF BAR 0 [mem 0xaa000000-0xaa3fffff 64bit pref]: contains BAR 0 for 64 VFs
Jul 23 13:13:30 azken kernel: pci 0000:82:00.1: VF BAR 3 [mem 0xaa810000-0xaa813fff 64bit pref]
Jul 23 13:13:30 azken kernel: pci 0000:82:00.1: VF BAR 3 [mem 0xaa810000-0xaa90ffff 64bit pref]: contains BAR 3 for 64 VFs
Jul 23 13:13:30 azken kernel: pci 0000:80:05.1: PCI bridge to [bus 82-83]
Jul 23 13:13:30 azken kernel: pci 0000:84:00.0: [1022:14ac] type 00 class 0x130000 PCIe Endpoint
Jul 23 13:13:30 azken kernel: pci 0000:84:00.0: enabling Extended Tags
Jul 23 13:13:30 azken kernel: pci 0000:84:00.1: [1022:14dc] type 00 class 0x088000 PCIe Endpoint
Jul 23 13:13:30 azken kernel: pci 0000:84:00.1: BAR 0 [mem 0x80132180000-0x801321fffff 64bit pref]
Jul 23 13:13:30 azken kernel: pci 0000:84:00.1: BAR 2 [mem 0x80132100000-0x8013217ffff 64bit pref]
Jul 23 13:13:30 azken kernel: pci 0000:84:00.1: enabling Extended Tags
Jul 23 13:13:30 azken kernel: pci 0000:84:00.4: [1022:14c9] type 00 class 0x0c0330 PCIe Endpoint
Jul 23 13:13:30 azken kernel: pci 0000:84:00.4: BAR 0 [mem 0xac300000-0xac3fffff 64bit]
Jul 23 13:13:30 azken kernel: pci 0000:84:00.4: enabling Extended Tags
Jul 23 13:13:30 azken kernel: pci 0000:84:00.4: PME# supported from D0 D3hot D3cold
Jul 23 13:13:30 azken kernel: pci 0000:84:00.5: [1022:14ca] type 00 class 0x108000 PCIe Endpoint
Jul 23 13:13:30 azken kernel: pci 0000:84:00.5: BAR 2 [mem 0xac200000-0xac2fffff]
Jul 23 13:13:30 azken kernel: pci 0000:84:00.5: BAR 5 [mem 0xac400000-0xac401fff]
Jul 23 13:13:30 azken kernel: pci 0000:84:00.5: enabling Extended Tags
Jul 23 13:13:30 azken kernel: pci 0000:80:07.1: PCI bridge to [bus 84]
Jul 23 13:13:30 azken kernel: pci_bus 0000:80: on NUMA node 1
Jul 23 13:13:30 azken kernel: ACPI: PCI Root Bridge [S1D3] (domain 0000 [bus a0-bf])
Jul 23 13:13:30 azken kernel: acpi PNP0A08:07: _OSC: OS supports [ExtendedConfig ASPM ClockPM Segments MSI EDR HPX-Type3]
Jul 23 13:13:30 azken kernel: acpi PNP0A08:07: _OSC: platform does not support [AER LTR DPC]
Jul 23 13:13:30 azken kernel: acpi PNP0A08:07: _OSC: OS now controls [PCIeHotplug SHPCHotplug PME PCIeCapability]
Jul 23 13:13:30 azken kernel: PCI host bridge to bus 0000:a0
Jul 23 13:13:30 azken kernel: pci_bus 0000:a0: root bus resource [io  0xa000-0xbfff window]
Jul 23 13:13:30 azken kernel: pci_bus 0000:a0: root bus resource [mem 0xa0000000-0xa3ffffff window]
Jul 23 13:13:30 azken kernel: pci_bus 0000:a0: root bus resource [mem 0x80170200000-0x901701fffff window]
Jul 23 13:13:30 azken kernel: pci_bus 0000:a0: root bus resource [bus a0-bf]
Jul 23 13:13:30 azken kernel: pci 0000:a0:00.0: [1022:14a4] type 00 class 0x060000 conventional PCI endpoint
Jul 23 13:13:30 azken kernel: pci 0000:a0:00.2: [1022:149e] type 00 class 0x080600 conventional PCI endpoint
Jul 23 13:13:30 azken kernel: pci 0000:a0:00.3: [1022:14a6] type 00 class 0x080700 PCIe Root Complex Event Collector
Jul 23 13:13:30 azken kernel: pci 0000:a0:00.3: enabling Extended Tags
Jul 23 13:13:30 azken kernel: pci 0000:a0:01.0: [1022:149f] type 00 class 0x060000 conventional PCI endpoint
Jul 23 13:13:30 azken kernel: pci 0000:a0:01.1: [1022:14ab] type 01 class 0x060400 PCIe Root Port
Jul 23 13:13:30 azken kernel: pci 0000:a0:01.1: PCI bridge to [bus a1]
Jul 23 13:13:30 azken kernel: pci 0000:a0:01.1:   bridge window [io  0xb000-0xbfff]
Jul 23 13:13:30 azken kernel: pci 0000:a0:01.1:   bridge window [mem 0xa2000000-0xa30fffff]
Jul 23 13:13:30 azken kernel: pci 0000:a0:01.1:   bridge window [mem 0x90150000000-0x90161ffffff 64bit pref]
Jul 23 13:13:30 azken kernel: pci 0000:a0:01.1: PME# supported from D0 D3hot D3cold
Jul 23 13:13:30 azken kernel: pci 0000:a0:02.0: [1022:149f] type 00 class 0x060000 conventional PCI endpoint
Jul 23 13:13:30 azken kernel: pci 0000:a0:03.0: [1022:149f] type 00 class 0x060000 conventional PCI endpoint
Jul 23 13:13:30 azken kernel: pci 0000:a0:04.0: [1022:149f] type 00 class 0x060000 conventional PCI endpoint
Jul 23 13:13:30 azken kernel: pci 0000:a0:05.0: [1022:149f] type 00 class 0x060000 conventional PCI endpoint
Jul 23 13:13:30 azken kernel: pci 0000:a0:07.0: [1022:149f] type 00 class 0x060000 conventional PCI endpoint
Jul 23 13:13:30 azken kernel: pci 0000:a0:07.1: [1022:14a7] type 01 class 0x060400 PCIe Root Port
Jul 23 13:13:30 azken kernel: pci 0000:a0:07.1: PCI bridge to [bus a2]
Jul 23 13:13:30 azken kernel: pci 0000:a0:07.1:   bridge window [mem 0x90162100000-0x901621fffff 64bit pref]
Jul 23 13:13:30 azken kernel: pci 0000:a0:07.1: enabling Extended Tags
Jul 23 13:13:30 azken kernel: pci 0000:a0:07.1: PME# supported from D0 D3hot D3cold
Jul 23 13:13:30 azken kernel: pci 0000:a1:00.0: [10de:2684] type 00 class 0x030000 PCIe Legacy Endpoint
Jul 23 13:13:30 azken kernel: pci 0000:a1:00.0: BAR 0 [mem 0xa2000000-0xa2ffffff]
Jul 23 13:13:30 azken kernel: pci 0000:a1:00.0: BAR 1 [mem 0x90150000000-0x9015fffffff 64bit pref]
Jul 23 13:13:30 azken kernel: pci 0000:a1:00.0: BAR 3 [mem 0x90160000000-0x90161ffffff 64bit pref]
Jul 23 13:13:30 azken kernel: pci 0000:a1:00.0: BAR 5 [io  0xb000-0xb07f]
Jul 23 13:13:30 azken kernel: pci 0000:a1:00.0: ROM [mem 0xa3000000-0xa307ffff pref]
Jul 23 13:13:30 azken kernel: pci 0000:a1:00.0: PME# supported from D0 D3hot
Jul 23 13:13:30 azken kernel: pci 0000:a1:00.1: [10de:22ba] type 00 class 0x040300 PCIe Endpoint
Jul 23 13:13:30 azken kernel: pci 0000:a1:00.1: BAR 0 [mem 0xa3080000-0xa3083fff]
Jul 23 13:13:30 azken kernel: pci 0000:a0:01.1: PCI bridge to [bus a1]
Jul 23 13:13:30 azken kernel: pci 0000:a2:00.0: [1022:14ac] type 00 class 0x130000 PCIe Endpoint
Jul 23 13:13:30 azken kernel: pci 0000:a2:00.0: enabling Extended Tags
Jul 23 13:13:30 azken kernel: pci 0000:a2:00.1: [1022:14dc] type 00 class 0x088000 PCIe Endpoint
Jul 23 13:13:30 azken kernel: pci 0000:a2:00.1: BAR 0 [mem 0x90162180000-0x901621fffff 64bit pref]
Jul 23 13:13:30 azken kernel: pci 0000:a2:00.1: BAR 2 [mem 0x90162100000-0x9016217ffff 64bit pref]
Jul 23 13:13:30 azken kernel: pci 0000:a2:00.1: enabling Extended Tags
Jul 23 13:13:30 azken kernel: pci 0000:a0:07.1: PCI bridge to [bus a2]
Jul 23 13:13:30 azken kernel: pci_bus 0000:a0: on NUMA node 1
Jul 23 13:13:30 azken kernel: ACPI: PCI: Interrupt link LNKA configured for IRQ 0
Jul 23 13:13:30 azken kernel: ACPI: PCI: Interrupt link LNKB configured for IRQ 0
Jul 23 13:13:30 azken kernel: ACPI: PCI: Interrupt link LNKC configured for IRQ 0
Jul 23 13:13:30 azken kernel: ACPI: PCI: Interrupt link LNKD configured for IRQ 0
Jul 23 13:13:30 azken kernel: ACPI: PCI: Interrupt link LNKE configured for IRQ 0
Jul 23 13:13:30 azken kernel: ACPI: PCI: Interrupt link LNKF configured for IRQ 0
Jul 23 13:13:30 azken kernel: ACPI: PCI: Interrupt link LNKG configured for IRQ 0
Jul 23 13:13:30 azken kernel: ACPI: PCI: Interrupt link LNKH configured for IRQ 0
Jul 23 13:13:30 azken kernel: acpi/hmat: Memory Flags:0001 Processor Domain:0 Memory Domain:0
Jul 23 13:13:30 azken kernel: acpi/hmat: Memory Flags:0001 Processor Domain:1 Memory Domain:1
Jul 23 13:13:30 azken kernel: acpi/hmat: Locality: Flags:00 Type:Access Latency Initiator Domains:2 Target Domains:2 Base:1000
Jul 23 13:13:30 azken kernel: acpi/hmat:   Initiator-Target[0-0]:110 nsec
Jul 23 13:13:30 azken kernel: acpi/hmat:   Initiator-Target[0-1]:225 nsec
Jul 23 13:13:30 azken kernel: acpi/hmat:   Initiator-Target[1-0]:225 nsec
Jul 23 13:13:30 azken kernel: acpi/hmat:   Initiator-Target[1-1]:110 nsec
