Jul 23 10:08:25 azken kernel: Linux version 6.11.0-17-generic (buildd@lcy02-amd64-038) (x86_64-linux-gnu-gcc-13 (Ubuntu 13.3.0-6ubuntu2~24.04) 13.3.0, GNU ld (GNU Binutils for Ubuntu) 2.42) #17~24.04.2-Ubuntu SMP PREEMPT_DYNAMIC Mon Jan 20 22:48:29 UTC 2 (Ubuntu 6.11.0-17.17~24.04.2-generic 6.11.11)
Jul 23 10:08:25 azken kernel: Command line: BOOT_IMAGE=/casper/vmlinuz boot=casper --- quiet splash
Jul 23 10:08:25 azken kernel: KERNEL supported cpus:
Jul 23 10:08:25 azken kernel:   Intel GenuineIntel
Jul 23 10:08:25 azken kernel:   AMD AuthenticAMD
Jul 23 10:08:25 azken kernel:   Hygon HygonGenuine
Jul 23 10:08:25 azken kernel:   Centaur CentaurHauls
Jul 23 10:08:25 azken kernel:   zhaoxin   Shanghai  
Jul 23 10:08:25 azken kernel: BIOS-provided physical RAM map:
Jul 23 10:08:25 azken kernel: BIOS-e820: [mem 0x0000000000000000-0x000000000009ffff] usable
Jul 23 10:08:25 azken kernel: BIOS-e820: [mem 0x00000000000a0000-0x00000000000fffff] reserved
Jul 23 10:08:25 azken kernel: BIOS-e820: [mem 0x0000000000100000-0x0000000009afefff] usable
Jul 23 10:08:25 azken kernel: BIOS-e820: [mem 0x0000000009aff000-0x0000000009ffffff] reserved
Jul 23 10:08:25 azken kernel: BIOS-e820: [mem 0x000000000a000000-0x000000000a1fffff] usable
Jul 23 10:08:25 azken kernel: BIOS-e820: [mem 0x000000000a200000-0x000000000a20ffff] ACPI NVS
Jul 23 10:08:25 azken kernel: BIOS-e820: [mem 0x000000000a210000-0x000000000affffff] usable
Jul 23 10:08:25 azken kernel: BIOS-e820: [mem 0x000000000b000000-0x000000000b020fff] reserved
Jul 23 10:08:25 azken kernel: BIOS-e820: [mem 0x000000000b021000-0x0000000069aa0fff] usable
Jul 23 10:08:25 azken kernel: BIOS-e820: [mem 0x0000000069aa1000-0x00000000702edfff] reserved
Jul 23 10:08:25 azken kernel: BIOS-e820: [mem 0x00000000702ee000-0x00000000704e3fff] ACPI data
Jul 23 10:08:25 azken kernel: BIOS-e820: [mem 0x00000000704e4000-0x00000000724e3fff] ACPI NVS
Jul 23 10:08:25 azken kernel: BIOS-e820: [mem 0x00000000724e4000-0x00000000787fefff] reserved
Jul 23 10:08:25 azken kernel: BIOS-e820: [mem 0x00000000787ff000-0x0000000079ff8fff] usable
Jul 23 10:08:25 azken kernel: BIOS-e820: [mem 0x0000000079ff9000-0x0000000079ffbfff] reserved
Jul 23 10:08:25 azken kernel: BIOS-e820: [mem 0x0000000079ffc000-0x0000000079ffffff] usable
Jul 23 10:08:25 azken kernel: BIOS-e820: [mem 0x000000007a000000-0x000000007bffffff] reserved
Jul 23 10:08:25 azken kernel: BIOS-e820: [mem 0x000000007d7f3000-0x000000007fffffff] reserved
Jul 23 10:08:25 azken kernel: BIOS-e820: [mem 0x00000000e0000000-0x00000000efffffff] reserved
Jul 23 10:08:25 azken kernel: BIOS-e820: [mem 0x00000000f7000000-0x00000000ffffffff] reserved
Jul 23 10:08:25 azken kernel: BIOS-e820: [mem 0x0000000100000000-0x000000105de7ffff] usable
Jul 23 10:08:25 azken kernel: BIOS-e820: [mem 0x000000105eec0000-0x00000010a01fffff] reserved
Jul 23 10:08:25 azken kernel: BIOS-e820: [mem 0x000000fd00000000-0x000000ffffffffff] reserved
Jul 23 10:08:25 azken kernel: NX (Execute Disable) protection: active
Jul 23 10:08:25 azken kernel: APIC: Static calls initialized
Jul 23 10:08:25 azken kernel: e820: update [mem 0x2e64f018-0x2e673a57] usable ==> usable
Jul 23 10:08:25 azken kernel: e820: update [mem 0x2e63f018-0x2e64e057] usable ==> usable
Jul 23 10:08:25 azken kernel: e820: update [mem 0x2e62c018-0x2e63e057] usable ==> usable
Jul 23 10:08:25 azken kernel: e820: update [mem 0x2e621018-0x2e62be57] usable ==> usable
Jul 23 10:08:25 azken kernel: extended physical RAM map:
Jul 23 10:08:25 azken kernel: reserve setup_data: [mem 0x0000000000000000-0x000000000009ffff] usable
Jul 23 10:08:25 azken kernel: reserve setup_data: [mem 0x00000000000a0000-0x00000000000fffff] reserved
Jul 23 10:08:25 azken kernel: reserve setup_data: [mem 0x0000000000100000-0x0000000009afefff] usable
Jul 23 10:08:25 azken kernel: reserve setup_data: [mem 0x0000000009aff000-0x0000000009ffffff] reserved
Jul 23 10:08:25 azken kernel: reserve setup_data: [mem 0x000000000a000000-0x000000000a1fffff] usable
Jul 23 10:08:25 azken kernel: reserve setup_data: [mem 0x000000000a200000-0x000000000a20ffff] ACPI NVS
Jul 23 10:08:25 azken kernel: reserve setup_data: [mem 0x000000000a210000-0x000000000affffff] usable
Jul 23 10:08:25 azken kernel: reserve setup_data: [mem 0x000000000b000000-0x000000000b020fff] reserved
Jul 23 10:08:25 azken kernel: reserve setup_data: [mem 0x000000000b021000-0x000000002e621017] usable
Jul 23 10:08:25 azken kernel: reserve setup_data: [mem 0x000000002e621018-0x000000002e62be57] usable
Jul 23 10:08:25 azken kernel: reserve setup_data: [mem 0x000000002e62be58-0x000000002e62c017] usable
Jul 23 10:08:25 azken kernel: reserve setup_data: [mem 0x000000002e62c018-0x000000002e63e057] usable
Jul 23 10:08:25 azken kernel: reserve setup_data: [mem 0x000000002e63e058-0x000000002e63f017] usable
Jul 23 10:08:25 azken kernel: reserve setup_data: [mem 0x000000002e63f018-0x000000002e64e057] usable
Jul 23 10:08:25 azken kernel: reserve setup_data: [mem 0x000000002e64e058-0x000000002e64f017] usable
Jul 23 10:08:25 azken kernel: reserve setup_data: [mem 0x000000002e64f018-0x000000002e673a57] usable
Jul 23 10:08:25 azken kernel: reserve setup_data: [mem 0x000000002e673a58-0x0000000069aa0fff] usable
Jul 23 10:08:25 azken kernel: reserve setup_data: [mem 0x0000000069aa1000-0x00000000702edfff] reserved
Jul 23 10:08:25 azken kernel: reserve setup_data: [mem 0x00000000702ee000-0x00000000704e3fff] ACPI data
Jul 23 10:08:25 azken kernel: reserve setup_data: [mem 0x00000000704e4000-0x00000000724e3fff] ACPI NVS
Jul 23 10:08:25 azken kernel: reserve setup_data: [mem 0x00000000724e4000-0x00000000787fefff] reserved
Jul 23 10:08:25 azken kernel: reserve setup_data: [mem 0x00000000787ff000-0x0000000079ff8fff] usable
Jul 23 10:08:25 azken kernel: reserve setup_data: [mem 0x0000000079ff9000-0x0000000079ffbfff] reserved
Jul 23 10:08:25 azken kernel: reserve setup_data: [mem 0x0000000079ffc000-0x0000000079ffffff] usable
Jul 23 10:08:25 azken kernel: reserve setup_data: [mem 0x000000007a000000-0x000000007bffffff] reserved
Jul 23 10:08:25 azken kernel: reserve setup_data: [mem 0x000000007d7f3000-0x000000007fffffff] reserved
Jul 23 10:08:25 azken kernel: reserve setup_data: [mem 0x00000000e0000000-0x00000000efffffff] reserved
Jul 23 10:08:25 azken kernel: reserve setup_data: [mem 0x00000000f7000000-0x00000000ffffffff] reserved
Jul 23 10:08:25 azken kernel: reserve setup_data: [mem 0x0000000100000000-0x000000105de7ffff] usable
Jul 23 10:08:25 azken kernel: reserve setup_data: [mem 0x000000105eec0000-0x00000010a01fffff] reserved
Jul 23 10:08:25 azken kernel: reserve setup_data: [mem 0x000000fd00000000-0x000000ffffffffff] reserved
Jul 23 10:08:25 azken kernel: efi: EFI v2.9 by American Megatrends
Jul 23 10:08:25 azken kernel: efi: ACPI=0x704e3000 ACPI 2.0=0x704e3014 TPMFinalLog=0x7249a000 SMBIOS=0x77ca5000 SMBIOS 3.0=0x77ca4000 MEMATTR=0x62e07018 ESRT=0x64a03618 MOKvar=0x77cef000 INITRD=0x54efdf18 RNG=0x704c9018 TPMEventLog=0x70349018 
Jul 23 10:08:25 azken kernel: random: crng init done
Jul 23 10:08:25 azken kernel: efi: Remove mem68: MMIO range=[0xe0000000-0xefffffff] (256MB) from e820 map
Jul 23 10:08:25 azken kernel: e820: remove [mem 0xe0000000-0xefffffff] reserved
Jul 23 10:08:25 azken kernel: efi: Remove mem69: MMIO range=[0xf7000000-0xfedfffff] (126MB) from e820 map
Jul 23 10:08:25 azken kernel: e820: remove [mem 0xf7000000-0xfedfffff] reserved
Jul 23 10:08:25 azken kernel: efi: Not removing mem70: MMIO range=[0xfee00000-0xfee00fff] (4KB) from e820 map
Jul 23 10:08:25 azken kernel: efi: Remove mem71: MMIO range=[0xfee01000-0xffffffff] (17MB) from e820 map
Jul 23 10:08:25 azken kernel: e820: remove [mem 0xfee01000-0xffffffff] reserved
Jul 23 10:08:25 azken kernel: efi: Remove mem73: MMIO range=[0x1080000000-0x10a01fffff] (514MB) from e820 map
Jul 23 10:08:25 azken kernel: e820: remove [mem 0x1080000000-0x10a01fffff] reserved
Jul 23 10:08:25 azken kernel: SMBIOS 3.6.0 present.
Jul 23 10:08:25 azken kernel: DMI: ASUS System Product Name/ProArt X670E-CREATOR WIFI, BIOS 2403 09/24/2024
Jul 23 10:08:25 azken kernel: DMI: Memory slots populated: 2/4
Jul 23 10:08:25 azken kernel: secureboot: Secure boot disabled
Jul 23 10:08:25 azken kernel: tsc: Fast TSC calibration using PIT
Jul 23 10:08:25 azken kernel: tsc: Detected 4499.992 MHz processor
Jul 23 10:08:25 azken kernel: e820: update [mem 0x00000000-0x00000fff] usable ==> reserved
Jul 23 10:08:25 azken kernel: e820: remove [mem 0x000a0000-0x000fffff] usable
Jul 23 10:08:25 azken kernel: last_pfn = 0x105de80 max_arch_pfn = 0x400000000
Jul 23 10:08:25 azken kernel: MTRR map: 5 entries (3 fixed + 2 variable; max 20), built from 9 variable MTRRs
Jul 23 10:08:25 azken kernel: x86/PAT: Configuration [0-7]: WB  WC  UC- UC  WB  WP  UC- WT  
Jul 23 10:08:25 azken kernel: e820: update [mem 0x80000000-0xffffffff] usable ==> reserved
Jul 23 10:08:25 azken kernel: last_pfn = 0x7a000 max_arch_pfn = 0x400000000
Jul 23 10:08:25 azken kernel: esrt: Reserving ESRT space from 0x0000000064a03618 to 0x0000000064a03650.
Jul 23 10:08:25 azken kernel: e820: update [mem 0x64a03000-0x64a03fff] usable ==> reserved
Jul 23 10:08:25 azken kernel: Using GB pages for direct mapping
Jul 23 10:08:25 azken kernel: secureboot: Secure boot disabled
Jul 23 10:08:25 azken kernel: RAMDISK: [mem 0x2e674000-0x334effff]
Jul 23 10:08:25 azken kernel: ACPI: Early table checksum verification disabled
Jul 23 10:08:25 azken kernel: ACPI: RSDP 0x00000000704E3014 000024 (v02 ALASKA)
Jul 23 10:08:25 azken kernel: ACPI: XSDT 0x00000000704E2728 0000FC (v01 ALASKA A M I    01072009 AMI  01000013)
Jul 23 10:08:25 azken kernel: ACPI: FACP 0x00000000704D7000 000114 (v06 ALASKA A M I    01072009 AMI  00010013)
Jul 23 10:08:25 azken kernel: ACPI: DSDT 0x00000000704B1000 013AA5 (v182 ALASKA A M I    01072009 INTL 20230331)
Jul 23 10:08:25 azken kernel: ACPI: FACS 0x00000000724CA000 000040
Jul 23 10:08:25 azken kernel: ACPI: SSDT 0x00000000704D9000 00816C (v02 AMD    Splinter 00000002 MSFT 05000000)
Jul 23 10:08:25 azken kernel: ACPI: SSDT 0x00000000704D8000 0003F1 (v02 ALASKA CPUSSDT  01072009 AMI  01072009)
Jul 23 10:08:25 azken kernel: ACPI: FIDT 0x00000000704CA000 00009C (v01 ALASKA A M I    01072009 AMI  00010013)
Jul 23 10:08:25 azken kernel: ACPI: MCFG 0x00000000704C8000 00003C (v01 ALASKA A M I    01072009 MSFT 00010013)
Jul 23 10:08:25 azken kernel: ACPI: HPET 0x00000000704C7000 000038 (v01 ALASKA A M I    01072009 AMI  00000005)
Jul 23 10:08:25 azken kernel: ACPI: WDRT 0x00000000704C6000 000047 (v01 ALASKA A M I    01072009 AMI  00000005)
Jul 23 10:08:25 azken kernel: ACPI: FPDT 0x00000000704C5000 000044 (v01 ALASKA A M I    01072009 AMI  01000013)
Jul 23 10:08:25 azken kernel: ACPI: VFCT 0x00000000704CC000 00AE84 (v01 ALASKA A M I    00000001 AMD  33504F47)
Jul 23 10:08:25 azken kernel: ACPI: WPBT 0x000000007037B000 000040 (v01 ALASKA A M I    00000001 ASUS 00000001)
Jul 23 10:08:25 azken kernel: ACPI: SSDT 0x0000000070371000 009BAE (v02 AMD    AMD CPU  00000001 AMD  00000001)
Jul 23 10:08:25 azken kernel: ACPI: BGRT 0x00000000704CB000 000038 (v01 ALASKA A M I    01072009 AMI  00010013)
Jul 23 10:08:25 azken kernel: ACPI: SSDT 0x000000007036F000 001616 (v02 AMD    CPMTBASL 00000001 INTL 20230331)
Jul 23 10:08:25 azken kernel: ACPI: SSDT 0x000000007036D000 00169E (v02 AMD    CPMDFIG2 00000001 INTL 20230331)
Jul 23 10:08:25 azken kernel: ACPI: SSDT 0x000000007036A000 002AA6 (v02 AMD    CDFAAIG2 00000001 INTL 20230331)
Jul 23 10:08:25 azken kernel: ACPI: SSDT 0x0000000070369000 00078F (v02 AMD    CPMDFDG1 00000001 INTL 20230331)
Jul 23 10:08:25 azken kernel: ACPI: SSDT 0x000000007035E000 00A62A (v02 AMD    CPMCMN   00000001 INTL 20230331)
Jul 23 10:08:25 azken kernel: ACPI: SSDT 0x000000007035B000 00256B (v02 AMD    AOD      00000001 INTL 20230331)
Jul 23 10:08:25 azken kernel: ACPI: TPM2 0x000000007035A000 00004C (v04 ALASKA A M I    00000001 AMI  00000000)
Jul 23 10:08:25 azken kernel: ACPI: WSMT 0x0000000070359000 000028 (v01 ALASKA A M I    01072009 AMI  00010013)
Jul 23 10:08:25 azken kernel: ACPI: APIC 0x0000000070358000 00015E (v06 ALASKA A M I    01072009 AMI  00010013)
Jul 23 10:08:25 azken kernel: ACPI: IVRS 0x0000000070357000 0000C8 (v02 AMD    AmdTable 00000001 AMD  00000001)
Jul 23 10:08:25 azken kernel: ACPI: SSDT 0x0000000070356000 000500 (v02 AMD    MEMTOOL0 00000002 INTL 20230331)
Jul 23 10:08:25 azken kernel: ACPI: SSDT 0x0000000070355000 0009E6 (v02 AMD    CPMMSOSC 00000001 INTL 20230331)
Jul 23 10:08:25 azken kernel: ACPI: SSDT 0x0000000070354000 00047C (v02 AMD    AMDWOV   00000001 INTL 20230331)
Jul 23 10:08:25 azken kernel: ACPI: SSDT 0x0000000070353000 00044E (v02 AMD    AmdTable 00000001 INTL 20230331)
Jul 23 10:08:25 azken kernel: ACPI: SSDT 0x0000000070352000 000771 (v02 AMD    AmdTable 00000001 INTL 20230331)
Jul 23 10:08:25 azken kernel: ACPI: Reserving FACP table memory at [mem 0x704d7000-0x704d7113]
Jul 23 10:08:25 azken kernel: ACPI: Reserving DSDT table memory at [mem 0x704b1000-0x704c4aa4]
Jul 23 10:08:25 azken kernel: ACPI: Reserving FACS table memory at [mem 0x724ca000-0x724ca03f]
Jul 23 10:08:25 azken kernel: ACPI: Reserving SSDT table memory at [mem 0x704d9000-0x704e116b]
Jul 23 10:08:25 azken kernel: ACPI: Reserving SSDT table memory at [mem 0x704d8000-0x704d83f0]
Jul 23 10:08:25 azken kernel: ACPI: Reserving FIDT table memory at [mem 0x704ca000-0x704ca09b]
Jul 23 10:08:25 azken kernel: ACPI: Reserving MCFG table memory at [mem 0x704c8000-0x704c803b]
Jul 23 10:08:25 azken kernel: ACPI: Reserving HPET table memory at [mem 0x704c7000-0x704c7037]
Jul 23 10:08:25 azken kernel: ACPI: Reserving WDRT table memory at [mem 0x704c6000-0x704c6046]
Jul 23 10:08:25 azken kernel: ACPI: Reserving FPDT table memory at [mem 0x704c5000-0x704c5043]
Jul 23 10:08:25 azken kernel: ACPI: Reserving VFCT table memory at [mem 0x704cc000-0x704d6e83]
Jul 23 10:08:25 azken kernel: ACPI: Reserving WPBT table memory at [mem 0x7037b000-0x7037b03f]
Jul 23 10:08:25 azken kernel: ACPI: Reserving SSDT table memory at [mem 0x70371000-0x7037abad]
Jul 23 10:08:25 azken kernel: ACPI: Reserving BGRT table memory at [mem 0x704cb000-0x704cb037]
Jul 23 10:08:25 azken kernel: ACPI: Reserving SSDT table memory at [mem 0x7036f000-0x70370615]
Jul 23 10:08:25 azken kernel: ACPI: Reserving SSDT table memory at [mem 0x7036d000-0x7036e69d]
Jul 23 10:08:25 azken kernel: ACPI: Reserving SSDT table memory at [mem 0x7036a000-0x7036caa5]
Jul 23 10:08:25 azken kernel: ACPI: Reserving SSDT table memory at [mem 0x70369000-0x7036978e]
Jul 23 10:08:25 azken kernel: ACPI: Reserving SSDT table memory at [mem 0x7035e000-0x70368629]
Jul 23 10:08:25 azken kernel: ACPI: Reserving SSDT table memory at [mem 0x7035b000-0x7035d56a]
Jul 23 10:08:25 azken kernel: ACPI: Reserving TPM2 table memory at [mem 0x7035a000-0x7035a04b]
Jul 23 10:08:25 azken kernel: ACPI: Reserving WSMT table memory at [mem 0x70359000-0x70359027]
Jul 23 10:08:25 azken kernel: ACPI: Reserving APIC table memory at [mem 0x70358000-0x7035815d]
Jul 23 10:08:25 azken kernel: ACPI: Reserving IVRS table memory at [mem 0x70357000-0x703570c7]
Jul 23 10:08:25 azken kernel: ACPI: Reserving SSDT table memory at [mem 0x70356000-0x703564ff]
Jul 23 10:08:25 azken kernel: ACPI: Reserving SSDT table memory at [mem 0x70355000-0x703559e5]
Jul 23 10:08:25 azken kernel: ACPI: Reserving SSDT table memory at [mem 0x70354000-0x7035447b]
Jul 23 10:08:25 azken kernel: ACPI: Reserving SSDT table memory at [mem 0x70353000-0x7035344d]
Jul 23 10:08:25 azken kernel: ACPI: Reserving SSDT table memory at [mem 0x70352000-0x70352770]
Jul 23 10:08:25 azken kernel: No NUMA configuration found
Jul 23 10:08:25 azken kernel: Faking a node at [mem 0x0000000000000000-0x000000105de7ffff]
Jul 23 10:08:25 azken kernel: NODE_DATA(0) allocated [mem 0x105de55000-0x105de7ffff]
Jul 23 10:08:25 azken kernel: Zone ranges:
Jul 23 10:08:25 azken kernel:   DMA      [mem 0x0000000000001000-0x0000000000ffffff]
Jul 23 10:08:25 azken kernel:   DMA32    [mem 0x0000000001000000-0x00000000ffffffff]
Jul 23 10:08:25 azken kernel:   Normal   [mem 0x0000000100000000-0x000000105de7ffff]
Jul 23 10:08:25 azken kernel:   Device   empty
Jul 23 10:08:25 azken kernel: Movable zone start for each node
Jul 23 10:08:25 azken kernel: Early memory node ranges
Jul 23 10:08:25 azken kernel:   node   0: [mem 0x0000000000001000-0x000000000009ffff]
Jul 23 10:08:25 azken kernel:   node   0: [mem 0x0000000000100000-0x0000000009afefff]
Jul 23 10:08:25 azken kernel:   node   0: [mem 0x000000000a000000-0x000000000a1fffff]
Jul 23 10:08:25 azken kernel:   node   0: [mem 0x000000000a210000-0x000000000affffff]
Jul 23 10:08:25 azken kernel:   node   0: [mem 0x000000000b021000-0x0000000069aa0fff]
Jul 23 10:08:25 azken kernel:   node   0: [mem 0x00000000787ff000-0x0000000079ff8fff]
Jul 23 10:08:25 azken kernel:   node   0: [mem 0x0000000079ffc000-0x0000000079ffffff]
Jul 23 10:08:25 azken kernel:   node   0: [mem 0x0000000100000000-0x000000105de7ffff]
Jul 23 10:08:25 azken kernel: Initmem setup node 0 [mem 0x0000000000001000-0x000000105de7ffff]
Jul 23 10:08:25 azken kernel: On node 0, zone DMA: 1 pages in unavailable ranges
Jul 23 10:08:25 azken kernel: On node 0, zone DMA: 96 pages in unavailable ranges
Jul 23 10:08:25 azken kernel: On node 0, zone DMA32: 1281 pages in unavailable ranges
Jul 23 10:08:25 azken kernel: On node 0, zone DMA32: 16 pages in unavailable ranges
Jul 23 10:08:25 azken kernel: On node 0, zone DMA32: 33 pages in unavailable ranges
Jul 23 10:08:25 azken kernel: On node 0, zone DMA32: 27998 pages in unavailable ranges
Jul 23 10:08:25 azken kernel: On node 0, zone DMA32: 3 pages in unavailable ranges
Jul 23 10:08:25 azken kernel: On node 0, zone Normal: 24576 pages in unavailable ranges
Jul 23 10:08:25 azken kernel: On node 0, zone Normal: 8576 pages in unavailable ranges
Jul 23 10:08:25 azken kernel: ACPI: PM-Timer IO Port: 0x808
Jul 23 10:08:25 azken kernel: ACPI: LAPIC_NMI (acpi_id[0xff] high edge lint[0x1])
Jul 23 10:08:25 azken kernel: IOAPIC[0]: apic_id 32, version 33, address 0xfec00000, GSI 0-23
Jul 23 10:08:25 azken kernel: IOAPIC[1]: apic_id 33, version 33, address 0xfec01000, GSI 24-55
Jul 23 10:08:25 azken kernel: ACPI: INT_SRC_OVR (bus 0 bus_irq 0 global_irq 2 dfl dfl)
Jul 23 10:08:25 azken kernel: ACPI: INT_SRC_OVR (bus 0 bus_irq 9 global_irq 9 low level)
Jul 23 10:08:25 azken kernel: ACPI: Using ACPI (MADT) for SMP configuration information
Jul 23 10:08:25 azken kernel: ACPI: HPET id: 0x10228201 base: 0xfed00000
Jul 23 10:08:25 azken kernel: e820: update [mem 0x6128e000-0x6165afff] usable ==> reserved
Jul 23 10:08:25 azken kernel: CPU topo: Max. logical packages:   1
Jul 23 10:08:25 azken kernel: CPU topo: Max. logical dies:       2
Jul 23 10:08:25 azken kernel: CPU topo: Max. dies per package:   2
Jul 23 10:08:25 azken kernel: CPU topo: Max. threads per core:   2
Jul 23 10:08:25 azken kernel: CPU topo: Num. cores per package:    16
Jul 23 10:08:25 azken kernel: CPU topo: Num. threads per package:  32
Jul 23 10:08:25 azken kernel: CPU topo: Allowing 32 present CPUs plus 0 hotplug CPUs
Jul 23 10:08:25 azken kernel: PM: hibernation: Registered nosave memory: [mem 0x00000000-0x00000fff]
Jul 23 10:08:25 azken kernel: PM: hibernation: Registered nosave memory: [mem 0x000a0000-0x000fffff]
Jul 23 10:08:25 azken kernel: PM: hibernation: Registered nosave memory: [mem 0x09aff000-0x09ffffff]
Jul 23 10:08:25 azken kernel: PM: hibernation: Registered nosave memory: [mem 0x0a200000-0x0a20ffff]
Jul 23 10:08:25 azken kernel: PM: hibernation: Registered nosave memory: [mem 0x0b000000-0x0b020fff]
Jul 23 10:08:25 azken kernel: PM: hibernation: Registered nosave memory: [mem 0x2e621000-0x2e621fff]
Jul 23 10:08:25 azken kernel: PM: hibernation: Registered nosave memory: [mem 0x2e62b000-0x2e62bfff]
Jul 23 10:08:25 azken kernel: PM: hibernation: Registered nosave memory: [mem 0x2e62c000-0x2e62cfff]
Jul 23 10:08:25 azken kernel: PM: hibernation: Registered nosave memory: [mem 0x2e63e000-0x2e63efff]
Jul 23 10:08:25 azken kernel: PM: hibernation: Registered nosave memory: [mem 0x2e63f000-0x2e63ffff]
Jul 23 10:08:25 azken kernel: PM: hibernation: Registered nosave memory: [mem 0x2e64e000-0x2e64efff]
Jul 23 10:08:25 azken kernel: PM: hibernation: Registered nosave memory: [mem 0x2e64f000-0x2e64ffff]
Jul 23 10:08:25 azken kernel: PM: hibernation: Registered nosave memory: [mem 0x2e673000-0x2e673fff]
Jul 23 10:08:25 azken kernel: PM: hibernation: Registered nosave memory: [mem 0x6128e000-0x6165afff]
Jul 23 10:08:25 azken kernel: PM: hibernation: Registered nosave memory: [mem 0x64a03000-0x64a03fff]
Jul 23 10:08:25 azken kernel: PM: hibernation: Registered nosave memory: [mem 0x69aa1000-0x702edfff]
Jul 23 10:08:25 azken kernel: PM: hibernation: Registered nosave memory: [mem 0x702ee000-0x704e3fff]
Jul 23 10:08:25 azken kernel: PM: hibernation: Registered nosave memory: [mem 0x704e4000-0x724e3fff]
Jul 23 10:08:25 azken kernel: PM: hibernation: Registered nosave memory: [mem 0x724e4000-0x787fefff]
Jul 23 10:08:25 azken kernel: PM: hibernation: Registered nosave memory: [mem 0x79ff9000-0x79ffbfff]
Jul 23 10:08:25 azken kernel: PM: hibernation: Registered nosave memory: [mem 0x7a000000-0x7bffffff]
Jul 23 10:08:25 azken kernel: PM: hibernation: Registered nosave memory: [mem 0x7c000000-0x7d7f2fff]
Jul 23 10:08:25 azken kernel: PM: hibernation: Registered nosave memory: [mem 0x7d7f3000-0x7fffffff]
Jul 23 10:08:25 azken kernel: PM: hibernation: Registered nosave memory: [mem 0x80000000-0xfedfffff]
Jul 23 10:08:25 azken kernel: PM: hibernation: Registered nosave memory: [mem 0xfee00000-0xfee00fff]
Jul 23 10:08:25 azken kernel: PM: hibernation: Registered nosave memory: [mem 0xfee01000-0xffffffff]
Jul 23 10:08:25 azken kernel: [mem 0x80000000-0xfedfffff] available for PCI devices
Jul 23 10:08:25 azken kernel: Booting paravirtualized kernel on bare hardware
Jul 23 10:08:25 azken kernel: clocksource: refined-jiffies: mask: 0xffffffff max_cycles: 0xffffffff, max_idle_ns: 1910969940391419 ns
Jul 23 10:08:25 azken kernel: setup_percpu: NR_CPUS:8192 nr_cpumask_bits:32 nr_cpu_ids:32 nr_node_ids:1
Jul 23 10:08:25 azken kernel: percpu: Embedded 88 pages/cpu s237568 r8192 d114688 u524288
Jul 23 10:08:25 azken kernel: pcpu-alloc: s237568 r8192 d114688 u524288 alloc=1*2097152
Jul 23 10:08:25 azken kernel: pcpu-alloc: [0] 00 01 02 03 [0] 04 05 06 07 
Jul 23 10:08:25 azken kernel: pcpu-alloc: [0] 08 09 10 11 [0] 12 13 14 15 
Jul 23 10:08:25 azken kernel: pcpu-alloc: [0] 16 17 18 19 [0] 20 21 22 23 
Jul 23 10:08:25 azken kernel: pcpu-alloc: [0] 24 25 26 27 [0] 28 29 30 31 
Jul 23 10:08:25 azken kernel: Kernel command line: BOOT_IMAGE=/casper/vmlinuz boot=casper --- quiet splash
Jul 23 10:08:25 azken kernel: Unknown kernel command line parameters "--- splash BOOT_IMAGE=/casper/vmlinuz boot=casper", will be passed to user space.
Jul 23 10:08:25 azken kernel: Dentry cache hash table entries: 8388608 (order: 14, 67108864 bytes, linear)
Jul 23 10:08:25 azken kernel: Inode-cache hash table entries: 4194304 (order: 13, 33554432 bytes, linear)
Jul 23 10:08:25 azken kernel: Fallback order for Node 0: 0 
Jul 23 10:08:25 azken kernel: Built 1 zonelists, mobility grouping on.  Total pages: 16550796
Jul 23 10:08:25 azken kernel: Policy zone: Normal
Jul 23 10:08:25 azken kernel: mem auto-init: stack:all(zero), heap alloc:on, heap free:off
Jul 23 10:08:25 azken kernel: software IO TLB: area num 32.
Jul 23 10:08:25 azken kernel: SLUB: HWalign=64, Order=0-3, MinObjects=0, CPUs=32, Nodes=1
Jul 23 10:08:25 azken kernel: ftrace: allocating 59199 entries in 232 pages
Jul 23 10:08:25 azken kernel: ftrace: allocated 232 pages with 4 groups
Jul 23 10:08:25 azken kernel: Dynamic Preempt: voluntary
Jul 23 10:08:25 azken kernel: rcu: Preemptible hierarchical RCU implementation.
Jul 23 10:08:25 azken kernel: rcu:         RCU restricting CPUs from NR_CPUS=8192 to nr_cpu_ids=32.
Jul 23 10:08:25 azken kernel:         Trampoline variant of Tasks RCU enabled.
Jul 23 10:08:25 azken kernel:         Rude variant of Tasks RCU enabled.
Jul 23 10:08:25 azken kernel:         Tracing variant of Tasks RCU enabled.
Jul 23 10:08:25 azken kernel: rcu: RCU calculated value of scheduler-enlistment delay is 100 jiffies.
Jul 23 10:08:25 azken kernel: rcu: Adjusting geometry for rcu_fanout_leaf=16, nr_cpu_ids=32
Jul 23 10:08:25 azken kernel: RCU Tasks: Setting shift to 5 and lim to 1 rcu_task_cb_adjust=1 rcu_task_cpu_ids=32.
Jul 23 10:08:25 azken kernel: RCU Tasks Rude: Setting shift to 5 and lim to 1 rcu_task_cb_adjust=1 rcu_task_cpu_ids=32.
Jul 23 10:08:25 azken kernel: RCU Tasks Trace: Setting shift to 5 and lim to 1 rcu_task_cb_adjust=1 rcu_task_cpu_ids=32.
Jul 23 10:08:25 azken kernel: NR_IRQS: 524544, nr_irqs: 1224, preallocated irqs: 16
Jul 23 10:08:25 azken kernel: rcu: srcu_init: Setting srcu_struct sizes based on contention.
Jul 23 10:08:25 azken kernel: Console: colour dummy device 80x25
Jul 23 10:08:25 azken kernel: printk: legacy console [tty0] enabled
Jul 23 10:08:25 azken kernel: ACPI: Core revision 20240322
Jul 23 10:08:25 azken kernel: clocksource: hpet: mask: 0xffffffff max_cycles: 0xffffffff, max_idle_ns: 133484873504 ns
Jul 23 10:08:25 azken kernel: APIC: Switch to symmetric I/O mode setup
Jul 23 10:08:25 azken kernel: AMD-Vi: Using global IVHD EFR:0x246577efa2254afa, EFR2:0x0
Jul 23 10:08:25 azken kernel: ..TIMER: vector=0x30 apic1=0 pin1=2 apic2=-1 pin2=-1
Jul 23 10:08:25 azken kernel: clocksource: tsc-early: mask: 0xffffffffffffffff max_cycles: 0x40dd6089de0, max_idle_ns: 440795314624 ns
Jul 23 10:08:25 azken kernel: Calibrating delay loop (skipped), value calculated using timer frequency.. 8999.98 BogoMIPS (lpj=4499992)
Jul 23 10:08:25 azken kernel: x86/cpu: User Mode Instruction Prevention (UMIP) activated
Jul 23 10:08:25 azken kernel: LVT offset 1 assigned for vector 0xf9
Jul 23 10:08:25 azken kernel: LVT offset 2 assigned for vector 0xf4
Jul 23 10:08:25 azken kernel: Last level iTLB entries: 4KB 512, 2MB 512, 4MB 256
Jul 23 10:08:25 azken kernel: Last level dTLB entries: 4KB 3072, 2MB 3072, 4MB 1536, 1GB 0
Jul 23 10:08:25 azken kernel: process: using mwait in idle threads
Jul 23 10:08:25 azken kernel: Spectre V1 : Mitigation: usercopy/swapgs barriers and __user pointer sanitization
Jul 23 10:08:25 azken kernel: Spectre V2 : Mitigation: Enhanced / Automatic IBRS
Jul 23 10:08:25 azken kernel: Spectre V2 : Spectre v2 / SpectreRSB mitigation: Filling RSB on context switch
Jul 23 10:08:25 azken kernel: Spectre V2 : mitigation: Enabling conditional Indirect Branch Prediction Barrier
Jul 23 10:08:25 azken kernel: Spectre V2 : User space: Mitigation: STIBP always-on protection
Jul 23 10:08:25 azken kernel: Speculative Store Bypass: Mitigation: Speculative Store Bypass disabled via prctl
Jul 23 10:08:25 azken kernel: Speculative Return Stack Overflow: Mitigation: Safe RET
Jul 23 10:08:25 azken kernel: x86/fpu: Supporting XSAVE feature 0x001: 'x87 floating point registers'
Jul 23 10:08:25 azken kernel: x86/fpu: Supporting XSAVE feature 0x002: 'SSE registers'
Jul 23 10:08:25 azken kernel: x86/fpu: Supporting XSAVE feature 0x004: 'AVX registers'
Jul 23 10:08:25 azken kernel: x86/fpu: Supporting XSAVE feature 0x020: 'AVX-512 opmask'
Jul 23 10:08:25 azken kernel: x86/fpu: Supporting XSAVE feature 0x040: 'AVX-512 Hi256'
Jul 23 10:08:25 azken kernel: x86/fpu: Supporting XSAVE feature 0x080: 'AVX-512 ZMM_Hi256'
Jul 23 10:08:25 azken kernel: x86/fpu: Supporting XSAVE feature 0x200: 'Protection Keys User registers'
Jul 23 10:08:25 azken kernel: x86/fpu: Supporting XSAVE feature 0x800: 'Control-flow User registers'
Jul 23 10:08:25 azken kernel: x86/fpu: xstate_offset[2]:  576, xstate_sizes[2]:  256
Jul 23 10:08:25 azken kernel: x86/fpu: xstate_offset[5]:  832, xstate_sizes[5]:   64
Jul 23 10:08:25 azken kernel: x86/fpu: xstate_offset[6]:  896, xstate_sizes[6]:  512
Jul 23 10:08:25 azken kernel: x86/fpu: xstate_offset[7]: 1408, xstate_sizes[7]: 1024
Jul 23 10:08:25 azken kernel: x86/fpu: xstate_offset[9]: 2432, xstate_sizes[9]:    8
Jul 23 10:08:25 azken kernel: x86/fpu: xstate_offset[11]: 2440, xstate_sizes[11]:   16
Jul 23 10:08:25 azken kernel: x86/fpu: Enabled xstate features 0xae7, context size is 2456 bytes, using 'compacted' format.
Jul 23 10:08:25 azken kernel: Freeing SMP alternatives memory: 48K
Jul 23 10:08:25 azken kernel: pid_max: default: 32768 minimum: 301
Jul 23 10:08:25 azken kernel: LSM: initializing lsm=lockdown,capability,landlock,yama,apparmor,ima,evm
Jul 23 10:08:25 azken kernel: landlock: Up and running.
Jul 23 10:08:25 azken kernel: Yama: becoming mindful.
Jul 23 10:08:25 azken kernel: AppArmor: AppArmor initialized
Jul 23 10:08:25 azken kernel: Mount-cache hash table entries: 131072 (order: 8, 1048576 bytes, linear)
Jul 23 10:08:25 azken kernel: Mountpoint-cache hash table entries: 131072 (order: 8, 1048576 bytes, linear)
Jul 23 10:08:25 azken kernel: smpboot: CPU0: AMD Ryzen 9 7950X 16-Core Processor (family: 0x19, model: 0x61, stepping: 0x2)
Jul 23 10:08:25 azken kernel: Performance Events: Fam17h+ 16-deep LBR, core perfctr, AMD PMU driver.
Jul 23 10:08:25 azken kernel: ... version:                2
Jul 23 10:08:25 azken kernel: ... bit width:              48
Jul 23 10:08:25 azken kernel: ... generic registers:      6
Jul 23 10:08:25 azken kernel: ... value mask:             0000ffffffffffff
Jul 23 10:08:25 azken kernel: ... max period:             00007fffffffffff
Jul 23 10:08:25 azken kernel: ... fixed-purpose events:   0
Jul 23 10:08:25 azken kernel: ... event mask:             000000000000003f
Jul 23 10:08:25 azken kernel: signal: max sigframe size: 3376
Jul 23 10:08:25 azken kernel: rcu: Hierarchical SRCU implementation.
Jul 23 10:08:25 azken kernel: rcu:         Max phase no-delay instances is 400.
Jul 23 10:08:25 azken kernel: Timer migration: 2 hierarchy levels; 8 children per group; 2 crossnode level
Jul 23 10:08:25 azken kernel: NMI watchdog: Enabled. Permanently consumes one hw-PMU counter.
Jul 23 10:08:25 azken kernel: smp: Bringing up secondary CPUs ...
Jul 23 10:08:25 azken kernel: smpboot: x86: Booting SMP configuration:
Jul 23 10:08:25 azken kernel: .... node  #0, CPUs:        #1  #2  #3  #4  #5  #6  #7  #8  #9 #10 #11 #12 #13 #14 #15 #16 #17 #18 #19 #20 #21 #22 #23 #24 #25 #26 #27 #28 #29 #30 #31
Jul 23 10:08:25 azken kernel: Spectre V2 : Update user space SMT mitigation: STIBP always-on
Jul 23 10:08:25 azken kernel: smp: Brought up 1 node, 32 CPUs
Jul 23 10:08:25 azken kernel: smpboot: Total of 32 processors activated (287999.48 BogoMIPS)
Jul 23 10:08:25 azken kernel: Memory: 64809604K/66203184K available (22528K kernel code, 4518K rwdata, 14876K rodata, 5096K init, 4528K bss, 1353248K reserved, 0K cma-reserved)
Jul 23 10:08:25 azken kernel: devtmpfs: initialized
Jul 23 10:08:25 azken kernel: x86/mm: Memory block size: 2048MB
Jul 23 10:08:25 azken kernel: ACPI: PM: Registering ACPI NVS region [mem 0x0a200000-0x0a20ffff] (65536 bytes)
Jul 23 10:08:25 azken kernel: ACPI: PM: Registering ACPI NVS region [mem 0x704e4000-0x724e3fff] (33554432 bytes)
Jul 23 10:08:25 azken kernel: clocksource: jiffies: mask: 0xffffffff max_cycles: 0xffffffff, max_idle_ns: 1911260446275000 ns
Jul 23 10:08:25 azken kernel: futex hash table entries: 8192 (order: 7, 524288 bytes, linear)
Jul 23 10:08:25 azken kernel: pinctrl core: initialized pinctrl subsystem
Jul 23 10:08:25 azken kernel: PM: RTC time: 08:08:18, date: 2025-07-23
Jul 23 10:08:25 azken kernel: NET: Registered PF_NETLINK/PF_ROUTE protocol family
Jul 23 10:08:25 azken kernel: DMA: preallocated 4096 KiB GFP_KERNEL pool for atomic allocations
Jul 23 10:08:25 azken kernel: DMA: preallocated 4096 KiB GFP_KERNEL|GFP_DMA pool for atomic allocations
Jul 23 10:08:25 azken kernel: DMA: preallocated 4096 KiB GFP_KERNEL|GFP_DMA32 pool for atomic allocations
Jul 23 10:08:25 azken kernel: audit: initializing netlink subsys (disabled)
Jul 23 10:08:25 azken kernel: audit: type=2000 audit(1753258097.176:1): state=initialized audit_enabled=0 res=1
Jul 23 10:08:25 azken kernel: thermal_sys: Registered thermal governor 'fair_share'
Jul 23 10:08:25 azken kernel: thermal_sys: Registered thermal governor 'bang_bang'
Jul 23 10:08:25 azken kernel: thermal_sys: Registered thermal governor 'step_wise'
Jul 23 10:08:25 azken kernel: thermal_sys: Registered thermal governor 'user_space'
Jul 23 10:08:25 azken kernel: thermal_sys: Registered thermal governor 'power_allocator'
Jul 23 10:08:25 azken kernel: EISA bus registered
Jul 23 10:08:25 azken kernel: cpuidle: using governor ladder
Jul 23 10:08:25 azken kernel: cpuidle: using governor menu
Jul 23 10:08:25 azken kernel: acpiphp: ACPI Hot Plug PCI Controller Driver version: 0.5
Jul 23 10:08:25 azken kernel: PCI: ECAM [mem 0xe0000000-0xefffffff] (base 0xe0000000) for domain 0000 [bus 00-ff]
Jul 23 10:08:25 azken kernel: PCI: Using configuration type 1 for base access
Jul 23 10:08:25 azken kernel: kprobes: kprobe jump-optimization is enabled. All kprobes are optimized if possible.
Jul 23 10:08:25 azken kernel: HugeTLB: registered 1.00 GiB page size, pre-allocated 0 pages
Jul 23 10:08:25 azken kernel: HugeTLB: 16380 KiB vmemmap can be freed for a 1.00 GiB page
Jul 23 10:08:25 azken kernel: HugeTLB: registered 2.00 MiB page size, pre-allocated 0 pages
Jul 23 10:08:25 azken kernel: HugeTLB: 28 KiB vmemmap can be freed for a 2.00 MiB page
Jul 23 10:08:25 azken kernel: ACPI: Added _OSI(Module Device)
Jul 23 10:08:25 azken kernel: ACPI: Added _OSI(Processor Device)
Jul 23 10:08:25 azken kernel: ACPI: Added _OSI(3.0 _SCP Extensions)
Jul 23 10:08:25 azken kernel: ACPI: Added _OSI(Processor Aggregator Device)
Jul 23 10:08:25 azken kernel: ACPI: 15 ACPI AML tables successfully acquired and loaded
Jul 23 10:08:25 azken kernel: ACPI: EC: EC started
Jul 23 10:08:25 azken kernel: ACPI: EC: interrupt blocked
Jul 23 10:08:25 azken kernel: ACPI: EC: EC_CMD/EC_SC=0x66, EC_DATA=0x62
Jul 23 10:08:25 azken kernel: ACPI: \_SB_.PCI0.SBRG.EC0_: Boot DSDT EC used to handle transactions
Jul 23 10:08:25 azken kernel: ACPI: Interpreter enabled
Jul 23 10:08:25 azken kernel: ACPI: PM: (supports S0 S3 S4 S5)
Jul 23 10:08:25 azken kernel: ACPI: Using IOAPIC for interrupt routing
Jul 23 10:08:25 azken kernel: PCI: Using host bridge windows from ACPI; if necessary, use "pci=nocrs" and report a bug
Jul 23 10:08:25 azken kernel: PCI: Ignoring E820 reservations for host bridge windows
Jul 23 10:08:25 azken kernel: ACPI: Enabled 6 GPEs in block 00 to 1F
Jul 23 10:08:25 azken kernel: ACPI: \_SB_.PCI0.GPP0.M237: New power resource
Jul 23 10:08:25 azken kernel: ACPI: PCI Root Bridge [PCI0] (domain 0000 [bus 00-ff])
Jul 23 10:08:25 azken kernel: acpi PNP0A08:00: _OSC: OS supports [ExtendedConfig ASPM ClockPM Segments MSI EDR HPX-Type3]
Jul 23 10:08:25 azken kernel: acpi PNP0A08:00: _OSC: OS now controls [PCIeHotplug SHPCHotplug PME AER PCIeCapability LTR DPC]
Jul 23 10:08:25 azken kernel: PCI host bridge to bus 0000:00
Jul 23 10:08:25 azken kernel: pci_bus 0000:00: root bus resource [io  0x0000-0x03af window]
Jul 23 10:08:25 azken kernel: pci_bus 0000:00: root bus resource [io  0x03e0-0x0cf7 window]
Jul 23 10:08:25 azken kernel: pci_bus 0000:00: root bus resource [io  0x03b0-0x03df window]
Jul 23 10:08:25 azken kernel: pci_bus 0000:00: root bus resource [io  0x0d00-0xffff window]
Jul 23 10:08:25 azken kernel: pci_bus 0000:00: root bus resource [mem 0x000a0000-0x000dffff window]
Jul 23 10:08:25 azken kernel: pci_bus 0000:00: root bus resource [mem 0x80000000-0xdfffffff window]
Jul 23 10:08:25 azken kernel: pci_bus 0000:00: root bus resource [mem 0x1080000000-0xffffffffff window]
Jul 23 10:08:25 azken kernel: pci_bus 0000:00: root bus resource [bus 00-ff]
Jul 23 10:08:25 azken kernel: pci 0000:00:00.0: [1022:14d8] type 00 class 0x060000 conventional PCI endpoint
Jul 23 10:08:25 azken kernel: pci 0000:00:00.2: [1022:14d9] type 00 class 0x080600 conventional PCI endpoint
Jul 23 10:08:25 azken kernel: pci 0000:00:01.0: [1022:14da] type 00 class 0x060000 conventional PCI endpoint
Jul 23 10:08:25 azken kernel: pci 0000:00:01.1: [1022:14db] type 01 class 0x060400 PCIe Root Port
Jul 23 10:08:25 azken kernel: pci 0000:00:01.1: PCI bridge to [bus 01]
Jul 23 10:08:25 azken kernel: pci 0000:00:01.1:   bridge window [io  0xf000-0xffff]
Jul 23 10:08:25 azken kernel: pci 0000:00:01.1:   bridge window [mem 0xde000000-0xdf0fffff]
Jul 23 10:08:25 azken kernel: pci 0000:00:01.1:   bridge window [mem 0xf000000000-0xf801ffffff 64bit pref]
Jul 23 10:08:25 azken kernel: pci 0000:00:01.1: PME# supported from D0 D3hot D3cold
Jul 23 10:08:25 azken kernel: pci 0000:00:01.2: [1022:14db] type 01 class 0x060400 PCIe Root Port
Jul 23 10:08:25 azken kernel: pci 0000:00:01.2: PCI bridge to [bus 02]
Jul 23 10:08:25 azken kernel: pci 0000:00:01.2:   bridge window [mem 0xdf700000-0xdf7fffff]
Jul 23 10:08:25 azken kernel: pci 0000:00:01.2: PME# supported from D0 D3hot D3cold
Jul 23 10:08:25 azken kernel: pci 0000:00:02.0: [1022:14da] type 00 class 0x060000 conventional PCI endpoint
Jul 23 10:08:25 azken kernel: pci 0000:00:02.1: [1022:14db] type 01 class 0x060400 PCIe Root Port
Jul 23 10:08:25 azken kernel: pci 0000:00:02.1: PCI bridge to [bus 03-6a]
Jul 23 10:08:25 azken kernel: pci 0000:00:02.1:   bridge window [mem 0xa8000000-0xdd1fffff]
Jul 23 10:08:25 azken kernel: pci 0000:00:02.1:   bridge window [mem 0xf810000000-0xf8653fffff 64bit pref]
Jul 23 10:08:25 azken kernel: pci 0000:00:02.1: enabling Extended Tags
Jul 23 10:08:25 azken kernel: pci 0000:00:02.1: PME# supported from D0 D3hot D3cold
Jul 23 10:08:25 azken kernel: pci 0000:00:03.0: [1022:14da] type 00 class 0x060000 conventional PCI endpoint
Jul 23 10:08:25 azken kernel: pci 0000:00:04.0: [1022:14da] type 00 class 0x060000 conventional PCI endpoint
Jul 23 10:08:25 azken kernel: pci 0000:00:08.0: [1022:14da] type 00 class 0x060000 conventional PCI endpoint
Jul 23 10:08:25 azken kernel: pci 0000:00:08.1: [1022:14dd] type 01 class 0x060400 PCIe Root Port
Jul 23 10:08:25 azken kernel: pci 0000:00:08.1: PCI bridge to [bus 6b]
Jul 23 10:08:25 azken kernel: pci 0000:00:08.1:   bridge window [io  0xe000-0xefff]
Jul 23 10:08:25 azken kernel: pci 0000:00:08.1:   bridge window [mem 0xdf200000-0xdf5fffff]
Jul 23 10:08:25 azken kernel: pci 0000:00:08.1:   bridge window [mem 0xf870000000-0xf8801fffff 64bit pref]
Jul 23 10:08:25 azken kernel: pci 0000:00:08.1: enabling Extended Tags
Jul 23 10:08:25 azken kernel: pci 0000:00:08.1: PME# supported from D0 D3hot D3cold
Jul 23 10:08:25 azken kernel: pci 0000:00:08.3: [1022:14dd] type 01 class 0x060400 PCIe Root Port
Jul 23 10:08:25 azken kernel: pci 0000:00:08.3: PCI bridge to [bus 6c]
Jul 23 10:08:25 azken kernel: pci 0000:00:08.3:   bridge window [mem 0xdf600000-0xdf6fffff]
Jul 23 10:08:25 azken kernel: pci 0000:00:08.3: enabling Extended Tags
Jul 23 10:08:25 azken kernel: pci 0000:00:08.3: PME# supported from D0 D3hot D3cold
Jul 23 10:08:25 azken kernel: pci 0000:00:14.0: [1022:790b] type 00 class 0x0c0500 conventional PCI endpoint
Jul 23 10:08:25 azken kernel: pci 0000:00:14.3: [1022:790e] type 00 class 0x060100 conventional PCI endpoint
Jul 23 10:08:25 azken kernel: pci 0000:00:18.0: [1022:14e0] type 00 class 0x060000 conventional PCI endpoint
Jul 23 10:08:25 azken kernel: pci 0000:00:18.1: [1022:14e1] type 00 class 0x060000 conventional PCI endpoint
Jul 23 10:08:25 azken kernel: pci 0000:00:18.2: [1022:14e2] type 00 class 0x060000 conventional PCI endpoint
Jul 23 10:08:25 azken kernel: pci 0000:00:18.3: [1022:14e3] type 00 class 0x060000 conventional PCI endpoint
Jul 23 10:08:25 azken kernel: pci 0000:00:18.4: [1022:14e4] type 00 class 0x060000 conventional PCI endpoint
Jul 23 10:08:25 azken kernel: pci 0000:00:18.5: [1022:14e5] type 00 class 0x060000 conventional PCI endpoint
Jul 23 10:08:25 azken kernel: pci 0000:00:18.6: [1022:14e6] type 00 class 0x060000 conventional PCI endpoint
Jul 23 10:08:25 azken kernel: pci 0000:00:18.7: [1022:14e7] type 00 class 0x060000 conventional PCI endpoint
Jul 23 10:08:25 azken kernel: pci 0000:01:00.0: [10de:2684] type 00 class 0x030000 PCIe Legacy Endpoint
Jul 23 10:08:25 azken kernel: pci 0000:01:00.0: BAR 0 [mem 0xde000000-0xdeffffff]
Jul 23 10:08:25 azken kernel: pci 0000:01:00.0: BAR 1 [mem 0xf000000000-0xf7ffffffff 64bit pref]
Jul 23 10:08:25 azken kernel: pci 0000:01:00.0: BAR 3 [mem 0xf800000000-0xf801ffffff 64bit pref]
Jul 23 10:08:25 azken kernel: pci 0000:01:00.0: BAR 5 [io  0xf000-0xf07f]
Jul 23 10:08:25 azken kernel: pci 0000:01:00.0: ROM [mem 0xdf000000-0xdf07ffff pref]
Jul 23 10:08:25 azken kernel: pci 0000:01:00.0: PME# supported from D0 D3hot
Jul 23 10:08:25 azken kernel: pci 0000:01:00.1: [10de:22ba] type 00 class 0x040300 PCIe Endpoint
Jul 23 10:08:25 azken kernel: pci 0000:01:00.1: BAR 0 [mem 0xdf080000-0xdf083fff]
Jul 23 10:08:25 azken kernel: pci 0000:00:01.1: PCI bridge to [bus 01]
Jul 23 10:08:25 azken kernel: pci 0000:02:00.0: [2646:5013] type 00 class 0x010802 PCIe Endpoint
Jul 23 10:08:25 azken kernel: pci 0000:02:00.0: BAR 0 [mem 0xdf700000-0xdf703fff 64bit]
Jul 23 10:08:25 azken kernel: pci 0000:00:01.2: PCI bridge to [bus 02]
Jul 23 10:08:25 azken kernel: pci 0000:03:00.0: [1022:43f4] type 01 class 0x060400 PCIe Switch Upstream Port
Jul 23 10:08:25 azken kernel: pci 0000:03:00.0: PCI bridge to [bus 04-6a]
Jul 23 10:08:25 azken kernel: pci 0000:03:00.0:   bridge window [mem 0xa8000000-0xdd1fffff]
Jul 23 10:08:25 azken kernel: pci 0000:03:00.0:   bridge window [mem 0xf810000000-0xf8653fffff 64bit pref]
Jul 23 10:08:25 azken kernel: pci 0000:03:00.0: enabling Extended Tags
Jul 23 10:08:25 azken kernel: pci 0000:03:00.0: PME# supported from D0 D3hot D3cold
Jul 23 10:08:25 azken kernel: pci 0000:00:02.1: PCI bridge to [bus 03-6a]
Jul 23 10:08:25 azken kernel: pci 0000:04:00.0: [1022:43f5] type 01 class 0x060400 PCIe Switch Downstream Port
Jul 23 10:08:25 azken kernel: pci 0000:04:00.0: PCI bridge to [bus 05]
Jul 23 10:08:25 azken kernel: pci 0000:04:00.0: enabling Extended Tags
Jul 23 10:08:25 azken kernel: pci 0000:04:00.0: PME# supported from D0 D3hot D3cold
Jul 23 10:08:25 azken kernel: pci 0000:04:08.0: [1022:43f5] type 01 class 0x060400 PCIe Switch Downstream Port
Jul 23 10:08:25 azken kernel: pci 0000:04:08.0: PCI bridge to [bus 06-68]
Jul 23 10:08:25 azken kernel: pci 0000:04:08.0:   bridge window [mem 0xa8000000-0xdcefffff]
Jul 23 10:08:25 azken kernel: pci 0000:04:08.0:   bridge window [mem 0xf810000000-0xf8653fffff 64bit pref]
Jul 23 10:08:25 azken kernel: pci 0000:04:08.0: enabling Extended Tags
Jul 23 10:08:25 azken kernel: pci 0000:04:08.0: PME# supported from D0 D3hot D3cold
Jul 23 10:08:25 azken kernel: pci 0000:04:0c.0: [1022:43f5] type 01 class 0x060400 PCIe Switch Downstream Port
Jul 23 10:08:25 azken kernel: pci 0000:04:0c.0: PCI bridge to [bus 69]
Jul 23 10:08:25 azken kernel: pci 0000:04:0c.0:   bridge window [mem 0xdd100000-0xdd1fffff]
Jul 23 10:08:25 azken kernel: pci 0000:04:0c.0: enabling Extended Tags
Jul 23 10:08:25 azken kernel: pci 0000:04:0c.0: PME# supported from D0 D3hot D3cold
Jul 23 10:08:25 azken kernel: pci 0000:04:0d.0: [1022:43f5] type 01 class 0x060400 PCIe Switch Downstream Port
Jul 23 10:08:25 azken kernel: pci 0000:04:0d.0: PCI bridge to [bus 6a]
Jul 23 10:08:25 azken kernel: pci 0000:04:0d.0:   bridge window [mem 0xdd000000-0xdd0fffff]
Jul 23 10:08:25 azken kernel: pci 0000:04:0d.0: enabling Extended Tags
Jul 23 10:08:25 azken kernel: pci 0000:04:0d.0: PME# supported from D0 D3hot D3cold
Jul 23 10:08:25 azken kernel: pci 0000:03:00.0: PCI bridge to [bus 04-6a]
Jul 23 10:08:25 azken kernel: pci 0000:04:00.0: PCI bridge to [bus 05]
Jul 23 10:08:25 azken kernel: pci 0000:06:00.0: [1022:43f4] type 01 class 0x060400 PCIe Switch Upstream Port
Jul 23 10:08:25 azken kernel: pci 0000:06:00.0: PCI bridge to [bus 07-68]
Jul 23 10:08:25 azken kernel: pci 0000:06:00.0:   bridge window [mem 0xa8000000-0xdcefffff]
Jul 23 10:08:25 azken kernel: pci 0000:06:00.0:   bridge window [mem 0xf810000000-0xf8653fffff 64bit pref]
Jul 23 10:08:25 azken kernel: pci 0000:06:00.0: enabling Extended Tags
Jul 23 10:08:25 azken kernel: pci 0000:06:00.0: PME# supported from D0 D3hot D3cold
Jul 23 10:08:25 azken kernel: pci 0000:04:08.0: PCI bridge to [bus 06-68]
Jul 23 10:08:25 azken kernel: pci 0000:07:00.0: [1022:43f5] type 01 class 0x060400 PCIe Switch Downstream Port
Jul 23 10:08:25 azken kernel: pci 0000:07:00.0: PCI bridge to [bus 08]
Jul 23 10:08:25 azken kernel: pci 0000:07:00.0:   bridge window [mem 0xdce00000-0xdcefffff]
Jul 23 10:08:25 azken kernel: pci 0000:07:00.0:   bridge window [mem 0xf865300000-0xf8653fffff 64bit pref]
Jul 23 10:08:25 azken kernel: pci 0000:07:00.0: enabling Extended Tags
Jul 23 10:08:25 azken kernel: pci 0000:07:00.0: PME# supported from D0 D3hot D3cold
Jul 23 10:08:25 azken kernel: pci 0000:07:01.0: [1022:43f5] type 01 class 0x060400 PCIe Switch Downstream Port
Jul 23 10:08:25 azken kernel: pci 0000:07:01.0: PCI bridge to [bus 09]
Jul 23 10:08:25 azken kernel: pci 0000:07:01.0:   bridge window [mem 0xdca00000-0xdcbfffff]
Jul 23 10:08:25 azken kernel: pci 0000:07:01.0: enabling Extended Tags
Jul 23 10:08:25 azken kernel: pci 0000:07:01.0: PME# supported from D0 D3hot D3cold
Jul 23 10:08:25 azken kernel: pci 0000:07:02.0: [1022:43f5] type 01 class 0x060400 PCIe Switch Downstream Port
Jul 23 10:08:25 azken kernel: pci 0000:07:02.0: PCI bridge to [bus 0a]
Jul 23 10:08:25 azken kernel: pci 0000:07:02.0:   bridge window [mem 0xdc400000-0xdc8fffff]
Jul 23 10:08:25 azken kernel: pci 0000:07:02.0: enabling Extended Tags
Jul 23 10:08:25 azken kernel: pci 0000:07:02.0: PME# supported from D0 D3hot D3cold
Jul 23 10:08:25 azken kernel: pci 0000:07:03.0: [1022:43f5] type 01 class 0x060400 PCIe Switch Downstream Port
Jul 23 10:08:25 azken kernel: pci 0000:07:03.0: PCI bridge to [bus 0b]
Jul 23 10:08:25 azken kernel: pci 0000:07:03.0: enabling Extended Tags
Jul 23 10:08:25 azken kernel: pci 0000:07:03.0: PME# supported from D0 D3hot D3cold
Jul 23 10:08:25 azken kernel: pci 0000:07:04.0: [1022:43f5] type 01 class 0x060400 PCIe Switch Downstream Port
Jul 23 10:08:25 azken kernel: pci 0000:07:04.0: PCI bridge to [bus 0c-65]
Jul 23 10:08:25 azken kernel: pci 0000:07:04.0:   bridge window [mem 0xa8000000-0xdc0fffff]
Jul 23 10:08:25 azken kernel: pci 0000:07:04.0:   bridge window [mem 0xf810000000-0xf8651fffff 64bit pref]
Jul 23 10:08:25 azken kernel: pci 0000:07:04.0: enabling Extended Tags
Jul 23 10:08:25 azken kernel: pci 0000:07:04.0: PME# supported from D0 D3hot D3cold
Jul 23 10:08:25 azken kernel: pci 0000:07:08.0: [1022:43f5] type 01 class 0x060400 PCIe Switch Downstream Port
Jul 23 10:08:25 azken kernel: pci 0000:07:08.0: PCI bridge to [bus 66]
Jul 23 10:08:25 azken kernel: pci 0000:07:08.0: enabling Extended Tags
Jul 23 10:08:25 azken kernel: pci 0000:07:08.0: PME# supported from D0 D3hot D3cold
Jul 23 10:08:25 azken kernel: pci 0000:07:0c.0: [1022:43f5] type 01 class 0x060400 PCIe Switch Downstream Port
Jul 23 10:08:25 azken kernel: pci 0000:07:0c.0: PCI bridge to [bus 67]
Jul 23 10:08:25 azken kernel: pci 0000:07:0c.0:   bridge window [mem 0xdcd00000-0xdcdfffff]
Jul 23 10:08:25 azken kernel: pci 0000:07:0c.0: enabling Extended Tags
Jul 23 10:08:25 azken kernel: pci 0000:07:0c.0: PME# supported from D0 D3hot D3cold
Jul 23 10:08:25 azken kernel: pci 0000:07:0d.0: [1022:43f5] type 01 class 0x060400 PCIe Switch Downstream Port
Jul 23 10:08:25 azken kernel: pci 0000:07:0d.0: PCI bridge to [bus 68]
Jul 23 10:08:25 azken kernel: pci 0000:07:0d.0:   bridge window [mem 0xdcc00000-0xdccfffff]
Jul 23 10:08:25 azken kernel: pci 0000:07:0d.0: enabling Extended Tags
Jul 23 10:08:25 azken kernel: pci 0000:07:0d.0: PME# supported from D0 D3hot D3cold
Jul 23 10:08:25 azken kernel: pci 0000:06:00.0: PCI bridge to [bus 07-68]
Jul 23 10:08:25 azken kernel: pci 0000:08:00.0: [14c3:0616] type 00 class 0x028000 PCIe Endpoint
Jul 23 10:08:25 azken kernel: pci 0000:08:00.0: BAR 0 [mem 0xf865300000-0xf8653fffff 64bit pref]
Jul 23 10:08:25 azken kernel: pci 0000:08:00.0: BAR 2 [mem 0xdce00000-0xdce07fff 64bit]
Jul 23 10:08:25 azken kernel: pci 0000:08:00.0: enabling Extended Tags
Jul 23 10:08:25 azken kernel: pci 0000:08:00.0: PME# supported from D0 D3hot D3cold
Jul 23 10:08:25 azken kernel: pci 0000:07:00.0: PCI bridge to [bus 08]
Jul 23 10:08:25 azken kernel: pci 0000:09:00.0: [8086:15f3] type 00 class 0x020000 PCIe Endpoint
Jul 23 10:08:25 azken kernel: pci 0000:09:00.0: BAR 0 [mem 0xdca00000-0xdcafffff]
Jul 23 10:08:25 azken kernel: pci 0000:09:00.0: BAR 3 [mem 0xdcb00000-0xdcb03fff]
Jul 23 10:08:25 azken kernel: pci 0000:09:00.0: PME# supported from D0 D3hot D3cold
Jul 23 10:08:25 azken kernel: pci 0000:07:01.0: PCI bridge to [bus 09]
Jul 23 10:08:25 azken kernel: pci 0000:0a:00.0: [1d6a:94c0] type 00 class 0x020000 PCIe Endpoint
Jul 23 10:08:25 azken kernel: pci 0000:0a:00.0: BAR 0 [mem 0xdc800000-0xdc87ffff 64bit]
Jul 23 10:08:25 azken kernel: pci 0000:0a:00.0: BAR 2 [mem 0xdc8a0000-0xdc8a0fff 64bit]
Jul 23 10:08:25 azken kernel: pci 0000:0a:00.0: BAR 4 [mem 0xdc400000-0xdc7fffff 64bit]
Jul 23 10:08:25 azken kernel: pci 0000:0a:00.0: ROM [mem 0xdc880000-0xdc89ffff pref]
Jul 23 10:08:25 azken kernel: pci 0000:0a:00.0: enabling Extended Tags
Jul 23 10:08:25 azken kernel: pci 0000:0a:00.0: supports D1 D2
Jul 23 10:08:25 azken kernel: pci 0000:0a:00.0: PME# supported from D0 D1 D3hot D3cold
Jul 23 10:08:25 azken kernel: pci 0000:0a:00.0: 15.753 Gb/s available PCIe bandwidth, limited by 16.0 GT/s PCIe x1 link at 0000:07:02.0 (capable of 31.506 Gb/s with 16.0 GT/s PCIe x2 link)
Jul 23 10:08:25 azken kernel: pci 0000:07:02.0: PCI bridge to [bus 0a]
Jul 23 10:08:25 azken kernel: pci 0000:07:03.0: PCI bridge to [bus 0b]
Jul 23 10:08:25 azken kernel: pci 0000:0c:00.0: [8086:1136] type 01 class 0x060400 PCIe Switch Upstream Port
Jul 23 10:08:25 azken kernel: pci 0000:0c:00.0: PCI bridge to [bus 0d-65]
Jul 23 10:08:25 azken kernel: pci 0000:0c:00.0:   bridge window [mem 0xa8000000-0xdc0fffff]
Jul 23 10:08:25 azken kernel: pci 0000:0c:00.0:   bridge window [mem 0xf810000000-0xf8651fffff 64bit pref]
Jul 23 10:08:25 azken kernel: pci 0000:0c:00.0: enabling Extended Tags
Jul 23 10:08:25 azken kernel: pci 0000:0c:00.0: supports D1 D2
Jul 23 10:08:25 azken kernel: pci 0000:0c:00.0: PME# supported from D0 D1 D2 D3hot D3cold
Jul 23 10:08:25 azken kernel: pci 0000:07:04.0: PCI bridge to [bus 0c-65]
Jul 23 10:08:25 azken kernel: pci 0000:0d:00.0: [8086:1136] type 01 class 0x060400 PCIe Switch Downstream Port
Jul 23 10:08:25 azken kernel: pci 0000:0d:00.0: PCI bridge to [bus 0e]
Jul 23 10:08:25 azken kernel: pci 0000:0d:00.0:   bridge window [mem 0xdc000000-0xdc0fffff]
Jul 23 10:08:25 azken kernel: pci 0000:0d:00.0:   bridge window [mem 0xf865100000-0xf8651fffff 64bit pref]
Jul 23 10:08:25 azken kernel: pci 0000:0d:00.0: enabling Extended Tags
Jul 23 10:08:25 azken kernel: pci 0000:0d:00.0: supports D1 D2
Jul 23 10:08:25 azken kernel: pci 0000:0d:00.0: PME# supported from D0 D1 D2 D3hot D3cold
Jul 23 10:08:25 azken kernel: pci 0000:0d:01.0: [8086:1136] type 01 class 0x060400 PCIe Switch Downstream Port
Jul 23 10:08:25 azken kernel: pci 0000:0d:01.0: PCI bridge to [bus 0f-39]
Jul 23 10:08:25 azken kernel: pci 0000:0d:01.0:   bridge window [mem 0xc0000000-0xd6efffff]
Jul 23 10:08:25 azken kernel: pci 0000:0d:01.0:   bridge window [mem 0xf840000000-0xf864ffffff 64bit pref]
Jul 23 10:08:25 azken kernel: pci 0000:0d:01.0: enabling Extended Tags
Jul 23 10:08:25 azken kernel: pci 0000:0d:01.0: supports D1 D2
Jul 23 10:08:25 azken kernel: pci 0000:0d:01.0: PME# supported from D0 D1 D2 D3hot D3cold
Jul 23 10:08:25 azken kernel: pci 0000:0d:02.0: [8086:1136] type 01 class 0x060400 PCIe Switch Downstream Port
Jul 23 10:08:25 azken kernel: pci 0000:0d:02.0: PCI bridge to [bus 3a]
Jul 23 10:08:25 azken kernel: pci 0000:0d:02.0:   bridge window [mem 0xd8000000-0xd80fffff]
Jul 23 10:08:25 azken kernel: pci 0000:0d:02.0: enabling Extended Tags
Jul 23 10:08:25 azken kernel: pci 0000:0d:02.0: supports D1 D2
Jul 23 10:08:25 azken kernel: pci 0000:0d:02.0: PME# supported from D0 D1 D2 D3hot D3cold
Jul 23 10:08:25 azken kernel: pci 0000:0d:03.0: [8086:1136] type 01 class 0x060400 PCIe Switch Downstream Port
Jul 23 10:08:25 azken kernel: pci 0000:0d:03.0: PCI bridge to [bus 3b-65]
Jul 23 10:08:25 azken kernel: pci 0000:0d:03.0:   bridge window [mem 0xa8000000-0xbeffffff]
Jul 23 10:08:25 azken kernel: pci 0000:0d:03.0:   bridge window [mem 0xf810000000-0xf834ffffff 64bit pref]
Jul 23 10:08:25 azken kernel: pci 0000:0d:03.0: enabling Extended Tags
Jul 23 10:08:25 azken kernel: pci 0000:0d:03.0: supports D1 D2
Jul 23 10:08:25 azken kernel: pci 0000:0d:03.0: PME# supported from D0 D1 D2 D3hot D3cold
Jul 23 10:08:25 azken kernel: pci 0000:0c:00.0: PCI bridge to [bus 0d-65]
Jul 23 10:08:25 azken kernel: pci 0000:0e:00.0: [8086:1137] type 00 class 0x0c0340 PCIe Endpoint
Jul 23 10:08:25 azken kernel: pci 0000:0e:00.0: BAR 0 [mem 0xf865100000-0xf86513ffff 64bit pref]
Jul 23 10:08:25 azken kernel: pci 0000:0e:00.0: BAR 2 [mem 0xf865140000-0xf865140fff 64bit pref]
Jul 23 10:08:25 azken kernel: pci 0000:0e:00.0: enabling Extended Tags
Jul 23 10:08:25 azken kernel: pci 0000:0e:00.0: supports D1 D2
Jul 23 10:08:25 azken kernel: pci 0000:0e:00.0: PME# supported from D0 D1 D2 D3hot D3cold
Jul 23 10:08:25 azken kernel: pci 0000:0d:00.0: PCI bridge to [bus 0e]
Jul 23 10:08:25 azken kernel: pci 0000:0d:01.0: PCI bridge to [bus 0f-39]
Jul 23 10:08:25 azken kernel: pci 0000:3a:00.0: [8086:1138] type 00 class 0x0c0330 PCIe Endpoint
Jul 23 10:08:25 azken kernel: pci 0000:3a:00.0: BAR 0 [mem 0xd8000000-0xd800ffff 64bit]
Jul 23 10:08:25 azken kernel: pci 0000:3a:00.0: enabling Extended Tags
Jul 23 10:08:25 azken kernel: pci 0000:3a:00.0: PME# supported from D3hot D3cold
Jul 23 10:08:25 azken kernel: pci 0000:0d:02.0: PCI bridge to [bus 3a]
Jul 23 10:08:25 azken kernel: pci 0000:0d:03.0: PCI bridge to [bus 3b-65]
Jul 23 10:08:25 azken kernel: pci 0000:07:08.0: PCI bridge to [bus 66]
Jul 23 10:08:25 azken kernel: pci 0000:67:00.0: [1022:43f7] type 00 class 0x0c0330 PCIe Legacy Endpoint
Jul 23 10:08:25 azken kernel: pci 0000:67:00.0: BAR 0 [mem 0xdcd00000-0xdcd07fff 64bit]
Jul 23 10:08:25 azken kernel: pci 0000:67:00.0: enabling Extended Tags
Jul 23 10:08:25 azken kernel: pci 0000:67:00.0: PME# supported from D0 D3hot D3cold
Jul 23 10:08:25 azken kernel: pci 0000:07:0c.0: PCI bridge to [bus 67]
Jul 23 10:08:25 azken kernel: pci 0000:68:00.0: [1022:43f6] type 00 class 0x010601 PCIe Legacy Endpoint
Jul 23 10:08:25 azken kernel: pci 0000:68:00.0: BAR 5 [mem 0xdcc80000-0xdcc803ff]
Jul 23 10:08:25 azken kernel: pci 0000:68:00.0: ROM [mem 0xdcc00000-0xdcc7ffff pref]
Jul 23 10:08:25 azken kernel: pci 0000:68:00.0: enabling Extended Tags
Jul 23 10:08:25 azken kernel: pci 0000:68:00.0: PME# supported from D0 D3hot D3cold
Jul 23 10:08:25 azken kernel: pci 0000:07:0d.0: PCI bridge to [bus 68]
Jul 23 10:08:25 azken kernel: pci 0000:69:00.0: [1022:43f7] type 00 class 0x0c0330 PCIe Legacy Endpoint
Jul 23 10:08:25 azken kernel: pci 0000:69:00.0: BAR 0 [mem 0xdd100000-0xdd107fff 64bit]
Jul 23 10:08:25 azken kernel: pci 0000:69:00.0: enabling Extended Tags
Jul 23 10:08:25 azken kernel: pci 0000:69:00.0: PME# supported from D0 D3hot D3cold
Jul 23 10:08:25 azken kernel: pci 0000:04:0c.0: PCI bridge to [bus 69]
Jul 23 10:08:25 azken kernel: pci 0000:6a:00.0: [1022:43f6] type 00 class 0x010601 PCIe Legacy Endpoint
Jul 23 10:08:25 azken kernel: pci 0000:6a:00.0: BAR 5 [mem 0xdd080000-0xdd0803ff]
Jul 23 10:08:25 azken kernel: pci 0000:6a:00.0: ROM [mem 0xdd000000-0xdd07ffff pref]
Jul 23 10:08:25 azken kernel: pci 0000:6a:00.0: enabling Extended Tags
Jul 23 10:08:25 azken kernel: pci 0000:6a:00.0: PME# supported from D0 D3hot D3cold
Jul 23 10:08:25 azken kernel: pci 0000:04:0d.0: PCI bridge to [bus 6a]
Jul 23 10:08:25 azken kernel: pci 0000:6b:00.0: [1002:164e] type 00 class 0x030000 PCIe Legacy Endpoint
Jul 23 10:08:25 azken kernel: pci 0000:6b:00.0: BAR 0 [mem 0xf870000000-0xf87fffffff 64bit pref]
Jul 23 10:08:25 azken kernel: pci 0000:6b:00.0: BAR 2 [mem 0xf880000000-0xf8801fffff 64bit pref]
Jul 23 10:08:25 azken kernel: pci 0000:6b:00.0: BAR 4 [io  0xe000-0xe0ff]
Jul 23 10:08:25 azken kernel: pci 0000:6b:00.0: BAR 5 [mem 0xdf500000-0xdf57ffff]
Jul 23 10:08:25 azken kernel: pci 0000:6b:00.0: enabling Extended Tags
Jul 23 10:08:25 azken kernel: pci 0000:6b:00.0: PME# supported from D1 D2 D3hot D3cold
Jul 23 10:08:25 azken kernel: pci 0000:6b:00.1: [1002:1640] type 00 class 0x040300 PCIe Legacy Endpoint
Jul 23 10:08:25 azken kernel: pci 0000:6b:00.1: BAR 0 [mem 0xdf588000-0xdf58bfff]
Jul 23 10:08:25 azken kernel: pci 0000:6b:00.1: enabling Extended Tags
Jul 23 10:08:25 azken kernel: pci 0000:6b:00.1: PME# supported from D1 D2 D3hot D3cold
Jul 23 10:08:25 azken kernel: pci 0000:6b:00.2: [1022:1649] type 00 class 0x108000 PCIe Endpoint
Jul 23 10:08:25 azken kernel: pci 0000:6b:00.2: BAR 2 [mem 0xdf400000-0xdf4fffff]
Jul 23 10:08:25 azken kernel: pci 0000:6b:00.2: BAR 5 [mem 0xdf58c000-0xdf58dfff]
Jul 23 10:08:25 azken kernel: pci 0000:6b:00.2: enabling Extended Tags
Jul 23 10:08:25 azken kernel: pci 0000:6b:00.3: [1022:15b6] type 00 class 0x0c0330 PCIe Endpoint
Jul 23 10:08:25 azken kernel: pci 0000:6b:00.3: BAR 0 [mem 0xdf300000-0xdf3fffff 64bit]
Jul 23 10:08:25 azken kernel: pci 0000:6b:00.3: enabling Extended Tags
Jul 23 10:08:25 azken kernel: pci 0000:6b:00.3: PME# supported from D0 D3hot D3cold
Jul 23 10:08:25 azken kernel: pci 0000:6b:00.4: [1022:15b7] type 00 class 0x0c0330 PCIe Endpoint
Jul 23 10:08:25 azken kernel: pci 0000:6b:00.4: BAR 0 [mem 0xdf200000-0xdf2fffff 64bit]
Jul 23 10:08:25 azken kernel: pci 0000:6b:00.4: enabling Extended Tags
Jul 23 10:08:25 azken kernel: pci 0000:6b:00.4: PME# supported from D0 D3hot D3cold
Jul 23 10:08:25 azken kernel: pci 0000:6b:00.6: [1022:15e3] type 00 class 0x040300 PCIe Endpoint
Jul 23 10:08:25 azken kernel: pci 0000:6b:00.6: BAR 0 [mem 0xdf580000-0xdf587fff]
Jul 23 10:08:25 azken kernel: pci 0000:6b:00.6: enabling Extended Tags
Jul 23 10:08:25 azken kernel: pci 0000:6b:00.6: PME# supported from D0 D3hot D3cold
Jul 23 10:08:25 azken kernel: pci 0000:00:08.1: PCI bridge to [bus 6b]
Jul 23 10:08:25 azken kernel: pci 0000:6c:00.0: [1022:15b8] type 00 class 0x0c0330 PCIe Endpoint
Jul 23 10:08:25 azken kernel: pci 0000:6c:00.0: BAR 0 [mem 0xdf600000-0xdf6fffff 64bit]
Jul 23 10:08:25 azken kernel: pci 0000:6c:00.0: enabling Extended Tags
Jul 23 10:08:25 azken kernel: pci 0000:6c:00.0: PME# supported from D0 D3hot D3cold
Jul 23 10:08:25 azken kernel: pci 0000:00:08.3: PCI bridge to [bus 6c]
Jul 23 10:08:25 azken kernel: ACPI: PCI: Interrupt link LNKA configured for IRQ 0
Jul 23 10:08:25 azken kernel: ACPI: PCI: Interrupt link LNKB configured for IRQ 0
Jul 23 10:08:25 azken kernel: ACPI: PCI: Interrupt link LNKC configured for IRQ 0
Jul 23 10:08:25 azken kernel: ACPI: PCI: Interrupt link LNKD configured for IRQ 0
Jul 23 10:08:25 azken kernel: ACPI: PCI: Interrupt link LNKE configured for IRQ 0
Jul 23 10:08:25 azken kernel: ACPI: PCI: Interrupt link LNKF configured for IRQ 0
Jul 23 10:08:25 azken kernel: ACPI: PCI: Interrupt link LNKG configured for IRQ 0
Jul 23 10:08:25 azken kernel: ACPI: PCI: Interrupt link LNKH configured for IRQ 0
Jul 23 10:08:25 azken kernel: ACPI: EC: interrupt unblocked
Jul 23 10:08:25 azken kernel: ACPI: EC: event unblocked
Jul 23 10:08:25 azken kernel: ACPI: EC: EC_CMD/EC_SC=0x66, EC_DATA=0x62
Jul 23 10:08:25 azken kernel: ACPI: EC: GPE=0x4
Jul 23 10:08:25 azken kernel: ACPI: \_SB_.PCI0.SBRG.EC0_: Boot DSDT EC initialization complete
Jul 23 10:08:25 azken kernel: ACPI: \_SB_.PCI0.SBRG.EC0_: EC: Used to handle transactions and events
Jul 23 10:08:25 azken kernel: iommu: Default domain type: Translated
Jul 23 10:08:25 azken kernel: iommu: DMA domain TLB invalidation policy: lazy mode
Jul 23 10:08:25 azken kernel: SCSI subsystem initialized
Jul 23 10:08:25 azken kernel: libata version 3.00 loaded.
Jul 23 10:08:25 azken kernel: ACPI: bus type USB registered
Jul 23 10:08:25 azken kernel: usbcore: registered new interface driver usbfs
Jul 23 10:08:25 azken kernel: usbcore: registered new interface driver hub
Jul 23 10:08:25 azken kernel: usbcore: registered new device driver usb
Jul 23 10:08:25 azken kernel: i2c i2c-0: Failed to register i2c client MSFT8000:00 at 0x4e (-16)
Jul 23 10:08:25 azken kernel: pps_core: LinuxPPS API ver. 1 registered
Jul 23 10:08:25 azken kernel: pps_core: Software ver. 5.3.6 - Copyright 2005-2007 Rodolfo Giometti <giometti@linux.it>
Jul 23 10:08:25 azken kernel: PTP clock support registered
Jul 23 10:08:25 azken kernel: EDAC MC: Ver: 3.0.0
Jul 23 10:08:25 azken kernel: efivars: Registered efivars operations
Jul 23 10:08:25 azken kernel: NetLabel: Initializing
Jul 23 10:08:25 azken kernel: NetLabel:  domain hash size = 128
Jul 23 10:08:25 azken kernel: NetLabel:  protocols = UNLABELED CIPSOv4 CALIPSO
Jul 23 10:08:25 azken kernel: NetLabel:  unlabeled traffic allowed by default
Jul 23 10:08:25 azken kernel: mctp: management component transport protocol core
Jul 23 10:08:25 azken kernel: NET: Registered PF_MCTP protocol family
Jul 23 10:08:25 azken kernel: PCI: Using ACPI for IRQ routing
Jul 23 10:08:25 azken kernel: PCI: pci_cache_line_size set to 64 bytes
Jul 23 10:08:25 azken kernel: pci 0000:00:02.1: bridge window [mem 0xa8000000-0xdd1fffff]: can't claim; address conflict with AMDIF031:00 [mem 0xdcc00000-0xdcc00fff]
Jul 23 10:08:25 azken kernel: pci 0000:03:00.0: bridge window [mem 0xa8000000-0xdd1fffff]: can't claim; no compatible bridge window
Jul 23 10:08:25 azken kernel: pci 0000:04:08.0: bridge window [mem 0xa8000000-0xdcefffff]: can't claim; no compatible bridge window
Jul 23 10:08:25 azken kernel: pci 0000:06:00.0: bridge window [mem 0xa8000000-0xdcefffff]: can't claim; no compatible bridge window
Jul 23 10:08:25 azken kernel: pci 0000:07:00.0: bridge window [mem 0xdce00000-0xdcefffff]: can't claim; no compatible bridge window
Jul 23 10:08:25 azken kernel: pci 0000:07:01.0: bridge window [mem 0xdca00000-0xdcbfffff]: can't claim; no compatible bridge window
Jul 23 10:08:25 azken kernel: pci 0000:07:02.0: bridge window [mem 0xdc400000-0xdc8fffff]: can't claim; no compatible bridge window
Jul 23 10:08:25 azken kernel: pci 0000:07:04.0: bridge window [mem 0xa8000000-0xdc0fffff]: can't claim; no compatible bridge window
Jul 23 10:08:25 azken kernel: pci 0000:0c:00.0: bridge window [mem 0xa8000000-0xdc0fffff]: can't claim; no compatible bridge window
Jul 23 10:08:25 azken kernel: pci 0000:0d:00.0: bridge window [mem 0xdc000000-0xdc0fffff]: can't claim; no compatible bridge window
Jul 23 10:08:25 azken kernel: pci 0000:0d:01.0: bridge window [mem 0xc0000000-0xd6efffff]: can't claim; no compatible bridge window
Jul 23 10:08:25 azken kernel: pci 0000:0d:02.0: bridge window [mem 0xd8000000-0xd80fffff]: can't claim; no compatible bridge window
Jul 23 10:08:25 azken kernel: pci 0000:0d:03.0: bridge window [mem 0xa8000000-0xbeffffff]: can't claim; no compatible bridge window
Jul 23 10:08:25 azken kernel: pci 0000:07:0c.0: bridge window [mem 0xdcd00000-0xdcdfffff]: can't claim; no compatible bridge window
Jul 23 10:08:25 azken kernel: pci 0000:07:0d.0: bridge window [mem 0xdcc00000-0xdccfffff]: can't claim; no compatible bridge window
Jul 23 10:08:25 azken kernel: pci 0000:04:0c.0: bridge window [mem 0xdd100000-0xdd1fffff]: can't claim; no compatible bridge window
Jul 23 10:08:25 azken kernel: pci 0000:04:0d.0: bridge window [mem 0xdd000000-0xdd0fffff]: can't claim; no compatible bridge window
Jul 23 10:08:25 azken kernel: pci 0000:09:00.0: BAR 0 [mem 0xdca00000-0xdcafffff]: can't claim; no compatible bridge window
Jul 23 10:08:25 azken kernel: pci 0000:09:00.0: BAR 3 [mem 0xdcb00000-0xdcb03fff]: can't claim; no compatible bridge window
Jul 23 10:08:25 azken kernel: pci 0000:0a:00.0: BAR 0 [mem 0xdc800000-0xdc87ffff 64bit]: can't claim; no compatible bridge window
Jul 23 10:08:25 azken kernel: pci 0000:0a:00.0: BAR 2 [mem 0xdc8a0000-0xdc8a0fff 64bit]: can't claim; no compatible bridge window
Jul 23 10:08:25 azken kernel: pci 0000:0a:00.0: BAR 4 [mem 0xdc400000-0xdc7fffff 64bit]: can't claim; no compatible bridge window
Jul 23 10:08:25 azken kernel: pci 0000:3a:00.0: BAR 0 [mem 0xd8000000-0xd800ffff 64bit]: can't claim; no compatible bridge window
Jul 23 10:08:25 azken kernel: pci 0000:67:00.0: BAR 0 [mem 0xdcd00000-0xdcd07fff 64bit]: can't claim; no compatible bridge window
Jul 23 10:08:25 azken kernel: pci 0000:68:00.0: BAR 5 [mem 0xdcc80000-0xdcc803ff]: can't claim; no compatible bridge window
Jul 23 10:08:25 azken kernel: pci 0000:69:00.0: BAR 0 [mem 0xdd100000-0xdd107fff 64bit]: can't claim; no compatible bridge window
Jul 23 10:08:25 azken kernel: pci 0000:6a:00.0: BAR 5 [mem 0xdd080000-0xdd0803ff]: can't claim; no compatible bridge window
Jul 23 10:08:25 azken kernel: pci 0000:08:00.0: BAR 2 [mem 0xdce00000-0xdce07fff 64bit]: can't claim; no compatible bridge window
Jul 23 10:08:25 azken kernel: e820: reserve RAM buffer [mem 0x09aff000-0x0bffffff]
Jul 23 10:08:25 azken kernel: e820: reserve RAM buffer [mem 0x0a200000-0x0bffffff]
Jul 23 10:08:25 azken kernel: e820: reserve RAM buffer [mem 0x0b000000-0x0bffffff]
Jul 23 10:08:25 azken kernel: e820: reserve RAM buffer [mem 0x2e621018-0x2fffffff]
Jul 23 10:08:25 azken kernel: e820: reserve RAM buffer [mem 0x2e62c018-0x2fffffff]
Jul 23 10:08:25 azken kernel: e820: reserve RAM buffer [mem 0x2e63f018-0x2fffffff]
Jul 23 10:08:25 azken kernel: e820: reserve RAM buffer [mem 0x2e64f018-0x2fffffff]
Jul 23 10:08:25 azken kernel: e820: reserve RAM buffer [mem 0x6128e000-0x63ffffff]
Jul 23 10:08:25 azken kernel: e820: reserve RAM buffer [mem 0x64a03000-0x67ffffff]
Jul 23 10:08:25 azken kernel: e820: reserve RAM buffer [mem 0x69aa1000-0x6bffffff]
Jul 23 10:08:25 azken kernel: e820: reserve RAM buffer [mem 0x79ff9000-0x7bffffff]
Jul 23 10:08:25 azken kernel: e820: reserve RAM buffer [mem 0x7a000000-0x7bffffff]
Jul 23 10:08:25 azken kernel: e820: reserve RAM buffer [mem 0x105de80000-0x105fffffff]
Jul 23 10:08:25 azken kernel: pci 0000:01:00.0: vgaarb: setting as boot VGA device
Jul 23 10:08:25 azken kernel: pci 0000:01:00.0: vgaarb: bridge control possible
Jul 23 10:08:25 azken kernel: pci 0000:01:00.0: vgaarb: VGA device added: decodes=io+mem,owns=none,locks=none
Jul 23 10:08:25 azken kernel: pci 0000:6b:00.0: vgaarb: bridge control possible
Jul 23 10:08:25 azken kernel: pci 0000:6b:00.0: vgaarb: VGA device added: decodes=io+mem,owns=none,locks=none
Jul 23 10:08:25 azken kernel: vgaarb: loaded
Jul 23 10:08:25 azken kernel: hpet0: at MMIO 0xfed00000, IRQs 2, 8, 0
Jul 23 10:08:25 azken kernel: hpet0: 3 comparators, 32-bit 14.318180 MHz counter
Jul 23 10:08:25 azken kernel: clocksource: Switched to clocksource tsc-early
Jul 23 10:08:25 azken kernel: VFS: Disk quotas dquot_6.6.0
Jul 23 10:08:25 azken kernel: VFS: Dquot-cache hash table entries: 512 (order 0, 4096 bytes)
Jul 23 10:08:25 azken kernel: AppArmor: AppArmor Filesystem Enabled
Jul 23 10:08:25 azken kernel: pnp: PnP ACPI init
Jul 23 10:08:25 azken kernel: system 00:00: [mem 0xe0000000-0xefffffff] has been reserved
Jul 23 10:08:25 azken kernel: system 00:01: [mem 0x1060000000-0x107fffffff window] has been reserved
Jul 23 10:08:25 azken kernel: system 00:03: [io  0x0290-0x029f] has been reserved
Jul 23 10:08:25 azken kernel: system 00:03: [io  0x0200-0x023f] has been reserved
Jul 23 10:08:25 azken kernel: pnp 00:04: [dma 0 disabled]
Jul 23 10:08:25 azken kernel: system 00:05: [io  0x04d0-0x04d1] has been reserved
Jul 23 10:08:25 azken kernel: system 00:05: [io  0x040b] has been reserved
Jul 23 10:08:25 azken kernel: system 00:05: [io  0x04d6] has been reserved
Jul 23 10:08:25 azken kernel: system 00:05: [io  0x0c00-0x0c01] has been reserved
Jul 23 10:08:25 azken kernel: system 00:05: [io  0x0c14] has been reserved
Jul 23 10:08:25 azken kernel: system 00:05: [io  0x0c50-0x0c51] has been reserved
Jul 23 10:08:25 azken kernel: system 00:05: [io  0x0c52] has been reserved
Jul 23 10:08:25 azken kernel: system 00:05: [io  0x0c6c] has been reserved
Jul 23 10:08:25 azken kernel: system 00:05: [io  0x0c6f] has been reserved
Jul 23 10:08:25 azken kernel: system 00:05: [io  0x0cd8-0x0cdf] has been reserved
Jul 23 10:08:25 azken kernel: system 00:05: [io  0x0800-0x089f] has been reserved
Jul 23 10:08:25 azken kernel: system 00:05: [io  0x0b00-0x0b0f] has been reserved
Jul 23 10:08:25 azken kernel: system 00:05: [io  0x0b20-0x0b3f] has been reserved
Jul 23 10:08:25 azken kernel: system 00:05: [io  0x0900-0x090f] has been reserved
Jul 23 10:08:25 azken kernel: system 00:05: [io  0x0910-0x091f] has been reserved
Jul 23 10:08:25 azken kernel: system 00:05: [mem 0xfedc0000-0xfedc0fff] has been reserved
Jul 23 10:08:25 azken kernel: system 00:05: [mem 0xfee00000-0xfee00fff] has been reserved
Jul 23 10:08:25 azken kernel: system 00:05: [mem 0xfec10000-0xfec10fff] has been reserved
Jul 23 10:08:25 azken kernel: system 00:05: [mem 0xfeb00000-0xfeb00fff] has been reserved
Jul 23 10:08:25 azken kernel: system 00:05: [mem 0xff000000-0xffffffff] has been reserved
Jul 23 10:08:25 azken kernel: pnp: PnP ACPI: found 6 devices
Jul 23 10:08:25 azken kernel: clocksource: acpi_pm: mask: 0xffffff max_cycles: 0xffffff, max_idle_ns: 2085701024 ns
Jul 23 10:08:25 azken kernel: NET: Registered PF_INET protocol family
Jul 23 10:08:25 azken kernel: IP idents hash table entries: 262144 (order: 9, 2097152 bytes, linear)
Jul 23 10:08:25 azken kernel: tcp_listen_portaddr_hash hash table entries: 32768 (order: 7, 524288 bytes, linear)
Jul 23 10:08:25 azken kernel: Table-perturb hash table entries: 65536 (order: 6, 262144 bytes, linear)
Jul 23 10:08:25 azken kernel: TCP established hash table entries: 524288 (order: 10, 4194304 bytes, linear)
Jul 23 10:08:25 azken kernel: TCP bind hash table entries: 65536 (order: 9, 2097152 bytes, linear)
Jul 23 10:08:25 azken kernel: TCP: Hash tables configured (established 524288 bind 65536)
Jul 23 10:08:25 azken kernel: MPTCP token hash table entries: 65536 (order: 8, 1572864 bytes, linear)
Jul 23 10:08:25 azken kernel: UDP hash table entries: 32768 (order: 8, 1048576 bytes, linear)
Jul 23 10:08:25 azken kernel: UDP-Lite hash table entries: 32768 (order: 8, 1048576 bytes, linear)
Jul 23 10:08:25 azken kernel: NET: Registered PF_UNIX/PF_LOCAL protocol family
Jul 23 10:08:25 azken kernel: NET: Registered PF_XDP protocol family
Jul 23 10:08:25 azken kernel: pci 0000:0a:00.0: ROM [mem 0xdc880000-0xdc89ffff pref]: can't claim; no compatible bridge window
Jul 23 10:08:25 azken kernel: pci 0000:68:00.0: ROM [mem 0xdcc00000-0xdcc7ffff pref]: can't claim; no compatible bridge window
Jul 23 10:08:25 azken kernel: pci 0000:6a:00.0: ROM [mem 0xdd000000-0xdd07ffff pref]: can't claim; no compatible bridge window
Jul 23 10:08:25 azken kernel: pci 0000:0d:01.0: bridge window [io  0x1000-0x0fff] to [bus 0f-39] add_size 1000
Jul 23 10:08:25 azken kernel: pci 0000:0d:01.0: bridge window [mem 0x00100000-0x000fffff] to [bus 0f-39] add_size 200000 add_align 100000
Jul 23 10:08:25 azken kernel: pci 0000:0d:03.0: bridge window [io  0x1000-0x0fff] to [bus 3b-65] add_size 1000
Jul 23 10:08:25 azken kernel: pci 0000:0d:03.0: bridge window [mem 0x00100000-0x000fffff] to [bus 3b-65] add_size 200000 add_align 100000
Jul 23 10:08:25 azken kernel: pci 0000:0c:00.0: bridge window [io  0x1000-0x0fff] to [bus 0d-65] add_size 2000
Jul 23 10:08:25 azken kernel: pci 0000:0c:00.0: bridge window [mem 0x00100000-0x003fffff] to [bus 0d-65] add_size 400000 add_align 100000
Jul 23 10:08:25 azken kernel: pci 0000:07:04.0: bridge window [io  0x1000-0x0fff] to [bus 0c-65] add_size 2000
Jul 23 10:08:25 azken kernel: pci 0000:07:04.0: bridge window [mem 0x00100000-0x003fffff] to [bus 0c-65] add_size 400000 add_align 100000
Jul 23 10:08:25 azken kernel: pci 0000:06:00.0: bridge window [io  0x1000-0x0fff] to [bus 07-68] add_size 2000
Jul 23 10:08:25 azken kernel: pci 0000:06:00.0: bridge window [mem 0x00100000-0x00efffff] to [bus 07-68] add_size 400000 add_align 100000
Jul 23 10:08:25 azken kernel: pci 0000:04:08.0: bridge window [io  0x1000-0x0fff] to [bus 06-68] add_size 2000
Jul 23 10:08:25 azken kernel: pci 0000:04:08.0: bridge window [mem 0x00100000-0x00efffff] to [bus 06-68] add_size 400000 add_align 100000
Jul 23 10:08:25 azken kernel: pci 0000:03:00.0: bridge window [io  0x1000-0x0fff] to [bus 04-6a] add_size 2000
Jul 23 10:08:25 azken kernel: pci 0000:03:00.0: bridge window [mem 0x00100000-0x010fffff] to [bus 04-6a] add_size 400000 add_align 100000
Jul 23 10:08:25 azken kernel: pci 0000:00:02.1: bridge window [io  0x1000-0x0fff] to [bus 03-6a] add_size 3000
Jul 23 10:08:25 azken kernel: pci 0000:00:02.1: bridge window [mem 0x00100000-0x010fffff] to [bus 03-6a] add_size 400000 add_align 100000
Jul 23 10:08:25 azken kernel: pci 0000:00:02.1: bridge window [mem 0x80000000-0x813fffff]: assigned
Jul 23 10:08:25 azken kernel: pci 0000:00:02.1: bridge window [io  0x1000-0x3fff]: assigned
Jul 23 10:08:25 azken kernel: pci 0000:00:01.1: PCI bridge to [bus 01]
Jul 23 10:08:25 azken kernel: pci 0000:00:01.1:   bridge window [io  0xf000-0xffff]
Jul 23 10:08:25 azken kernel: pci 0000:00:01.1:   bridge window [mem 0xde000000-0xdf0fffff]
Jul 23 10:08:25 azken kernel: pci 0000:00:01.1:   bridge window [mem 0xf000000000-0xf801ffffff 64bit pref]
Jul 23 10:08:25 azken kernel: pci 0000:00:01.2: PCI bridge to [bus 02]
Jul 23 10:08:25 azken kernel: pci 0000:00:01.2:   bridge window [mem 0xdf700000-0xdf7fffff]
Jul 23 10:08:25 azken kernel: pci 0000:03:00.0: bridge window [mem 0x80000000-0x813fffff]: assigned
Jul 23 10:08:25 azken kernel: pci 0000:03:00.0: bridge window [io  0x1000-0x2fff]: assigned
Jul 23 10:08:25 azken kernel: pci 0000:04:08.0: bridge window [mem 0x80000000-0x811fffff]: assigned
Jul 23 10:08:25 azken kernel: pci 0000:04:0c.0: bridge window [mem 0x81200000-0x812fffff]: assigned
Jul 23 10:08:25 azken kernel: pci 0000:04:0d.0: bridge window [mem 0x81300000-0x813fffff]: assigned
Jul 23 10:08:25 azken kernel: pci 0000:04:08.0: bridge window [io  0x1000-0x2fff]: assigned
Jul 23 10:08:25 azken kernel: pci 0000:04:00.0: PCI bridge to [bus 05]
Jul 23 10:08:25 azken kernel: pci 0000:06:00.0: bridge window [mem 0x80000000-0x811fffff]: assigned
Jul 23 10:08:25 azken kernel: pci 0000:06:00.0: bridge window [io  0x1000-0x2fff]: assigned
Jul 23 10:08:25 azken kernel: pci 0000:07:02.0: bridge window [mem 0x80000000-0x805fffff]: assigned
Jul 23 10:08:25 azken kernel: pci 0000:07:00.0: bridge window [mem 0x80600000-0x806fffff]: assigned
Jul 23 10:08:25 azken kernel: pci 0000:07:01.0: bridge window [mem 0x80700000-0x808fffff]: assigned
Jul 23 10:08:25 azken kernel: pci 0000:07:04.0: bridge window [mem 0x80900000-0x80ffffff]: assigned
Jul 23 10:08:25 azken kernel: pci 0000:07:0c.0: bridge window [mem 0x81000000-0x810fffff]: assigned
Jul 23 10:08:25 azken kernel: pci 0000:07:0d.0: bridge window [mem 0x81100000-0x811fffff]: assigned
Jul 23 10:08:25 azken kernel: pci 0000:07:04.0: bridge window [io  0x1000-0x2fff]: assigned
Jul 23 10:08:25 azken kernel: pci 0000:08:00.0: BAR 2 [mem 0x80600000-0x80607fff 64bit]: assigned
Jul 23 10:08:25 azken kernel: pci 0000:07:00.0: PCI bridge to [bus 08]
Jul 23 10:08:25 azken kernel: pci 0000:07:00.0:   bridge window [mem 0x80600000-0x806fffff]
Jul 23 10:08:25 azken kernel: pci 0000:07:00.0:   bridge window [mem 0xf865300000-0xf8653fffff 64bit pref]
Jul 23 10:08:25 azken kernel: pci 0000:09:00.0: BAR 0 [mem 0x80700000-0x807fffff]: assigned
Jul 23 10:08:25 azken kernel: pci 0000:09:00.0: BAR 3 [mem 0x80800000-0x80803fff]: assigned
Jul 23 10:08:25 azken kernel: pci 0000:07:01.0: PCI bridge to [bus 09]
Jul 23 10:08:25 azken kernel: pci 0000:07:01.0:   bridge window [mem 0x80700000-0x808fffff]
Jul 23 10:08:25 azken kernel: pci 0000:0a:00.0: BAR 4 [mem 0x80000000-0x803fffff 64bit]: assigned
Jul 23 10:08:25 azken kernel: pci 0000:0a:00.0: BAR 0 [mem 0x80400000-0x8047ffff 64bit]: assigned
Jul 23 10:08:25 azken kernel: pci 0000:0a:00.0: ROM [mem 0x80480000-0x8049ffff pref]: assigned
Jul 23 10:08:25 azken kernel: pci 0000:0a:00.0: BAR 2 [mem 0x804a0000-0x804a0fff 64bit]: assigned
Jul 23 10:08:25 azken kernel: pci 0000:07:02.0: PCI bridge to [bus 0a]
Jul 23 10:08:25 azken kernel: pci 0000:07:02.0:   bridge window [mem 0x80000000-0x805fffff]
Jul 23 10:08:25 azken kernel: pci 0000:07:03.0: PCI bridge to [bus 0b]
Jul 23 10:08:25 azken kernel: pci 0000:0c:00.0: bridge window [mem 0x80900000-0x80ffffff]: assigned
Jul 23 10:08:25 azken kernel: pci 0000:0c:00.0: bridge window [io  0x1000-0x2fff]: assigned
Jul 23 10:08:25 azken kernel: pci 0000:0d:01.0: bridge window [mem 0x80900000-0x80afffff]: assigned
Jul 23 10:08:25 azken kernel: pci 0000:0d:02.0: bridge window [mem 0x80b00000-0x80bfffff]: assigned
Jul 23 10:08:25 azken kernel: pci 0000:0d:03.0: bridge window [mem 0x80c00000-0x80dfffff]: assigned
Jul 23 10:08:25 azken kernel: pci 0000:0d:01.0: bridge window [io  0x1000-0x1fff]: assigned
Jul 23 10:08:25 azken kernel: pci 0000:0d:03.0: bridge window [io  0x2000-0x2fff]: assigned
Jul 23 10:08:25 azken kernel: pci 0000:0d:00.0: PCI bridge to [bus 0e]
Jul 23 10:08:25 azken kernel: pci 0000:0d:00.0:   bridge window [mem 0xf865100000-0xf8651fffff 64bit pref]
Jul 23 10:08:25 azken kernel: pci 0000:0d:01.0: PCI bridge to [bus 0f-39]
Jul 23 10:08:25 azken kernel: pci 0000:0d:01.0:   bridge window [io  0x1000-0x1fff]
Jul 23 10:08:25 azken kernel: pci 0000:0d:01.0:   bridge window [mem 0x80900000-0x80afffff]
Jul 23 10:08:25 azken kernel: pci 0000:0d:01.0:   bridge window [mem 0xf840000000-0xf864ffffff 64bit pref]
Jul 23 10:08:25 azken kernel: pci 0000:3a:00.0: BAR 0 [mem 0x80b00000-0x80b0ffff 64bit]: assigned
Jul 23 10:08:25 azken kernel: pci 0000:0d:02.0: PCI bridge to [bus 3a]
Jul 23 10:08:25 azken kernel: pci 0000:0d:02.0:   bridge window [mem 0x80b00000-0x80bfffff]
Jul 23 10:08:25 azken kernel: pci 0000:0d:03.0: PCI bridge to [bus 3b-65]
Jul 23 10:08:25 azken kernel: pci 0000:0d:03.0:   bridge window [io  0x2000-0x2fff]
Jul 23 10:08:25 azken kernel: pci 0000:0d:03.0:   bridge window [mem 0x80c00000-0x80dfffff]
Jul 23 10:08:25 azken kernel: pci 0000:0d:03.0:   bridge window [mem 0xf810000000-0xf834ffffff 64bit pref]
Jul 23 10:08:25 azken kernel: pci 0000:0c:00.0: PCI bridge to [bus 0d-65]
Jul 23 10:08:25 azken kernel: pci 0000:0c:00.0:   bridge window [io  0x1000-0x2fff]
Jul 23 10:08:25 azken kernel: pci 0000:0c:00.0:   bridge window [mem 0x80900000-0x80ffffff]
Jul 23 10:08:25 azken kernel: pci 0000:0c:00.0:   bridge window [mem 0xf810000000-0xf8651fffff 64bit pref]
Jul 23 10:08:25 azken kernel: pci 0000:07:04.0: PCI bridge to [bus 0c-65]
Jul 23 10:08:25 azken kernel: pci 0000:07:04.0:   bridge window [io  0x1000-0x2fff]
Jul 23 10:08:25 azken kernel: pci 0000:07:04.0:   bridge window [mem 0x80900000-0x80ffffff]
Jul 23 10:08:25 azken kernel: pci 0000:07:04.0:   bridge window [mem 0xf810000000-0xf8651fffff 64bit pref]
Jul 23 10:08:25 azken kernel: pci 0000:07:08.0: PCI bridge to [bus 66]
Jul 23 10:08:25 azken kernel: pci 0000:67:00.0: BAR 0 [mem 0x81000000-0x81007fff 64bit]: assigned
Jul 23 10:08:25 azken kernel: pci 0000:07:0c.0: PCI bridge to [bus 67]
Jul 23 10:08:25 azken kernel: pci 0000:07:0c.0:   bridge window [mem 0x81000000-0x810fffff]
Jul 23 10:08:25 azken kernel: pci 0000:68:00.0: ROM [mem 0x81100000-0x8117ffff pref]: assigned
Jul 23 10:08:25 azken kernel: pci 0000:68:00.0: BAR 5 [mem 0x81180000-0x811803ff]: assigned
Jul 23 10:08:25 azken kernel: pci 0000:07:0d.0: PCI bridge to [bus 68]
Jul 23 10:08:25 azken kernel: pci 0000:07:0d.0:   bridge window [mem 0x81100000-0x811fffff]
Jul 23 10:08:25 azken kernel: pci 0000:06:00.0: PCI bridge to [bus 07-68]
Jul 23 10:08:25 azken kernel: pci 0000:06:00.0:   bridge window [io  0x1000-0x2fff]
Jul 23 10:08:25 azken kernel: pci 0000:06:00.0:   bridge window [mem 0x80000000-0x811fffff]
Jul 23 10:08:25 azken kernel: pci 0000:06:00.0:   bridge window [mem 0xf810000000-0xf8653fffff 64bit pref]
Jul 23 10:08:25 azken kernel: pci 0000:04:08.0: PCI bridge to [bus 06-68]
Jul 23 10:08:25 azken kernel: pci 0000:04:08.0:   bridge window [io  0x1000-0x2fff]
Jul 23 10:08:25 azken kernel: pci 0000:04:08.0:   bridge window [mem 0x80000000-0x811fffff]
Jul 23 10:08:25 azken kernel: pci 0000:04:08.0:   bridge window [mem 0xf810000000-0xf8653fffff 64bit pref]
Jul 23 10:08:25 azken kernel: pci 0000:69:00.0: BAR 0 [mem 0x81200000-0x81207fff 64bit]: assigned
Jul 23 10:08:25 azken kernel: pci 0000:04:0c.0: PCI bridge to [bus 69]
Jul 23 10:08:25 azken kernel: pci 0000:04:0c.0:   bridge window [mem 0x81200000-0x812fffff]
Jul 23 10:08:25 azken kernel: pci 0000:6a:00.0: ROM [mem 0x81300000-0x8137ffff pref]: assigned
Jul 23 10:08:25 azken kernel: pci 0000:6a:00.0: BAR 5 [mem 0x81380000-0x813803ff]: assigned
Jul 23 10:08:25 azken kernel: pci 0000:04:0d.0: PCI bridge to [bus 6a]
Jul 23 10:08:25 azken kernel: pci 0000:04:0d.0:   bridge window [mem 0x81300000-0x813fffff]
Jul 23 10:08:25 azken kernel: pci 0000:03:00.0: PCI bridge to [bus 04-6a]
Jul 23 10:08:25 azken kernel: pci 0000:03:00.0:   bridge window [io  0x1000-0x2fff]
Jul 23 10:08:25 azken kernel: pci 0000:03:00.0:   bridge window [mem 0x80000000-0x813fffff]
Jul 23 10:08:25 azken kernel: pci 0000:03:00.0:   bridge window [mem 0xf810000000-0xf8653fffff 64bit pref]
Jul 23 10:08:25 azken kernel: pci 0000:00:02.1: PCI bridge to [bus 03-6a]
Jul 23 10:08:25 azken kernel: pci 0000:00:02.1:   bridge window [io  0x1000-0x3fff]
Jul 23 10:08:25 azken kernel: pci 0000:00:02.1:   bridge window [mem 0x80000000-0x813fffff]
Jul 23 10:08:25 azken kernel: pci 0000:00:02.1:   bridge window [mem 0xf810000000-0xf8653fffff 64bit pref]
Jul 23 10:08:25 azken kernel: pci 0000:00:08.1: PCI bridge to [bus 6b]
Jul 23 10:08:25 azken kernel: pci 0000:00:08.1:   bridge window [io  0xe000-0xefff]
Jul 23 10:08:25 azken kernel: pci 0000:00:08.1:   bridge window [mem 0xdf200000-0xdf5fffff]
Jul 23 10:08:25 azken kernel: pci 0000:00:08.1:   bridge window [mem 0xf870000000-0xf8801fffff 64bit pref]
Jul 23 10:08:25 azken kernel: pci 0000:00:08.3: PCI bridge to [bus 6c]
Jul 23 10:08:25 azken kernel: pci 0000:00:08.3:   bridge window [mem 0xdf600000-0xdf6fffff]
Jul 23 10:08:25 azken kernel: pci_bus 0000:00: resource 4 [io  0x0000-0x03af window]
Jul 23 10:08:25 azken kernel: pci_bus 0000:00: resource 5 [io  0x03e0-0x0cf7 window]
Jul 23 10:08:25 azken kernel: pci_bus 0000:00: resource 6 [io  0x03b0-0x03df window]
Jul 23 10:08:25 azken kernel: pci_bus 0000:00: resource 7 [io  0x0d00-0xffff window]
Jul 23 10:08:25 azken kernel: pci_bus 0000:00: resource 8 [mem 0x000a0000-0x000dffff window]
Jul 23 10:08:25 azken kernel: pci_bus 0000:00: resource 9 [mem 0x80000000-0xdfffffff window]
Jul 23 10:08:25 azken kernel: pci_bus 0000:00: resource 10 [mem 0x1080000000-0xffffffffff window]
Jul 23 10:08:25 azken kernel: pci_bus 0000:01: resource 0 [io  0xf000-0xffff]
Jul 23 10:08:25 azken kernel: pci_bus 0000:01: resource 1 [mem 0xde000000-0xdf0fffff]
Jul 23 10:08:25 azken kernel: pci_bus 0000:01: resource 2 [mem 0xf000000000-0xf801ffffff 64bit pref]
Jul 23 10:08:25 azken kernel: pci_bus 0000:02: resource 1 [mem 0xdf700000-0xdf7fffff]
Jul 23 10:08:25 azken kernel: pci_bus 0000:03: resource 0 [io  0x1000-0x3fff]
Jul 23 10:08:25 azken kernel: pci_bus 0000:03: resource 1 [mem 0x80000000-0x813fffff]
Jul 23 10:08:25 azken kernel: pci_bus 0000:03: resource 2 [mem 0xf810000000-0xf8653fffff 64bit pref]
Jul 23 10:08:25 azken kernel: pci_bus 0000:04: resource 0 [io  0x1000-0x2fff]
Jul 23 10:08:25 azken kernel: pci_bus 0000:04: resource 1 [mem 0x80000000-0x813fffff]
Jul 23 10:08:25 azken kernel: pci_bus 0000:04: resource 2 [mem 0xf810000000-0xf8653fffff 64bit pref]
Jul 23 10:08:25 azken kernel: pci_bus 0000:06: resource 0 [io  0x1000-0x2fff]
Jul 23 10:08:25 azken kernel: pci_bus 0000:06: resource 1 [mem 0x80000000-0x811fffff]
Jul 23 10:08:25 azken kernel: pci_bus 0000:06: resource 2 [mem 0xf810000000-0xf8653fffff 64bit pref]
Jul 23 10:08:25 azken kernel: pci_bus 0000:07: resource 0 [io  0x1000-0x2fff]
Jul 23 10:08:25 azken kernel: pci_bus 0000:07: resource 1 [mem 0x80000000-0x811fffff]
Jul 23 10:08:25 azken kernel: pci_bus 0000:07: resource 2 [mem 0xf810000000-0xf8653fffff 64bit pref]
Jul 23 10:08:25 azken kernel: pci_bus 0000:08: resource 1 [mem 0x80600000-0x806fffff]
Jul 23 10:08:25 azken kernel: pci_bus 0000:08: resource 2 [mem 0xf865300000-0xf8653fffff 64bit pref]
Jul 23 10:08:25 azken kernel: pci_bus 0000:09: resource 1 [mem 0x80700000-0x808fffff]
Jul 23 10:08:25 azken kernel: pci_bus 0000:0a: resource 1 [mem 0x80000000-0x805fffff]
Jul 23 10:08:25 azken kernel: pci_bus 0000:0c: resource 0 [io  0x1000-0x2fff]
Jul 23 10:08:25 azken kernel: pci_bus 0000:0c: resource 1 [mem 0x80900000-0x80ffffff]
Jul 23 10:08:25 azken kernel: pci_bus 0000:0c: resource 2 [mem 0xf810000000-0xf8651fffff 64bit pref]
Jul 23 10:08:25 azken kernel: pci_bus 0000:0d: resource 0 [io  0x1000-0x2fff]
Jul 23 10:08:25 azken kernel: pci_bus 0000:0d: resource 1 [mem 0x80900000-0x80ffffff]
Jul 23 10:08:25 azken kernel: pci_bus 0000:0d: resource 2 [mem 0xf810000000-0xf8651fffff 64bit pref]
Jul 23 10:08:25 azken kernel: pci_bus 0000:0e: resource 2 [mem 0xf865100000-0xf8651fffff 64bit pref]
Jul 23 10:08:25 azken kernel: pci_bus 0000:0f: resource 0 [io  0x1000-0x1fff]
Jul 23 10:08:25 azken kernel: pci_bus 0000:0f: resource 1 [mem 0x80900000-0x80afffff]
Jul 23 10:08:25 azken kernel: pci_bus 0000:0f: resource 2 [mem 0xf840000000-0xf864ffffff 64bit pref]
Jul 23 10:08:25 azken kernel: pci_bus 0000:3a: resource 1 [mem 0x80b00000-0x80bfffff]
Jul 23 10:08:25 azken kernel: pci_bus 0000:3b: resource 0 [io  0x2000-0x2fff]
Jul 23 10:08:25 azken kernel: pci_bus 0000:3b: resource 1 [mem 0x80c00000-0x80dfffff]
Jul 23 10:08:25 azken kernel: pci_bus 0000:3b: resource 2 [mem 0xf810000000-0xf834ffffff 64bit pref]
Jul 23 10:08:25 azken kernel: pci_bus 0000:67: resource 1 [mem 0x81000000-0x810fffff]
Jul 23 10:08:25 azken kernel: pci_bus 0000:68: resource 1 [mem 0x81100000-0x811fffff]
Jul 23 10:08:25 azken kernel: pci_bus 0000:69: resource 1 [mem 0x81200000-0x812fffff]
Jul 23 10:08:25 azken kernel: pci_bus 0000:6a: resource 1 [mem 0x81300000-0x813fffff]
Jul 23 10:08:25 azken kernel: pci_bus 0000:6b: resource 0 [io  0xe000-0xefff]
Jul 23 10:08:25 azken kernel: pci_bus 0000:6b: resource 1 [mem 0xdf200000-0xdf5fffff]
Jul 23 10:08:25 azken kernel: pci_bus 0000:6b: resource 2 [mem 0xf870000000-0xf8801fffff 64bit pref]
Jul 23 10:08:25 azken kernel: pci_bus 0000:6c: resource 1 [mem 0xdf600000-0xdf6fffff]
Jul 23 10:08:25 azken kernel: pci 0000:01:00.1: extending delay after power-on from D3hot to 20 msec
Jul 23 10:08:25 azken kernel: pci 0000:01:00.1: D0 power state depends on 0000:01:00.0
Jul 23 10:08:25 azken kernel: pci 0000:0c:00.0: CLS mismatch (64 != 128), using 64 bytes
Jul 23 10:08:25 azken kernel: pci 0000:6b:00.1: D0 power state depends on 0000:6b:00.0
Jul 23 10:08:25 azken kernel: pci 0000:00:00.2: AMD-Vi: IOMMU performance counters supported
Jul 23 10:08:25 azken kernel: Trying to unpack rootfs image as initramfs...
Jul 23 10:08:25 azken kernel: pci 0000:00:01.0: Adding to iommu group 0
Jul 23 10:08:25 azken kernel: pci 0000:00:01.1: Adding to iommu group 1
Jul 23 10:08:25 azken kernel: pci 0000:00:01.2: Adding to iommu group 2
Jul 23 10:08:25 azken kernel: pci 0000:00:02.0: Adding to iommu group 3
Jul 23 10:08:25 azken kernel: pci 0000:00:02.1: Adding to iommu group 4
Jul 23 10:08:25 azken kernel: pci 0000:00:03.0: Adding to iommu group 5
Jul 23 10:08:25 azken kernel: pci 0000:00:04.0: Adding to iommu group 6
Jul 23 10:08:25 azken kernel: pci 0000:00:08.0: Adding to iommu group 7
Jul 23 10:08:25 azken kernel: pci 0000:00:08.1: Adding to iommu group 8
Jul 23 10:08:25 azken kernel: pci 0000:00:08.3: Adding to iommu group 9
Jul 23 10:08:25 azken kernel: pci 0000:00:14.0: Adding to iommu group 10
Jul 23 10:08:25 azken kernel: pci 0000:00:14.3: Adding to iommu group 10
Jul 23 10:08:25 azken kernel: pci 0000:00:18.0: Adding to iommu group 11
Jul 23 10:08:25 azken kernel: pci 0000:00:18.1: Adding to iommu group 11
Jul 23 10:08:25 azken kernel: pci 0000:00:18.2: Adding to iommu group 11
Jul 23 10:08:25 azken kernel: pci 0000:00:18.3: Adding to iommu group 11
Jul 23 10:08:25 azken kernel: pci 0000:00:18.4: Adding to iommu group 11
Jul 23 10:08:25 azken kernel: pci 0000:00:18.5: Adding to iommu group 11
Jul 23 10:08:25 azken kernel: pci 0000:00:18.6: Adding to iommu group 11
Jul 23 10:08:25 azken kernel: pci 0000:00:18.7: Adding to iommu group 11
Jul 23 10:08:25 azken kernel: pci 0000:01:00.0: Adding to iommu group 12
Jul 23 10:08:25 azken kernel: pci 0000:01:00.1: Adding to iommu group 12
Jul 23 10:08:25 azken kernel: pci 0000:02:00.0: Adding to iommu group 13
Jul 23 10:08:25 azken kernel: pci 0000:03:00.0: Adding to iommu group 14
Jul 23 10:08:25 azken kernel: pci 0000:04:00.0: Adding to iommu group 15
Jul 23 10:08:25 azken kernel: pci 0000:04:08.0: Adding to iommu group 16
Jul 23 10:08:25 azken kernel: pci 0000:04:0c.0: Adding to iommu group 17
Jul 23 10:08:25 azken kernel: pci 0000:04:0d.0: Adding to iommu group 18
Jul 23 10:08:25 azken kernel: pci 0000:06:00.0: Adding to iommu group 16
Jul 23 10:08:25 azken kernel: pci 0000:07:00.0: Adding to iommu group 16
Jul 23 10:08:25 azken kernel: pci 0000:07:01.0: Adding to iommu group 16
Jul 23 10:08:25 azken kernel: pci 0000:07:02.0: Adding to iommu group 16
Jul 23 10:08:25 azken kernel: pci 0000:07:03.0: Adding to iommu group 16
Jul 23 10:08:25 azken kernel: pci 0000:07:04.0: Adding to iommu group 16
Jul 23 10:08:25 azken kernel: pci 0000:07:08.0: Adding to iommu group 16
Jul 23 10:08:25 azken kernel: pci 0000:07:0c.0: Adding to iommu group 16
Jul 23 10:08:25 azken kernel: pci 0000:07:0d.0: Adding to iommu group 16
Jul 23 10:08:25 azken kernel: pci 0000:08:00.0: Adding to iommu group 16
Jul 23 10:08:25 azken kernel: pci 0000:09:00.0: Adding to iommu group 16
Jul 23 10:08:25 azken kernel: pci 0000:0a:00.0: Adding to iommu group 16
Jul 23 10:08:25 azken kernel: pci 0000:0c:00.0: Adding to iommu group 16
Jul 23 10:08:25 azken kernel: pci 0000:0d:00.0: Adding to iommu group 16
Jul 23 10:08:25 azken kernel: pci 0000:0d:01.0: Adding to iommu group 16
Jul 23 10:08:25 azken kernel: pci 0000:0d:02.0: Adding to iommu group 16
Jul 23 10:08:25 azken kernel: pci 0000:0d:03.0: Adding to iommu group 16
Jul 23 10:08:25 azken kernel: pci 0000:0e:00.0: Adding to iommu group 16
Jul 23 10:08:25 azken kernel: pci 0000:3a:00.0: Adding to iommu group 16
Jul 23 10:08:25 azken kernel: pci 0000:67:00.0: Adding to iommu group 16
Jul 23 10:08:25 azken kernel: pci 0000:68:00.0: Adding to iommu group 16
Jul 23 10:08:25 azken kernel: pci 0000:69:00.0: Adding to iommu group 17
Jul 23 10:08:25 azken kernel: pci 0000:6a:00.0: Adding to iommu group 18
Jul 23 10:08:25 azken kernel: pci 0000:6b:00.0: Adding to iommu group 19
Jul 23 10:08:25 azken kernel: pci 0000:6b:00.1: Adding to iommu group 20
Jul 23 10:08:25 azken kernel: pci 0000:6b:00.2: Adding to iommu group 21
Jul 23 10:08:25 azken kernel: pci 0000:6b:00.3: Adding to iommu group 22
Jul 23 10:08:25 azken kernel: pci 0000:6b:00.4: Adding to iommu group 23
Jul 23 10:08:25 azken kernel: pci 0000:6b:00.6: Adding to iommu group 24
Jul 23 10:08:25 azken kernel: pci 0000:6c:00.0: Adding to iommu group 25
Jul 23 10:08:25 azken kernel: AMD-Vi: Extended features (0x246577efa2254afa, 0x0): PPR NX GT [5] IA GA PC GA_vAPIC
Jul 23 10:08:25 azken kernel: AMD-Vi: Interrupt remapping enabled
Jul 23 10:08:25 azken kernel: Freeing initrd memory: 80368K
Jul 23 10:08:25 azken kernel: AMD-Vi: Virtual APIC enabled
Jul 23 10:08:25 azken kernel: PCI-DMA: Using software bounce buffering for IO (SWIOTLB)
Jul 23 10:08:25 azken kernel: software IO TLB: mapped [mem 0x000000005d15a000-0x000000006115a000] (64MB)
Jul 23 10:08:25 azken kernel: LVT offset 0 assigned for vector 0x400
Jul 23 10:08:25 azken kernel: perf: AMD IBS detected (0x00000bff)
Jul 23 10:08:25 azken kernel: perf/amd_iommu: Detected AMD IOMMU #0 (2 banks, 4 counters/bank).
Jul 23 10:08:25 azken kernel: Initialise system trusted keyrings
Jul 23 10:08:25 azken kernel: Key type blacklist registered
Jul 23 10:08:25 azken kernel: workingset: timestamp_bits=36 max_order=24 bucket_order=0
Jul 23 10:08:25 azken kernel: zbud: loaded
Jul 23 10:08:25 azken kernel: squashfs: version 4.0 (2009/01/31) Phillip Lougher
Jul 23 10:08:25 azken kernel: fuse: init (API version 7.40)
Jul 23 10:08:25 azken kernel: integrity: Platform Keyring initialized
Jul 23 10:08:25 azken kernel: integrity: Machine keyring initialized
Jul 23 10:08:25 azken kernel: Key type asymmetric registered
Jul 23 10:08:25 azken kernel: Asymmetric key parser 'x509' registered
Jul 23 10:08:25 azken kernel: Block layer SCSI generic (bsg) driver version 0.4 loaded (major 243)
Jul 23 10:08:25 azken kernel: io scheduler mq-deadline registered
Jul 23 10:08:25 azken kernel: pcieport 0000:00:01.1: PME: Signaling with IRQ 28
Jul 23 10:08:25 azken kernel: pcieport 0000:00:01.2: PME: Signaling with IRQ 29
Jul 23 10:08:25 azken kernel: pcieport 0000:00:02.1: PME: Signaling with IRQ 30
Jul 23 10:08:25 azken kernel: pcieport 0000:00:02.1: pciehp: Slot #0 AttnBtn- PwrCtrl- MRL- AttnInd- PwrInd- HotPlug+ Surprise+ Interlock- NoCompl+ IbPresDis- LLActRep+
Jul 23 10:08:25 azken kernel: pcieport 0000:00:08.1: PME: Signaling with IRQ 31
Jul 23 10:08:25 azken kernel: pcieport 0000:00:08.3: PME: Signaling with IRQ 32
Jul 23 10:08:25 azken kernel: pcieport 0000:0d:01.0: pciehp: Slot #1 AttnBtn- PwrCtrl- MRL- AttnInd- PwrInd- HotPlug+ Surprise+ Interlock- NoCompl+ IbPresDis- LLActRep+
Jul 23 10:08:25 azken kernel: pcieport 0000:0d:03.0: pciehp: Slot #3 AttnBtn- PwrCtrl- MRL- AttnInd- PwrInd- HotPlug+ Surprise+ Interlock- NoCompl+ IbPresDis- LLActRep+
Jul 23 10:08:25 azken kernel: shpchp: Standard Hot Plug PCI Controller Driver version: 0.4
Jul 23 10:08:25 azken kernel: input: Power Button as /devices/LNXSYSTM:00/LNXSYBUS:00/PNP0C0C:00/input/input0
Jul 23 10:08:25 azken kernel: ACPI: button: Power Button [PWRB]
Jul 23 10:08:25 azken kernel: input: Power Button as /devices/LNXSYSTM:00/LNXPWRBN:00/input/input1
Jul 23 10:08:25 azken kernel: ACPI: button: Power Button [PWRF]
Jul 23 10:08:25 azken kernel: Estimated ratio of average max frequency by base frequency (times 1024): 1181
Jul 23 10:08:25 azken kernel: Monitor-Mwait will be used to enter C-1 state
Jul 23 10:08:25 azken kernel: ACPI: \_SB_.PLTF.C000: Found 3 idle states
Jul 23 10:08:25 azken kernel: ACPI: \_SB_.PLTF.C002: Found 3 idle states
Jul 23 10:08:25 azken kernel: ACPI: \_SB_.PLTF.C004: Found 3 idle states
Jul 23 10:08:25 azken kernel: ACPI: \_SB_.PLTF.C006: Found 3 idle states
Jul 23 10:08:25 azken kernel: ACPI: \_SB_.PLTF.C008: Found 3 idle states
Jul 23 10:08:25 azken kernel: ACPI: \_SB_.PLTF.C00A: Found 3 idle states
Jul 23 10:08:25 azken kernel: ACPI: \_SB_.PLTF.C00C: Found 3 idle states
Jul 23 10:08:25 azken kernel: ACPI: \_SB_.PLTF.C00E: Found 3 idle states
Jul 23 10:08:25 azken kernel: ACPI: \_SB_.PLTF.C010: Found 3 idle states
Jul 23 10:08:25 azken kernel: ACPI: \_SB_.PLTF.C012: Found 3 idle states
Jul 23 10:08:25 azken kernel: ACPI: \_SB_.PLTF.C014: Found 3 idle states
Jul 23 10:08:25 azken kernel: ACPI: \_SB_.PLTF.C016: Found 3 idle states
Jul 23 10:08:25 azken kernel: ACPI: \_SB_.PLTF.C018: Found 3 idle states
Jul 23 10:08:25 azken kernel: ACPI: \_SB_.PLTF.C01A: Found 3 idle states
Jul 23 10:08:25 azken kernel: ACPI: \_SB_.PLTF.C01C: Found 3 idle states
Jul 23 10:08:25 azken kernel: ACPI: \_SB_.PLTF.C01E: Found 3 idle states
Jul 23 10:08:25 azken kernel: ACPI: \_SB_.PLTF.C001: Found 3 idle states
Jul 23 10:08:25 azken kernel: ACPI: \_SB_.PLTF.C003: Found 3 idle states
Jul 23 10:08:25 azken kernel: ACPI: \_SB_.PLTF.C005: Found 3 idle states
Jul 23 10:08:25 azken kernel: ACPI: \_SB_.PLTF.C007: Found 3 idle states
Jul 23 10:08:25 azken kernel: ACPI: \_SB_.PLTF.C009: Found 3 idle states
Jul 23 10:08:25 azken kernel: ACPI: \_SB_.PLTF.C00B: Found 3 idle states
Jul 23 10:08:25 azken kernel: ACPI: \_SB_.PLTF.C00D: Found 3 idle states
Jul 23 10:08:25 azken kernel: ACPI: \_SB_.PLTF.C00F: Found 3 idle states
Jul 23 10:08:25 azken kernel: ACPI: \_SB_.PLTF.C011: Found 3 idle states
Jul 23 10:08:25 azken kernel: ACPI: \_SB_.PLTF.C013: Found 3 idle states
Jul 23 10:08:25 azken kernel: ACPI: \_SB_.PLTF.C015: Found 3 idle states
Jul 23 10:08:25 azken kernel: ACPI: \_SB_.PLTF.C017: Found 3 idle states
Jul 23 10:08:25 azken kernel: ACPI: \_SB_.PLTF.C019: Found 3 idle states
Jul 23 10:08:25 azken kernel: ACPI: \_SB_.PLTF.C01B: Found 3 idle states
Jul 23 10:08:25 azken kernel: ACPI: \_SB_.PLTF.C01D: Found 3 idle states
Jul 23 10:08:25 azken kernel: ACPI: \_SB_.PLTF.C01F: Found 3 idle states
Jul 23 10:08:25 azken kernel: Serial: 8250/16550 driver, 32 ports, IRQ sharing enabled
Jul 23 10:08:25 azken kernel: 00:04: ttyS0 at I/O 0x3f8 (irq = 4, base_baud = 115200) is a 16550A
Jul 23 10:08:25 azken kernel: Linux agpgart interface v0.103
Jul 23 10:08:25 azken kernel: tpm_crb MSFT0101:00: Disabling hwrng
Jul 23 10:08:25 azken kernel: loop: module loaded
Jul 23 10:08:25 azken kernel: ACPI: bus type drm_connector registered
Jul 23 10:08:25 azken kernel: tun: Universal TUN/TAP device driver, 1.6
Jul 23 10:08:25 azken kernel: PPP generic driver version 2.4.2
Jul 23 10:08:25 azken kernel: i8042: PNP: No PS/2 controller found.
Jul 23 10:08:25 azken kernel: mousedev: PS/2 mouse device common for all mice
Jul 23 10:08:25 azken kernel: rtc_cmos 00:02: RTC can wake from S4
Jul 23 10:08:25 azken kernel: rtc_cmos 00:02: registered as rtc0
Jul 23 10:08:25 azken kernel: rtc_cmos 00:02: setting system clock to 2025-07-23T08:08:18 UTC (1753258098)
Jul 23 10:08:25 azken kernel: rtc_cmos 00:02: alarms up to one month, y3k, 114 bytes nvram
Jul 23 10:08:25 azken kernel: i2c_dev: i2c /dev entries driver
Jul 23 10:08:25 azken kernel: device-mapper: core: CONFIG_IMA_DISABLE_HTABLE is disabled. Duplicate IMA measurements will not be recorded in the IMA log.
Jul 23 10:08:25 azken kernel: device-mapper: uevent: version 1.0.3
Jul 23 10:08:25 azken kernel: device-mapper: ioctl: 4.48.0-ioctl (2023-03-01) initialised: dm-devel@lists.linux.dev
Jul 23 10:08:25 azken kernel: platform eisa.0: Probing EISA bus 0
Jul 23 10:08:25 azken kernel: platform eisa.0: EISA: Cannot allocate resource for mainboard
Jul 23 10:08:25 azken kernel: platform eisa.0: Cannot allocate resource for EISA slot 1
Jul 23 10:08:25 azken kernel: platform eisa.0: Cannot allocate resource for EISA slot 2
Jul 23 10:08:25 azken kernel: platform eisa.0: Cannot allocate resource for EISA slot 3
Jul 23 10:08:25 azken kernel: platform eisa.0: Cannot allocate resource for EISA slot 4
Jul 23 10:08:25 azken kernel: platform eisa.0: Cannot allocate resource for EISA slot 5
Jul 23 10:08:25 azken kernel: platform eisa.0: Cannot allocate resource for EISA slot 6
Jul 23 10:08:25 azken kernel: platform eisa.0: Cannot allocate resource for EISA slot 7
Jul 23 10:08:25 azken kernel: platform eisa.0: Cannot allocate resource for EISA slot 8
Jul 23 10:08:25 azken kernel: platform eisa.0: EISA: Detected 0 cards
Jul 23 10:08:25 azken kernel: ledtrig-cpu: registered to indicate activity on CPUs
Jul 23 10:08:25 azken kernel: [drm] Initialized simpledrm 1.0.0 for simple-framebuffer.0 on minor 0
Jul 23 10:08:25 azken kernel: fbcon: Deferring console take-over
Jul 23 10:08:25 azken kernel: simple-framebuffer simple-framebuffer.0: [drm] fb0: simpledrmdrmfb frame buffer device
Jul 23 10:08:25 azken kernel: drop_monitor: Initializing network drop monitor service
Jul 23 10:08:25 azken kernel: NET: Registered PF_INET6 protocol family
Jul 23 10:08:25 azken kernel: Segment Routing with IPv6
Jul 23 10:08:25 azken kernel: In-situ OAM (IOAM) with IPv6
Jul 23 10:08:25 azken kernel: NET: Registered PF_PACKET protocol family
Jul 23 10:08:25 azken kernel: Key type dns_resolver registered
Jul 23 10:08:25 azken kernel: microcode: Current revision: 0x0a601209
Jul 23 10:08:25 azken kernel: resctrl: L3 allocation detected
Jul 23 10:08:25 azken kernel: resctrl: MB allocation detected
Jul 23 10:08:25 azken kernel: resctrl: SMBA allocation detected
Jul 23 10:08:25 azken kernel: resctrl: L3 monitoring detected
Jul 23 10:08:25 azken kernel: IPI shorthand broadcast: enabled
