Jul 22 00:28:29 azken kernel: Linux version 6.11.0-17-generic (buildd@lcy02-amd64-038) (x86_64-linux-gnu-gcc-13 (Ubuntu 13.3.0-6ubuntu2~24.04) 13.3.0, GNU ld (GNU Binutils for Ubuntu) 2.42) #17~24.04.2-Ubuntu SMP PREEMPT_DYNAMIC Mon Jan 20 22:48:29 UTC 2 (Ubuntu 6.11.0-17.17~24.04.2-generic 6.11.11)
Jul 22 00:28:29 azken kernel: Command line: BOOT_IMAGE=/casper/vmlinuz boot=casper --- quiet splash
Jul 22 00:28:29 azken kernel: KERNEL supported cpus:
Jul 22 00:28:29 azken kernel:   Intel GenuineIntel
Jul 22 00:28:29 azken kernel:   AMD AuthenticAMD
Jul 22 00:28:29 azken kernel:   Hygon HygonGenuine
Jul 22 00:28:29 azken kernel:   Centaur CentaurHauls
Jul 22 00:28:29 azken kernel:   zhaoxin   Shanghai  
Jul 22 00:28:29 azken kernel: BIOS-provided physical RAM map:
Jul 22 00:28:29 azken kernel: BIOS-e820: [mem 0x0000000000000000-0x000000000005efff] usable
Jul 22 00:28:29 azken kernel: BIOS-e820: [mem 0x000000000005f000-0x000000000005ffff] reserved
Jul 22 00:28:29 azken kernel: BIOS-e820: [mem 0x0000000000060000-0x000000000009ffff] usable
Jul 22 00:28:29 azken kernel: BIOS-e820: [mem 0x00000000000a0000-0x00000000000fffff] reserved
Jul 22 00:28:29 azken kernel: BIOS-e820: [mem 0x0000000000100000-0x0000000030197fff] usable
Jul 22 00:28:29 azken kernel: BIOS-e820: [mem 0x0000000030198000-0x0000000030198fff] ACPI NVS
Jul 22 00:28:29 azken kernel: BIOS-e820: [mem 0x0000000030199000-0x0000000030199fff] reserved
Jul 22 00:28:29 azken kernel: BIOS-e820: [mem 0x000000003019a000-0x0000000038aaefff] usable
Jul 22 00:28:29 azken kernel: BIOS-e820: [mem 0x0000000038aaf000-0x0000000038f16fff] reserved
Jul 22 00:28:29 azken kernel: BIOS-e820: [mem 0x0000000038f17000-0x0000000038f93fff] ACPI data
Jul 22 00:28:29 azken kernel: BIOS-e820: [mem 0x0000000038f94000-0x000000003944efff] ACPI NVS
Jul 22 00:28:29 azken kernel: BIOS-e820: [mem 0x000000003944f000-0x0000000039efefff] reserved
Jul 22 00:28:29 azken kernel: BIOS-e820: [mem 0x0000000039eff000-0x0000000039efffff] usable
Jul 22 00:28:29 azken kernel: BIOS-e820: [mem 0x0000000039f00000-0x000000003f7fffff] reserved
Jul 22 00:28:29 azken kernel: BIOS-e820: [mem 0x00000000e0000000-0x00000000efffffff] reserved
Jul 22 00:28:29 azken kernel: BIOS-e820: [mem 0x00000000fe000000-0x00000000fe010fff] reserved
Jul 22 00:28:29 azken kernel: BIOS-e820: [mem 0x00000000fec00000-0x00000000fec00fff] reserved
Jul 22 00:28:29 azken kernel: BIOS-e820: [mem 0x00000000fee00000-0x00000000fee00fff] reserved
Jul 22 00:28:29 azken kernel: BIOS-e820: [mem 0x00000000ff000000-0x00000000ffffffff] reserved
Jul 22 00:28:29 azken kernel: BIOS-e820: [mem 0x0000000100000000-0x00000004be7fffff] usable
Jul 22 00:28:29 azken kernel: NX (Execute Disable) protection: active
Jul 22 00:28:29 azken kernel: APIC: Static calls initialized
Jul 22 00:28:29 azken kernel: e820: update [mem 0x24451018-0x24477457] usable ==> usable
Jul 22 00:28:29 azken kernel: e820: update [mem 0x24440018-0x24450057] usable ==> usable
Jul 22 00:28:29 azken kernel: e820: update [mem 0x24431018-0x2443f057] usable ==> usable
Jul 22 00:28:29 azken kernel: extended physical RAM map:
Jul 22 00:28:29 azken kernel: reserve setup_data: [mem 0x0000000000000000-0x000000000005efff] usable
Jul 22 00:28:29 azken kernel: reserve setup_data: [mem 0x000000000005f000-0x000000000005ffff] reserved
Jul 22 00:28:29 azken kernel: reserve setup_data: [mem 0x0000000000060000-0x000000000009ffff] usable
Jul 22 00:28:29 azken kernel: reserve setup_data: [mem 0x00000000000a0000-0x00000000000fffff] reserved
Jul 22 00:28:29 azken kernel: reserve setup_data: [mem 0x0000000000100000-0x0000000024431017] usable
Jul 22 00:28:29 azken kernel: reserve setup_data: [mem 0x0000000024431018-0x000000002443f057] usable
Jul 22 00:28:29 azken kernel: reserve setup_data: [mem 0x000000002443f058-0x0000000024440017] usable
Jul 22 00:28:29 azken kernel: reserve setup_data: [mem 0x0000000024440018-0x0000000024450057] usable
Jul 22 00:28:29 azken kernel: reserve setup_data: [mem 0x0000000024450058-0x0000000024451017] usable
Jul 22 00:28:29 azken kernel: reserve setup_data: [mem 0x0000000024451018-0x0000000024477457] usable
Jul 22 00:28:29 azken kernel: reserve setup_data: [mem 0x0000000024477458-0x0000000030197fff] usable
Jul 22 00:28:29 azken kernel: reserve setup_data: [mem 0x0000000030198000-0x0000000030198fff] ACPI NVS
Jul 22 00:28:29 azken kernel: reserve setup_data: [mem 0x0000000030199000-0x0000000030199fff] reserved
Jul 22 00:28:29 azken kernel: reserve setup_data: [mem 0x000000003019a000-0x0000000038aaefff] usable
Jul 22 00:28:29 azken kernel: reserve setup_data: [mem 0x0000000038aaf000-0x0000000038f16fff] reserved
Jul 22 00:28:29 azken kernel: reserve setup_data: [mem 0x0000000038f17000-0x0000000038f93fff] ACPI data
Jul 22 00:28:29 azken kernel: reserve setup_data: [mem 0x0000000038f94000-0x000000003944efff] ACPI NVS
Jul 22 00:28:29 azken kernel: reserve setup_data: [mem 0x000000003944f000-0x0000000039efefff] reserved
Jul 22 00:28:29 azken kernel: reserve setup_data: [mem 0x0000000039eff000-0x0000000039efffff] usable
Jul 22 00:28:29 azken kernel: reserve setup_data: [mem 0x0000000039f00000-0x000000003f7fffff] reserved
Jul 22 00:28:29 azken kernel: reserve setup_data: [mem 0x00000000e0000000-0x00000000efffffff] reserved
Jul 22 00:28:29 azken kernel: reserve setup_data: [mem 0x00000000fe000000-0x00000000fe010fff] reserved
Jul 22 00:28:29 azken kernel: reserve setup_data: [mem 0x00000000fec00000-0x00000000fec00fff] reserved
Jul 22 00:28:29 azken kernel: reserve setup_data: [mem 0x00000000fee00000-0x00000000fee00fff] reserved
Jul 22 00:28:29 azken kernel: reserve setup_data: [mem 0x00000000ff000000-0x00000000ffffffff] reserved
Jul 22 00:28:29 azken kernel: reserve setup_data: [mem 0x0000000100000000-0x00000004be7fffff] usable
Jul 22 00:28:29 azken kernel: efi: EFI v2.7 by American Megatrends
Jul 22 00:28:29 azken kernel: efi: ACPI 2.0=0x393a3000 ACPI=0x393a3000 SMBIOS=0x39c41000 SMBIOS 3.0=0x39c40000 ESRT=0x33e48318 MEMATTR=0x32d10018 MOKvar=0x39792000 INITRD=0x30292598 RNG=0x38f93018 
Jul 22 00:28:29 azken kernel: random: crng init done
Jul 22 00:28:29 azken kernel: efi: Remove mem42: MMIO range=[0xe0000000-0xefffffff] (256MB) from e820 map
Jul 22 00:28:29 azken kernel: e820: remove [mem 0xe0000000-0xefffffff] reserved
Jul 22 00:28:29 azken kernel: efi: Not removing mem43: MMIO range=[0xfe000000-0xfe010fff] (68KB) from e820 map
Jul 22 00:28:29 azken kernel: efi: Not removing mem44: MMIO range=[0xfec00000-0xfec00fff] (4KB) from e820 map
Jul 22 00:28:29 azken kernel: efi: Not removing mem45: MMIO range=[0xfee00000-0xfee00fff] (4KB) from e820 map
Jul 22 00:28:29 azken kernel: efi: Remove mem46: MMIO range=[0xff000000-0xffffffff] (16MB) from e820 map
Jul 22 00:28:29 azken kernel: e820: remove [mem 0xff000000-0xffffffff] reserved
Jul 22 00:28:29 azken kernel: SMBIOS 3.1.1 present.
Jul 22 00:28:29 azken kernel: DMI: Gigabyte Technology Co., Ltd. Z390 UD/Z390 UD, BIOS F6 01/16/2019
Jul 22 00:28:29 azken kernel: DMI: Memory slots populated: 2/4
Jul 22 00:28:29 azken kernel: secureboot: Secure boot disabled
Jul 22 00:28:29 azken kernel: tsc: Detected 3600.000 MHz processor
Jul 22 00:28:29 azken kernel: e820: update [mem 0x00000000-0x00000fff] usable ==> reserved
Jul 22 00:28:29 azken kernel: e820: remove [mem 0x000a0000-0x000fffff] usable
Jul 22 00:28:29 azken kernel: last_pfn = 0x4be800 max_arch_pfn = 0x400000000
Jul 22 00:28:29 azken kernel: MTRR map: 4 entries (3 fixed + 1 variable; max 23), built from 10 variable MTRRs
Jul 22 00:28:29 azken kernel: x86/PAT: Configuration [0-7]: WB  WC  UC- UC  WB  WP  UC- WT  
Jul 22 00:28:29 azken kernel: last_pfn = 0x39f00 max_arch_pfn = 0x400000000
Jul 22 00:28:29 azken kernel: found SMP MP-table at [mem 0x000fcde0-0x000fcdef]
Jul 22 00:28:29 azken kernel: esrt: Reserving ESRT space from 0x0000000033e48318 to 0x0000000033e48350.
Jul 22 00:28:29 azken kernel: e820: update [mem 0x33e48000-0x33e48fff] usable ==> reserved
Jul 22 00:28:29 azken kernel: Using GB pages for direct mapping
Jul 22 00:28:29 azken kernel: secureboot: Secure boot disabled
Jul 22 00:28:29 azken kernel: RAMDISK: [mem 0x24478000-0x292fbfff]
Jul 22 00:28:29 azken kernel: ACPI: Early table checksum verification disabled
Jul 22 00:28:29 azken kernel: ACPI: RSDP 0x00000000393A3000 000024 (v02 ALASKA)
Jul 22 00:28:29 azken kernel: ACPI: XSDT 0x00000000393A30A8 0000D4 (v01 ALASKA A M I    01072009 AMI  00010013)
Jul 22 00:28:29 azken kernel: ACPI: FACP 0x00000000393E3DB8 000114 (v06 ALASKA A M I    01072009 AMI  00010013)
Jul 22 00:28:29 azken kernel: ACPI: DSDT 0x00000000393A3218 040B9A (v02 ALASKA A M I    01072009 INTL 20160527)
Jul 22 00:28:29 azken kernel: ACPI: FACS 0x000000003944E080 000040
Jul 22 00:28:29 azken kernel: ACPI: APIC 0x00000000393E3ED0 0000BC (v04 ALASKA A M I    01072009 AMI  00010013)
Jul 22 00:28:29 azken kernel: ACPI: FPDT 0x00000000393E3F90 000044 (v01 ALASKA A M I    01072009 AMI  00010013)
Jul 22 00:28:29 azken kernel: ACPI: FIDT 0x00000000393E3FD8 00009C (v01 ALASKA A M I    01072009 AMI  00010013)
Jul 22 00:28:29 azken kernel: ACPI: MCFG 0x00000000393E4078 00003C (v01 ALASKA A M I    01072009 MSFT 00000097)
Jul 22 00:28:29 azken kernel: ACPI: SSDT 0x00000000393E40B8 000204 (v01 ALASKA A M I    00001000 INTL 20160527)
Jul 22 00:28:29 azken kernel: ACPI: SSDT 0x00000000393E42C0 0017D5 (v02 ALASKA A M I    00003000 INTL 20160527)
Jul 22 00:28:29 azken kernel: ACPI: SSDT 0x00000000393E5A98 007B9E (v01 ALASKA A M I    00000001 INTL 20160527)
Jul 22 00:28:29 azken kernel: ACPI: SSDT 0x00000000393ED638 0031C7 (v02 ALASKA A M I    00003000 INTL 20160527)
Jul 22 00:28:29 azken kernel: ACPI: SSDT 0x00000000393F0800 002358 (v02 ALASKA A M I    00001000 INTL 20160527)
Jul 22 00:28:29 azken kernel: ACPI: HPET 0x00000000393F2B58 000038 (v01 ALASKA A M I    00000002      01000013)
Jul 22 00:28:29 azken kernel: ACPI: SSDT 0x00000000393F2B90 000F9E (v02 ALASKA A M I    00001000 INTL 20160527)
Jul 22 00:28:29 azken kernel: ACPI: SSDT 0x00000000393F3B30 002D1B (v02 ALASKA A M I    00000000 INTL 20160527)
Jul 22 00:28:29 azken kernel: ACPI: UEFI 0x00000000393F6850 000048 (v01 ALASKA A M I    00000002      01000013)
Jul 22 00:28:29 azken kernel: ACPI: LPIT 0x00000000393F6898 00005C (v01 ALASKA A M I    00000002      01000013)
Jul 22 00:28:29 azken kernel: ACPI: SSDT 0x00000000393F68F8 0027DE (v02 ALASKA A M I    00001000 INTL 20160527)
Jul 22 00:28:29 azken kernel: ACPI: SSDT 0x00000000393F90D8 000FFE (v02 ALASKA A M I    00000000 INTL 20160527)
Jul 22 00:28:29 azken kernel: ACPI: DBGP 0x00000000393FA0D8 000034 (v01 ALASKA A M I    00000002      01000013)
Jul 22 00:28:29 azken kernel: ACPI: DBG2 0x00000000393FA110 000054 (v00 ALASKA A M I    00000002      01000013)
Jul 22 00:28:29 azken kernel: ACPI: DMAR 0x00000000393FA168 0000A8 (v01 ALASKA A M I    00000002      01000013)
Jul 22 00:28:29 azken kernel: ACPI: BGRT 0x00000000393FA210 000038 (v01 ALASKA A M I    01072009 AMI  00010013)
Jul 22 00:28:29 azken kernel: ACPI: WSMT 0x00000000393FA248 000028 (v01 ALASKA A M I    01072009 AMI  00010013)
Jul 22 00:28:29 azken kernel: ACPI: Reserving FACP table memory at [mem 0x393e3db8-0x393e3ecb]
Jul 22 00:28:29 azken kernel: ACPI: Reserving DSDT table memory at [mem 0x393a3218-0x393e3db1]
Jul 22 00:28:29 azken kernel: ACPI: Reserving FACS table memory at [mem 0x3944e080-0x3944e0bf]
Jul 22 00:28:29 azken kernel: ACPI: Reserving APIC table memory at [mem 0x393e3ed0-0x393e3f8b]
Jul 22 00:28:29 azken kernel: ACPI: Reserving FPDT table memory at [mem 0x393e3f90-0x393e3fd3]
Jul 22 00:28:29 azken kernel: ACPI: Reserving FIDT table memory at [mem 0x393e3fd8-0x393e4073]
Jul 22 00:28:29 azken kernel: ACPI: Reserving MCFG table memory at [mem 0x393e4078-0x393e40b3]
Jul 22 00:28:29 azken kernel: ACPI: Reserving SSDT table memory at [mem 0x393e40b8-0x393e42bb]
Jul 22 00:28:29 azken kernel: ACPI: Reserving SSDT table memory at [mem 0x393e42c0-0x393e5a94]
Jul 22 00:28:29 azken kernel: ACPI: Reserving SSDT table memory at [mem 0x393e5a98-0x393ed635]
Jul 22 00:28:29 azken kernel: ACPI: Reserving SSDT table memory at [mem 0x393ed638-0x393f07fe]
Jul 22 00:28:29 azken kernel: ACPI: Reserving SSDT table memory at [mem 0x393f0800-0x393f2b57]
Jul 22 00:28:29 azken kernel: ACPI: Reserving HPET table memory at [mem 0x393f2b58-0x393f2b8f]
Jul 22 00:28:29 azken kernel: ACPI: Reserving SSDT table memory at [mem 0x393f2b90-0x393f3b2d]
Jul 22 00:28:29 azken kernel: ACPI: Reserving SSDT table memory at [mem 0x393f3b30-0x393f684a]
Jul 22 00:28:29 azken kernel: ACPI: Reserving UEFI table memory at [mem 0x393f6850-0x393f6897]
Jul 22 00:28:29 azken kernel: ACPI: Reserving LPIT table memory at [mem 0x393f6898-0x393f68f3]
Jul 22 00:28:29 azken kernel: ACPI: Reserving SSDT table memory at [mem 0x393f68f8-0x393f90d5]
Jul 22 00:28:29 azken kernel: ACPI: Reserving SSDT table memory at [mem 0x393f90d8-0x393fa0d5]
Jul 22 00:28:29 azken kernel: ACPI: Reserving DBGP table memory at [mem 0x393fa0d8-0x393fa10b]
Jul 22 00:28:29 azken kernel: ACPI: Reserving DBG2 table memory at [mem 0x393fa110-0x393fa163]
Jul 22 00:28:29 azken kernel: ACPI: Reserving DMAR table memory at [mem 0x393fa168-0x393fa20f]
Jul 22 00:28:29 azken kernel: ACPI: Reserving BGRT table memory at [mem 0x393fa210-0x393fa247]
Jul 22 00:28:29 azken kernel: ACPI: Reserving WSMT table memory at [mem 0x393fa248-0x393fa26f]
Jul 22 00:28:29 azken kernel: No NUMA configuration found
Jul 22 00:28:29 azken kernel: Faking a node at [mem 0x0000000000000000-0x00000004be7fffff]
Jul 22 00:28:29 azken kernel: NODE_DATA(0) allocated [mem 0x4be7d5000-0x4be7fffff]
Jul 22 00:28:29 azken kernel: Zone ranges:
Jul 22 00:28:29 azken kernel:   DMA      [mem 0x0000000000001000-0x0000000000ffffff]
Jul 22 00:28:29 azken kernel:   DMA32    [mem 0x0000000001000000-0x00000000ffffffff]
Jul 22 00:28:29 azken kernel:   Normal   [mem 0x0000000100000000-0x00000004be7fffff]
Jul 22 00:28:29 azken kernel:   Device   empty
Jul 22 00:28:29 azken kernel: Movable zone start for each node
Jul 22 00:28:29 azken kernel: Early memory node ranges
Jul 22 00:28:29 azken kernel:   node   0: [mem 0x0000000000001000-0x000000000005efff]
Jul 22 00:28:29 azken kernel:   node   0: [mem 0x0000000000060000-0x000000000009ffff]
Jul 22 00:28:29 azken kernel:   node   0: [mem 0x0000000000100000-0x0000000030197fff]
Jul 22 00:28:29 azken kernel:   node   0: [mem 0x000000003019a000-0x0000000038aaefff]
Jul 22 00:28:29 azken kernel:   node   0: [mem 0x0000000039eff000-0x0000000039efffff]
Jul 22 00:28:29 azken kernel:   node   0: [mem 0x0000000100000000-0x00000004be7fffff]
Jul 22 00:28:29 azken kernel: Initmem setup node 0 [mem 0x0000000000001000-0x00000004be7fffff]
Jul 22 00:28:29 azken kernel: On node 0, zone DMA: 1 pages in unavailable ranges
Jul 22 00:28:29 azken kernel: On node 0, zone DMA: 1 pages in unavailable ranges
Jul 22 00:28:29 azken kernel: On node 0, zone DMA: 96 pages in unavailable ranges
Jul 22 00:28:29 azken kernel: On node 0, zone DMA32: 2 pages in unavailable ranges
Jul 22 00:28:29 azken kernel: On node 0, zone DMA32: 5200 pages in unavailable ranges
Jul 22 00:28:29 azken kernel: On node 0, zone Normal: 24832 pages in unavailable ranges
Jul 22 00:28:29 azken kernel: On node 0, zone Normal: 6144 pages in unavailable ranges
Jul 22 00:28:29 azken kernel: ACPI: PM-Timer IO Port: 0x1808
Jul 22 00:28:29 azken kernel: ACPI: LAPIC_NMI (acpi_id[0x01] high edge lint[0x1])
Jul 22 00:28:29 azken kernel: ACPI: LAPIC_NMI (acpi_id[0x02] high edge lint[0x1])
Jul 22 00:28:29 azken kernel: ACPI: LAPIC_NMI (acpi_id[0x03] high edge lint[0x1])
Jul 22 00:28:29 azken kernel: ACPI: LAPIC_NMI (acpi_id[0x04] high edge lint[0x1])
Jul 22 00:28:29 azken kernel: ACPI: LAPIC_NMI (acpi_id[0x05] high edge lint[0x1])
Jul 22 00:28:29 azken kernel: ACPI: LAPIC_NMI (acpi_id[0x06] high edge lint[0x1])
Jul 22 00:28:29 azken kernel: ACPI: LAPIC_NMI (acpi_id[0x07] high edge lint[0x1])
Jul 22 00:28:29 azken kernel: ACPI: LAPIC_NMI (acpi_id[0x08] high edge lint[0x1])
Jul 22 00:28:29 azken kernel: IOAPIC[0]: apic_id 2, version 32, address 0xfec00000, GSI 0-119
Jul 22 00:28:29 azken kernel: ACPI: INT_SRC_OVR (bus 0 bus_irq 0 global_irq 2 dfl dfl)
Jul 22 00:28:29 azken kernel: ACPI: INT_SRC_OVR (bus 0 bus_irq 9 global_irq 9 high level)
Jul 22 00:28:29 azken kernel: ACPI: Using ACPI (MADT) for SMP configuration information
Jul 22 00:28:29 azken kernel: ACPI: HPET id: 0x8086a201 base: 0xfed00000
Jul 22 00:28:29 azken kernel: e820: update [mem 0x34a9d000-0x34ae1fff] usable ==> reserved
Jul 22 00:28:29 azken kernel: TSC deadline timer available
Jul 22 00:28:29 azken kernel: CPU topo: Max. logical packages:   1
Jul 22 00:28:29 azken kernel: CPU topo: Max. logical dies:       1
Jul 22 00:28:29 azken kernel: CPU topo: Max. dies per package:   1
Jul 22 00:28:29 azken kernel: CPU topo: Max. threads per core:   1
Jul 22 00:28:29 azken kernel: CPU topo: Num. cores per package:     8
Jul 22 00:28:29 azken kernel: CPU topo: Num. threads per package:   8
Jul 22 00:28:29 azken kernel: CPU topo: Allowing 8 present CPUs plus 0 hotplug CPUs
Jul 22 00:28:29 azken kernel: PM: hibernation: Registered nosave memory: [mem 0x00000000-0x00000fff]
Jul 22 00:28:29 azken kernel: PM: hibernation: Registered nosave memory: [mem 0x0005f000-0x0005ffff]
Jul 22 00:28:29 azken kernel: PM: hibernation: Registered nosave memory: [mem 0x000a0000-0x000fffff]
Jul 22 00:28:29 azken kernel: PM: hibernation: Registered nosave memory: [mem 0x24431000-0x24431fff]
Jul 22 00:28:29 azken kernel: PM: hibernation: Registered nosave memory: [mem 0x2443f000-0x2443ffff]
Jul 22 00:28:29 azken kernel: PM: hibernation: Registered nosave memory: [mem 0x24440000-0x24440fff]
Jul 22 00:28:29 azken kernel: PM: hibernation: Registered nosave memory: [mem 0x24450000-0x24450fff]
Jul 22 00:28:29 azken kernel: PM: hibernation: Registered nosave memory: [mem 0x24451000-0x24451fff]
Jul 22 00:28:29 azken kernel: PM: hibernation: Registered nosave memory: [mem 0x24477000-0x24477fff]
Jul 22 00:28:29 azken kernel: PM: hibernation: Registered nosave memory: [mem 0x30198000-0x30198fff]
Jul 22 00:28:29 azken kernel: PM: hibernation: Registered nosave memory: [mem 0x30199000-0x30199fff]
Jul 22 00:28:29 azken kernel: PM: hibernation: Registered nosave memory: [mem 0x33e48000-0x33e48fff]
Jul 22 00:28:29 azken kernel: PM: hibernation: Registered nosave memory: [mem 0x34a9d000-0x34ae1fff]
Jul 22 00:28:29 azken kernel: PM: hibernation: Registered nosave memory: [mem 0x38aaf000-0x38f16fff]
Jul 22 00:28:29 azken kernel: PM: hibernation: Registered nosave memory: [mem 0x38f17000-0x38f93fff]
Jul 22 00:28:29 azken kernel: PM: hibernation: Registered nosave memory: [mem 0x38f94000-0x3944efff]
Jul 22 00:28:29 azken kernel: PM: hibernation: Registered nosave memory: [mem 0x3944f000-0x39efefff]
Jul 22 00:28:29 azken kernel: PM: hibernation: Registered nosave memory: [mem 0x39f00000-0x3f7fffff]
Jul 22 00:28:29 azken kernel: PM: hibernation: Registered nosave memory: [mem 0x3f800000-0xfdffffff]
Jul 22 00:28:29 azken kernel: PM: hibernation: Registered nosave memory: [mem 0xfe000000-0xfe010fff]
Jul 22 00:28:29 azken kernel: PM: hibernation: Registered nosave memory: [mem 0xfe011000-0xfebfffff]
Jul 22 00:28:29 azken kernel: PM: hibernation: Registered nosave memory: [mem 0xfec00000-0xfec00fff]
Jul 22 00:28:29 azken kernel: PM: hibernation: Registered nosave memory: [mem 0xfec01000-0xfedfffff]
Jul 22 00:28:29 azken kernel: PM: hibernation: Registered nosave memory: [mem 0xfee00000-0xfee00fff]
Jul 22 00:28:29 azken kernel: PM: hibernation: Registered nosave memory: [mem 0xfee01000-0xffffffff]
Jul 22 00:28:29 azken kernel: [mem 0x3f800000-0xfdffffff] available for PCI devices
Jul 22 00:28:29 azken kernel: Booting paravirtualized kernel on bare hardware
Jul 22 00:28:29 azken kernel: clocksource: refined-jiffies: mask: 0xffffffff max_cycles: 0xffffffff, max_idle_ns: 1910969940391419 ns
Jul 22 00:28:29 azken kernel: setup_percpu: NR_CPUS:8192 nr_cpumask_bits:8 nr_cpu_ids:8 nr_node_ids:1
Jul 22 00:28:29 azken kernel: percpu: Embedded 88 pages/cpu s237568 r8192 d114688 u524288
Jul 22 00:28:29 azken kernel: pcpu-alloc: s237568 r8192 d114688 u524288 alloc=1*2097152
Jul 22 00:28:29 azken kernel: pcpu-alloc: [0] 0 1 2 3 [0] 4 5 6 7 
Jul 22 00:28:29 azken kernel: Kernel command line: BOOT_IMAGE=/casper/vmlinuz boot=casper --- quiet splash
Jul 22 00:28:29 azken kernel: Unknown kernel command line parameters "--- splash BOOT_IMAGE=/casper/vmlinuz boot=casper", will be passed to user space.
Jul 22 00:28:29 azken kernel: Dentry cache hash table entries: 2097152 (order: 12, 16777216 bytes, linear)
Jul 22 00:28:29 azken kernel: Inode-cache hash table entries: 1048576 (order: 11, 8388608 bytes, linear)
Jul 22 00:28:29 azken kernel: Fallback order for Node 0: 0 
Jul 22 00:28:29 azken kernel: Built 1 zonelists, mobility grouping on.  Total pages: 4158028
Jul 22 00:28:29 azken kernel: Policy zone: Normal
Jul 22 00:28:29 azken kernel: mem auto-init: stack:all(zero), heap alloc:on, heap free:off
Jul 22 00:28:29 azken kernel: software IO TLB: area num 8.
Jul 22 00:28:29 azken kernel: SLUB: HWalign=64, Order=0-3, MinObjects=0, CPUs=8, Nodes=1
Jul 22 00:28:29 azken kernel: ftrace: allocating 59199 entries in 232 pages
Jul 22 00:28:29 azken kernel: ftrace: allocated 232 pages with 4 groups
Jul 22 00:28:29 azken kernel: Dynamic Preempt: voluntary
Jul 22 00:28:29 azken kernel: rcu: Preemptible hierarchical RCU implementation.
Jul 22 00:28:29 azken kernel: rcu:         RCU restricting CPUs from NR_CPUS=8192 to nr_cpu_ids=8.
Jul 22 00:28:29 azken kernel:         Trampoline variant of Tasks RCU enabled.
Jul 22 00:28:29 azken kernel:         Rude variant of Tasks RCU enabled.
Jul 22 00:28:29 azken kernel:         Tracing variant of Tasks RCU enabled.
Jul 22 00:28:29 azken kernel: rcu: RCU calculated value of scheduler-enlistment delay is 100 jiffies.
Jul 22 00:28:29 azken kernel: rcu: Adjusting geometry for rcu_fanout_leaf=16, nr_cpu_ids=8
Jul 22 00:28:29 azken kernel: RCU Tasks: Setting shift to 3 and lim to 1 rcu_task_cb_adjust=1 rcu_task_cpu_ids=8.
Jul 22 00:28:29 azken kernel: RCU Tasks Rude: Setting shift to 3 and lim to 1 rcu_task_cb_adjust=1 rcu_task_cpu_ids=8.
Jul 22 00:28:29 azken kernel: RCU Tasks Trace: Setting shift to 3 and lim to 1 rcu_task_cb_adjust=1 rcu_task_cpu_ids=8.
Jul 22 00:28:29 azken kernel: NR_IRQS: 524544, nr_irqs: 2048, preallocated irqs: 16
Jul 22 00:28:29 azken kernel: rcu: srcu_init: Setting srcu_struct sizes based on contention.
Jul 22 00:28:29 azken kernel: Console: colour dummy device 80x25
Jul 22 00:28:29 azken kernel: printk: legacy console [tty0] enabled
Jul 22 00:28:29 azken kernel: ACPI: Core revision 20240322
Jul 22 00:28:29 azken kernel: clocksource: hpet: mask: 0xffffffff max_cycles: 0xffffffff, max_idle_ns: 79635855245 ns
Jul 22 00:28:29 azken kernel: APIC: Switch to symmetric I/O mode setup
Jul 22 00:28:29 azken kernel: DMAR: Host address width 39
Jul 22 00:28:29 azken kernel: DMAR: DRHD base: 0x000000fed90000 flags: 0x0
Jul 22 00:28:29 azken kernel: DMAR: dmar0: reg_base_addr fed90000 ver 1:0 cap 1c0000c40660462 ecap 19e2ff0505e
Jul 22 00:28:29 azken kernel: DMAR: DRHD base: 0x000000fed91000 flags: 0x1
Jul 22 00:28:29 azken kernel: DMAR: dmar1: reg_base_addr fed91000 ver 1:0 cap d2008c40660462 ecap f050da
Jul 22 00:28:29 azken kernel: DMAR: RMRR base: 0x000000399d4000 end: 0x00000039c1dfff
Jul 22 00:28:29 azken kernel: DMAR: RMRR base: 0x0000003b000000 end: 0x0000003f7fffff
Jul 22 00:28:29 azken kernel: DMAR-IR: IOAPIC id 2 under DRHD base  0xfed91000 IOMMU 1
Jul 22 00:28:29 azken kernel: DMAR-IR: HPET id 0 under DRHD base 0xfed91000
Jul 22 00:28:29 azken kernel: DMAR-IR: Queued invalidation will be enabled to support x2apic and Intr-remapping.
Jul 22 00:28:29 azken kernel: DMAR-IR: Enabled IRQ remapping in x2apic mode
Jul 22 00:28:29 azken kernel: x2apic enabled
Jul 22 00:28:29 azken kernel: APIC: Switched APIC routing to: cluster x2apic
Jul 22 00:28:29 azken kernel: ..TIMER: vector=0x30 apic1=0 pin1=2 apic2=-1 pin2=-1
Jul 22 00:28:29 azken kernel: clocksource: tsc-early: mask: 0xffffffffffffffff max_cycles: 0x33e452fbb2f, max_idle_ns: 440795236593 ns
Jul 22 00:28:29 azken kernel: Calibrating delay loop (skipped), value calculated using timer frequency.. 7200.00 BogoMIPS (lpj=3600000)
Jul 22 00:28:29 azken kernel: x86/cpu: SGX disabled by BIOS.
Jul 22 00:28:29 azken kernel: CPU0: Thermal monitoring enabled (TM1)
Jul 22 00:28:29 azken kernel: Last level iTLB entries: 4KB 128, 2MB 8, 4MB 8
Jul 22 00:28:29 azken kernel: Last level dTLB entries: 4KB 64, 2MB 0, 4MB 0, 1GB 4
Jul 22 00:28:29 azken kernel: process: using mwait in idle threads
Jul 22 00:28:29 azken kernel: Spectre V1 : Mitigation: usercopy/swapgs barriers and __user pointer sanitization
Jul 22 00:28:29 azken kernel: Spectre V2 : Mitigation: IBRS
Jul 22 00:28:29 azken kernel: Spectre V2 : Spectre v2 / SpectreRSB mitigation: Filling RSB on context switch
Jul 22 00:28:29 azken kernel: Spectre V2 : Spectre v2 / SpectreRSB : Filling RSB on VMEXIT
Jul 22 00:28:29 azken kernel: RETBleed: Mitigation: IBRS
Jul 22 00:28:29 azken kernel: Spectre V2 : mitigation: Enabling conditional Indirect Branch Prediction Barrier
Jul 22 00:28:29 azken kernel: Speculative Store Bypass: Mitigation: Speculative Store Bypass disabled via prctl
Jul 22 00:28:29 azken kernel: MDS: Vulnerable: Clear CPU buffers attempted, no microcode
Jul 22 00:28:29 azken kernel: TAA: Vulnerable: Clear CPU buffers attempted, no microcode
Jul 22 00:28:29 azken kernel: MMIO Stale Data: Vulnerable: Clear CPU buffers attempted, no microcode
Jul 22 00:28:29 azken kernel: SRBDS: Vulnerable: No microcode
Jul 22 00:28:29 azken kernel: GDS: Vulnerable: No microcode
Jul 22 00:28:29 azken kernel: x86/fpu: Supporting XSAVE feature 0x001: 'x87 floating point registers'
Jul 22 00:28:29 azken kernel: x86/fpu: Supporting XSAVE feature 0x002: 'SSE registers'
Jul 22 00:28:29 azken kernel: x86/fpu: Supporting XSAVE feature 0x004: 'AVX registers'
Jul 22 00:28:29 azken kernel: x86/fpu: Supporting XSAVE feature 0x008: 'MPX bounds registers'
Jul 22 00:28:29 azken kernel: x86/fpu: Supporting XSAVE feature 0x010: 'MPX CSR'
Jul 22 00:28:29 azken kernel: x86/fpu: xstate_offset[2]:  576, xstate_sizes[2]:  256
Jul 22 00:28:29 azken kernel: x86/fpu: xstate_offset[3]:  832, xstate_sizes[3]:   64
Jul 22 00:28:29 azken kernel: x86/fpu: xstate_offset[4]:  896, xstate_sizes[4]:   64
Jul 22 00:28:29 azken kernel: x86/fpu: Enabled xstate features 0x1f, context size is 960 bytes, using 'compacted' format.
Jul 22 00:28:29 azken kernel: Freeing SMP alternatives memory: 48K
Jul 22 00:28:29 azken kernel: pid_max: default: 32768 minimum: 301
Jul 22 00:28:29 azken kernel: LSM: initializing lsm=lockdown,capability,landlock,yama,apparmor,ima,evm
Jul 22 00:28:29 azken kernel: landlock: Up and running.
Jul 22 00:28:29 azken kernel: Yama: becoming mindful.
Jul 22 00:28:29 azken kernel: AppArmor: AppArmor initialized
Jul 22 00:28:29 azken kernel: Mount-cache hash table entries: 32768 (order: 6, 262144 bytes, linear)
Jul 22 00:28:29 azken kernel: Mountpoint-cache hash table entries: 32768 (order: 6, 262144 bytes, linear)
Jul 22 00:28:29 azken kernel: smpboot: CPU0: Intel(R) Core(TM) i7-9700K CPU @ 3.60GHz (family: 0x6, model: 0x9e, stepping: 0xc)
Jul 22 00:28:29 azken kernel: Performance Events: PEBS fmt3+, Skylake events, 32-deep LBR, full-width counters, Intel PMU driver.
Jul 22 00:28:29 azken kernel: ... version:                4
Jul 22 00:28:29 azken kernel: ... bit width:              48
Jul 22 00:28:29 azken kernel: ... generic registers:      8
Jul 22 00:28:29 azken kernel: ... value mask:             0000ffffffffffff
Jul 22 00:28:29 azken kernel: ... max period:             00007fffffffffff
Jul 22 00:28:29 azken kernel: ... fixed-purpose events:   3
Jul 22 00:28:29 azken kernel: ... event mask:             00000007000000ff
Jul 22 00:28:29 azken kernel: signal: max sigframe size: 2032
Jul 22 00:28:29 azken kernel: Estimated ratio of average max frequency by base frequency (times 1024): 1336
Jul 22 00:28:29 azken kernel: rcu: Hierarchical SRCU implementation.
Jul 22 00:28:29 azken kernel: rcu:         Max phase no-delay instances is 400.
Jul 22 00:28:29 azken kernel: Timer migration: 1 hierarchy levels; 8 children per group; 1 crossnode level
Jul 22 00:28:29 azken kernel: NMI watchdog: Enabled. Permanently consumes one hw-PMU counter.
Jul 22 00:28:29 azken kernel: smp: Bringing up secondary CPUs ...
Jul 22 00:28:29 azken kernel: smpboot: x86: Booting SMP configuration:
Jul 22 00:28:29 azken kernel: .... node  #0, CPUs:      #1 #2 #3 #4 #5 #6 #7
Jul 22 00:28:29 azken kernel: smp: Brought up 1 node, 8 CPUs
Jul 22 00:28:29 azken kernel: smpboot: Total of 8 processors activated (57600.00 BogoMIPS)
Jul 22 00:28:29 azken kernel: Memory: 16120692K/16632112K available (22528K kernel code, 4518K rwdata, 14876K rodata, 5096K init, 4528K bss, 491012K reserved, 0K cma-reserved)
Jul 22 00:28:29 azken kernel: devtmpfs: initialized
Jul 22 00:28:29 azken kernel: x86/mm: Memory block size: 128MB
Jul 22 00:28:29 azken kernel: ACPI: PM: Registering ACPI NVS region [mem 0x30198000-0x30198fff] (4096 bytes)
Jul 22 00:28:29 azken kernel: ACPI: PM: Registering ACPI NVS region [mem 0x38f94000-0x3944efff] (4960256 bytes)
Jul 22 00:28:29 azken kernel: clocksource: jiffies: mask: 0xffffffff max_cycles: 0xffffffff, max_idle_ns: 1911260446275000 ns
Jul 22 00:28:29 azken kernel: futex hash table entries: 2048 (order: 5, 131072 bytes, linear)
Jul 22 00:28:29 azken kernel: pinctrl core: initialized pinctrl subsystem
Jul 22 00:28:29 azken kernel: PM: RTC time: 22:28:17, date: 2025-07-21
Jul 22 00:28:29 azken kernel: NET: Registered PF_NETLINK/PF_ROUTE protocol family
Jul 22 00:28:29 azken kernel: DMA: preallocated 2048 KiB GFP_KERNEL pool for atomic allocations
Jul 22 00:28:29 azken kernel: DMA: preallocated 2048 KiB GFP_KERNEL|GFP_DMA pool for atomic allocations
Jul 22 00:28:29 azken kernel: DMA: preallocated 2048 KiB GFP_KERNEL|GFP_DMA32 pool for atomic allocations
Jul 22 00:28:29 azken kernel: audit: initializing netlink subsys (disabled)
Jul 22 00:28:29 azken kernel: audit: type=2000 audit(1753136897.042:1): state=initialized audit_enabled=0 res=1
Jul 22 00:28:29 azken kernel: thermal_sys: Registered thermal governor 'fair_share'
Jul 22 00:28:29 azken kernel: thermal_sys: Registered thermal governor 'bang_bang'
Jul 22 00:28:29 azken kernel: thermal_sys: Registered thermal governor 'step_wise'
Jul 22 00:28:29 azken kernel: thermal_sys: Registered thermal governor 'user_space'
Jul 22 00:28:29 azken kernel: thermal_sys: Registered thermal governor 'power_allocator'
Jul 22 00:28:29 azken kernel: EISA bus registered
Jul 22 00:28:29 azken kernel: cpuidle: using governor ladder
Jul 22 00:28:29 azken kernel: cpuidle: using governor menu
Jul 22 00:28:29 azken kernel: ACPI FADT declares the system doesn't support PCIe ASPM, so disable it
Jul 22 00:28:29 azken kernel: acpiphp: ACPI Hot Plug PCI Controller Driver version: 0.5
Jul 22 00:28:29 azken kernel: PCI: ECAM [mem 0xe0000000-0xefffffff] (base 0xe0000000) for domain 0000 [bus 00-ff]
Jul 22 00:28:29 azken kernel: PCI: Using configuration type 1 for base access
Jul 22 00:28:29 azken kernel: kprobes: kprobe jump-optimization is enabled. All kprobes are optimized if possible.
Jul 22 00:28:29 azken kernel: HugeTLB: registered 1.00 GiB page size, pre-allocated 0 pages
Jul 22 00:28:29 azken kernel: HugeTLB: 16380 KiB vmemmap can be freed for a 1.00 GiB page
Jul 22 00:28:29 azken kernel: HugeTLB: registered 2.00 MiB page size, pre-allocated 0 pages
Jul 22 00:28:29 azken kernel: HugeTLB: 28 KiB vmemmap can be freed for a 2.00 MiB page
Jul 22 00:28:29 azken kernel: ACPI: Added _OSI(Module Device)
Jul 22 00:28:29 azken kernel: ACPI: Added _OSI(Processor Device)
Jul 22 00:28:29 azken kernel: ACPI: Added _OSI(3.0 _SCP Extensions)
Jul 22 00:28:29 azken kernel: ACPI: Added _OSI(Processor Aggregator Device)
Jul 22 00:28:29 azken kernel: ACPI: 10 ACPI AML tables successfully acquired and loaded
Jul 22 00:28:29 azken kernel: ACPI: Dynamic OEM Table Load:
Jul 22 00:28:29 azken kernel: ACPI: SSDT 0xFFFF8BD9C5737000 000400 (v02 PmRef  Cpu0Cst  00003001 INTL 20160527)
Jul 22 00:28:29 azken kernel: ACPI: Dynamic OEM Table Load:
Jul 22 00:28:29 azken kernel: ACPI: SSDT 0xFFFF8BD9C5623800 00078C (v02 PmRef  Cpu0Ist  00003000 INTL 20160527)
Jul 22 00:28:29 azken kernel: ACPI: Dynamic OEM Table Load:
Jul 22 00:28:29 azken kernel: ACPI: SSDT 0xFFFF8BD9C573C000 000EF1 (v02 PmRef  ApIst    00003000 INTL 20160527)
Jul 22 00:28:29 azken kernel: ACPI: Dynamic OEM Table Load:
Jul 22 00:28:29 azken kernel: ACPI: SSDT 0xFFFF8BD9C5734C00 000317 (v02 PmRef  ApHwp    00003000 INTL 20160527)
Jul 22 00:28:29 azken kernel: ACPI: Dynamic OEM Table Load:
Jul 22 00:28:29 azken kernel: ACPI: SSDT 0xFFFF8BD9C5735000 00030A (v02 PmRef  ApCst    00003000 INTL 20160527)
Jul 22 00:28:29 azken kernel: ACPI: Interpreter enabled
Jul 22 00:28:29 azken kernel: ACPI: PM: (supports S0 S3 S4 S5)
Jul 22 00:28:29 azken kernel: ACPI: Using IOAPIC for interrupt routing
Jul 22 00:28:29 azken kernel: PCI: Using host bridge windows from ACPI; if necessary, use "pci=nocrs" and report a bug
Jul 22 00:28:29 azken kernel: PCI: Using E820 reservations for host bridge windows
Jul 22 00:28:29 azken kernel: ACPI: Enabled 7 GPEs in block 00 to 7F
Jul 22 00:28:29 azken kernel: ACPI: \_SB_.PCI0.XDCI.USBC: New power resource
Jul 22 00:28:29 azken kernel: ACPI: \_SB_.PCI0.SAT0.VOL0.V0PR: New power resource
Jul 22 00:28:29 azken kernel: ACPI: \_SB_.PCI0.SAT0.VOL1.V1PR: New power resource
Jul 22 00:28:29 azken kernel: ACPI: \_SB_.PCI0.SAT0.VOL2.V2PR: New power resource
Jul 22 00:28:29 azken kernel: ACPI: \_SB_.PCI0.CNVW.WRST: New power resource
Jul 22 00:28:29 azken kernel: ACPI: \_TZ_.FN00: New power resource
Jul 22 00:28:29 azken kernel: ACPI: \_TZ_.FN01: New power resource
Jul 22 00:28:29 azken kernel: ACPI: \_TZ_.FN02: New power resource
Jul 22 00:28:29 azken kernel: ACPI: \_TZ_.FN03: New power resource
Jul 22 00:28:29 azken kernel: ACPI: \_TZ_.FN04: New power resource
Jul 22 00:28:29 azken kernel: ACPI: \PIN_: New power resource
Jul 22 00:28:29 azken kernel: ACPI: PCI Root Bridge [PCI0] (domain 0000 [bus 00-fe])
Jul 22 00:28:29 azken kernel: acpi PNP0A08:00: _OSC: OS supports [ExtendedConfig ASPM ClockPM Segments MSI EDR HPX-Type3]
Jul 22 00:28:29 azken kernel: acpi PNP0A08:00: _OSC: platform does not support [PCIeHotplug SHPCHotplug PME]
Jul 22 00:28:29 azken kernel: acpi PNP0A08:00: _OSC: OS now controls [AER PCIeCapability LTR DPC]
Jul 22 00:28:29 azken kernel: acpi PNP0A08:00: FADT indicates ASPM is unsupported, using BIOS configuration
Jul 22 00:28:29 azken kernel: PCI host bridge to bus 0000:00
Jul 22 00:28:29 azken kernel: pci_bus 0000:00: root bus resource [io  0x0000-0x0cf7 window]
Jul 22 00:28:29 azken kernel: pci_bus 0000:00: root bus resource [io  0x0d00-0xffff window]
Jul 22 00:28:29 azken kernel: pci_bus 0000:00: root bus resource [mem 0x000a0000-0x000bffff window]
Jul 22 00:28:29 azken kernel: pci_bus 0000:00: root bus resource [mem 0x3f800000-0xdfffffff window]
Jul 22 00:28:29 azken kernel: pci_bus 0000:00: root bus resource [mem 0xfc800000-0xfe7fffff window]
Jul 22 00:28:29 azken kernel: pci_bus 0000:00: root bus resource [bus 00-fe]
Jul 22 00:28:29 azken kernel: pci 0000:00:00.0: [8086:3e30] type 00 class 0x060000 conventional PCI endpoint
Jul 22 00:28:29 azken kernel: pci 0000:00:01.0: [8086:1901] type 01 class 0x060400 PCIe Root Port
Jul 22 00:28:29 azken kernel: pci 0000:00:01.0: PCI bridge to [bus 01]
Jul 22 00:28:29 azken kernel: pci 0000:00:01.0:   bridge window [io  0x4000-0x4fff]
Jul 22 00:28:29 azken kernel: pci 0000:00:01.0:   bridge window [mem 0x60000000-0x630fffff]
Jul 22 00:28:29 azken kernel: pci 0000:00:01.0:   bridge window [mem 0x50000000-0x5fffffff 64bit pref]
Jul 22 00:28:29 azken kernel: pci 0000:00:01.0: PME# supported from D0 D3hot D3cold
Jul 22 00:28:29 azken kernel: pci 0000:00:02.0: [8086:3e98] type 00 class 0x038000 PCIe Root Complex Integrated Endpoint
Jul 22 00:28:29 azken kernel: pci 0000:00:02.0: BAR 0 [mem 0x64000000-0x64ffffff 64bit]
Jul 22 00:28:29 azken kernel: pci 0000:00:02.0: BAR 2 [mem 0x40000000-0x4fffffff 64bit pref]
Jul 22 00:28:29 azken kernel: pci 0000:00:02.0: BAR 4 [io  0x5000-0x503f]
Jul 22 00:28:29 azken kernel: pci 0000:00:12.0: [8086:a379] type 00 class 0x118000 conventional PCI endpoint
Jul 22 00:28:29 azken kernel: pci 0000:00:12.0: BAR 0 [mem 0x6521d000-0x6521dfff 64bit]
Jul 22 00:28:29 azken kernel: pci 0000:00:14.0: [8086:a36d] type 00 class 0x0c0330 conventional PCI endpoint
Jul 22 00:28:29 azken kernel: pci 0000:00:14.0: BAR 0 [mem 0x65200000-0x6520ffff 64bit]
Jul 22 00:28:29 azken kernel: pci 0000:00:14.0: PME# supported from D3hot D3cold
Jul 22 00:28:29 azken kernel: pci 0000:00:14.2: [8086:a36f] type 00 class 0x050000 conventional PCI endpoint
Jul 22 00:28:29 azken kernel: pci 0000:00:14.2: BAR 0 [mem 0x65216000-0x65217fff 64bit]
Jul 22 00:28:29 azken kernel: pci 0000:00:14.2: BAR 2 [mem 0x6521c000-0x6521cfff 64bit]
Jul 22 00:28:29 azken kernel: pci 0000:00:16.0: [8086:a360] type 00 class 0x078000 conventional PCI endpoint
Jul 22 00:28:29 azken kernel: pci 0000:00:16.0: BAR 0 [mem 0x6521b000-0x6521bfff 64bit]
Jul 22 00:28:29 azken kernel: pci 0000:00:16.0: PME# supported from D3hot
Jul 22 00:28:29 azken kernel: pci 0000:00:17.0: [8086:a352] type 00 class 0x010601 conventional PCI endpoint
Jul 22 00:28:29 azken kernel: pci 0000:00:17.0: BAR 0 [mem 0x65214000-0x65215fff]
Jul 22 00:28:29 azken kernel: pci 0000:00:17.0: BAR 1 [mem 0x6521a000-0x6521a0ff]
Jul 22 00:28:29 azken kernel: pci 0000:00:17.0: BAR 2 [io  0x5090-0x5097]
Jul 22 00:28:29 azken kernel: pci 0000:00:17.0: BAR 3 [io  0x5080-0x5083]
Jul 22 00:28:29 azken kernel: pci 0000:00:17.0: BAR 4 [io  0x5060-0x507f]
Jul 22 00:28:29 azken kernel: pci 0000:00:17.0: BAR 5 [mem 0x65219000-0x652197ff]
Jul 22 00:28:29 azken kernel: pci 0000:00:17.0: PME# supported from D3hot
Jul 22 00:28:29 azken kernel: pci 0000:00:1b.0: [8086:a340] type 01 class 0x060400 PCIe Root Port
Jul 22 00:28:29 azken kernel: pci 0000:00:1b.0: PCI bridge to [bus 02]
Jul 22 00:28:29 azken kernel: pci 0000:00:1b.0: PME# supported from D0 D3hot D3cold
Jul 22 00:28:29 azken kernel: pci 0000:00:1c.0: [8086:a338] type 01 class 0x060400 PCIe Root Port
Jul 22 00:28:29 azken kernel: pci 0000:00:1c.0: PCI bridge to [bus 03]
Jul 22 00:28:29 azken kernel: pci 0000:00:1c.0: PME# supported from D0 D3hot D3cold
Jul 22 00:28:29 azken kernel: pci 0000:00:1c.2: [8086:a33a] type 01 class 0x060400 PCIe Root Port
Jul 22 00:28:29 azken kernel: pci 0000:00:1c.2: PCI bridge to [bus 04]
Jul 22 00:28:29 azken kernel: pci 0000:00:1c.2:   bridge window [io  0x3000-0x3fff]
Jul 22 00:28:29 azken kernel: pci 0000:00:1c.2:   bridge window [mem 0x65100000-0x651fffff]
Jul 22 00:28:29 azken kernel: pci 0000:00:1c.2: PME# supported from D0 D3hot D3cold
Jul 22 00:28:29 azken kernel: pci 0000:00:1c.2: PTM enabled (root), 4ns granularity
Jul 22 00:28:29 azken kernel: pci 0000:00:1d.0: [8086:a330] type 01 class 0x060400 PCIe Root Port
Jul 22 00:28:29 azken kernel: pci 0000:00:1d.0: PCI bridge to [bus 05]
Jul 22 00:28:29 azken kernel: pci 0000:00:1d.0: PME# supported from D0 D3hot D3cold
Jul 22 00:28:29 azken kernel: pci 0000:00:1f.0: [8086:a305] type 00 class 0x060100 conventional PCI endpoint
Jul 22 00:28:29 azken kernel: pci 0000:00:1f.3: [8086:a348] type 00 class 0x040300 conventional PCI endpoint
Jul 22 00:28:29 azken kernel: pci 0000:00:1f.3: BAR 0 [mem 0x65210000-0x65213fff 64bit]
Jul 22 00:28:29 azken kernel: pci 0000:00:1f.3: BAR 4 [mem 0x65000000-0x650fffff 64bit]
Jul 22 00:28:29 azken kernel: pci 0000:00:1f.3: PME# supported from D3hot D3cold
Jul 22 00:28:29 azken kernel: pci 0000:00:1f.4: [8086:a323] type 00 class 0x0c0500 conventional PCI endpoint
Jul 22 00:28:29 azken kernel: pci 0000:00:1f.4: BAR 0 [mem 0x65218000-0x652180ff 64bit]
Jul 22 00:28:29 azken kernel: pci 0000:00:1f.4: BAR 4 [io  0xefa0-0xefbf]
Jul 22 00:28:29 azken kernel: pci 0000:00:1f.5: [8086:a324] type 00 class 0x0c8000 conventional PCI endpoint
Jul 22 00:28:29 azken kernel: pci 0000:00:1f.5: BAR 0 [mem 0xfe010000-0xfe010fff]
Jul 22 00:28:29 azken kernel: pci 0000:01:00.0: [10de:2204] type 00 class 0x030000 PCIe Legacy Endpoint
Jul 22 00:28:29 azken kernel: pci 0000:01:00.0: BAR 0 [mem 0x62000000-0x62ffffff]
Jul 22 00:28:29 azken kernel: pci 0000:01:00.0: BAR 1 [mem 0x50000000-0x5fffffff 64bit pref]
Jul 22 00:28:29 azken kernel: pci 0000:01:00.0: BAR 3 [mem 0x60000000-0x61ffffff 64bit pref]
Jul 22 00:28:29 azken kernel: pci 0000:01:00.0: BAR 5 [io  0x4000-0x407f]
Jul 22 00:28:29 azken kernel: pci 0000:01:00.0: ROM [mem 0x63000000-0x6307ffff pref]
Jul 22 00:28:29 azken kernel: pci 0000:01:00.0: Video device with shadowed ROM at [mem 0x000c0000-0x000dffff]
Jul 22 00:28:29 azken kernel: pci 0000:01:00.0: PME# supported from D0 D3hot
Jul 22 00:28:29 azken kernel: pci 0000:01:00.0: 126.016 Gb/s available PCIe bandwidth, limited by 8.0 GT/s PCIe x16 link at 0000:00:01.0 (capable of 252.048 Gb/s with 16.0 GT/s PCIe x16 link)
Jul 22 00:28:29 azken kernel: pci 0000:01:00.1: [10de:1aef] type 00 class 0x040300 PCIe Endpoint
Jul 22 00:28:29 azken kernel: pci 0000:01:00.1: BAR 0 [mem 0x63080000-0x63083fff]
Jul 22 00:28:29 azken kernel: pci 0000:00:01.0: PCI bridge to [bus 01]
Jul 22 00:28:29 azken kernel: acpiphp: Slot [1] registered
Jul 22 00:28:29 azken kernel: pci 0000:00:1b.0: PCI bridge to [bus 02]
Jul 22 00:28:29 azken kernel: acpiphp: Slot [1-1] registered
Jul 22 00:28:29 azken kernel: pci 0000:00:1c.0: PCI bridge to [bus 03]
Jul 22 00:28:29 azken kernel: pci 0000:04:00.0: [10ec:8168] type 00 class 0x020000 PCIe Endpoint
Jul 22 00:28:29 azken kernel: pci 0000:04:00.0: BAR 0 [io  0x3000-0x30ff]
Jul 22 00:28:29 azken kernel: pci 0000:04:00.0: BAR 2 [mem 0x65104000-0x65104fff 64bit]
Jul 22 00:28:29 azken kernel: pci 0000:04:00.0: BAR 4 [mem 0x65100000-0x65103fff 64bit]
Jul 22 00:28:29 azken kernel: pci 0000:04:00.0: supports D1 D2
Jul 22 00:28:29 azken kernel: pci 0000:04:00.0: PME# supported from D0 D1 D2 D3hot D3cold
Jul 22 00:28:29 azken kernel: pci 0000:00:1c.2: PCI bridge to [bus 04]
Jul 22 00:28:29 azken kernel: acpiphp: Slot [1-2] registered
Jul 22 00:28:29 azken kernel: pci 0000:00:1d.0: PCI bridge to [bus 05]
Jul 22 00:28:29 azken kernel: ACPI: PCI: Interrupt link LNKA configured for IRQ 0
Jul 22 00:28:29 azken kernel: ACPI: PCI: Interrupt link LNKB configured for IRQ 1
Jul 22 00:28:29 azken kernel: ACPI: PCI: Interrupt link LNKC configured for IRQ 0
Jul 22 00:28:29 azken kernel: ACPI: PCI: Interrupt link LNKD configured for IRQ 0
Jul 22 00:28:29 azken kernel: ACPI: PCI: Interrupt link LNKE configured for IRQ 0
Jul 22 00:28:29 azken kernel: ACPI: PCI: Interrupt link LNKF configured for IRQ 0
Jul 22 00:28:29 azken kernel: ACPI: PCI: Interrupt link LNKG configured for IRQ 0
Jul 22 00:28:29 azken kernel: ACPI: PCI: Interrupt link LNKH configured for IRQ 0
Jul 22 00:28:29 azken kernel: iommu: Default domain type: Translated
Jul 22 00:28:29 azken kernel: iommu: DMA domain TLB invalidation policy: lazy mode
Jul 22 00:28:29 azken kernel: SCSI subsystem initialized
Jul 22 00:28:29 azken kernel: libata version 3.00 loaded.
Jul 22 00:28:29 azken kernel: ACPI: bus type USB registered
Jul 22 00:28:29 azken kernel: usbcore: registered new interface driver usbfs
Jul 22 00:28:29 azken kernel: usbcore: registered new interface driver hub
Jul 22 00:28:29 azken kernel: usbcore: registered new device driver usb
Jul 22 00:28:29 azken kernel: pps_core: LinuxPPS API ver. 1 registered
Jul 22 00:28:29 azken kernel: pps_core: Software ver. 5.3.6 - Copyright 2005-2007 Rodolfo Giometti <giometti@linux.it>
Jul 22 00:28:29 azken kernel: PTP clock support registered
Jul 22 00:28:29 azken kernel: EDAC MC: Ver: 3.0.0
Jul 22 00:28:29 azken kernel: efivars: Registered efivars operations
Jul 22 00:28:29 azken kernel: NetLabel: Initializing
Jul 22 00:28:29 azken kernel: NetLabel:  domain hash size = 128
Jul 22 00:28:29 azken kernel: NetLabel:  protocols = UNLABELED CIPSOv4 CALIPSO
Jul 22 00:28:29 azken kernel: NetLabel:  unlabeled traffic allowed by default
Jul 22 00:28:29 azken kernel: mctp: management component transport protocol core
Jul 22 00:28:29 azken kernel: NET: Registered PF_MCTP protocol family
Jul 22 00:28:29 azken kernel: PCI: Using ACPI for IRQ routing
Jul 22 00:28:29 azken kernel: PCI: pci_cache_line_size set to 64 bytes
Jul 22 00:28:29 azken kernel: e820: reserve RAM buffer [mem 0x0005f000-0x0005ffff]
Jul 22 00:28:29 azken kernel: e820: reserve RAM buffer [mem 0x24431018-0x27ffffff]
Jul 22 00:28:29 azken kernel: e820: reserve RAM buffer [mem 0x24440018-0x27ffffff]
Jul 22 00:28:29 azken kernel: e820: reserve RAM buffer [mem 0x24451018-0x27ffffff]
Jul 22 00:28:29 azken kernel: e820: reserve RAM buffer [mem 0x30198000-0x33ffffff]
Jul 22 00:28:29 azken kernel: e820: reserve RAM buffer [mem 0x33e48000-0x33ffffff]
Jul 22 00:28:29 azken kernel: e820: reserve RAM buffer [mem 0x34a9d000-0x37ffffff]
Jul 22 00:28:29 azken kernel: e820: reserve RAM buffer [mem 0x38aaf000-0x3bffffff]
Jul 22 00:28:29 azken kernel: e820: reserve RAM buffer [mem 0x39f00000-0x3bffffff]
Jul 22 00:28:29 azken kernel: e820: reserve RAM buffer [mem 0x4be800000-0x4bfffffff]
Jul 22 00:28:29 azken kernel: pci 0000:01:00.0: vgaarb: setting as boot VGA device
Jul 22 00:28:29 azken kernel: pci 0000:01:00.0: vgaarb: bridge control possible
Jul 22 00:28:29 azken kernel: pci 0000:01:00.0: vgaarb: VGA device added: decodes=io+mem,owns=io+mem,locks=none
Jul 22 00:28:29 azken kernel: vgaarb: loaded
Jul 22 00:28:29 azken kernel: hpet0: at MMIO 0xfed00000, IRQs 2, 8, 0, 0, 0, 0, 0, 0
Jul 22 00:28:29 azken kernel: hpet0: 8 comparators, 64-bit 24.000000 MHz counter
Jul 22 00:28:29 azken kernel: clocksource: Switched to clocksource tsc-early
Jul 22 00:28:29 azken kernel: VFS: Disk quotas dquot_6.6.0
Jul 22 00:28:29 azken kernel: VFS: Dquot-cache hash table entries: 512 (order 0, 4096 bytes)
Jul 22 00:28:29 azken kernel: AppArmor: AppArmor Filesystem Enabled
Jul 22 00:28:29 azken kernel: pnp: PnP ACPI init
Jul 22 00:28:29 azken kernel: system 00:00: [io  0x0a00-0x0a2f] has been reserved
Jul 22 00:28:29 azken kernel: system 00:00: [io  0x0a30-0x0a3f] has been reserved
Jul 22 00:28:29 azken kernel: system 00:00: [io  0x0a40-0x0a4f] has been reserved
Jul 22 00:28:29 azken kernel: pnp 00:01: [dma 0 disabled]
Jul 22 00:28:29 azken kernel: system 00:02: [io  0x0680-0x069f] has been reserved
Jul 22 00:28:29 azken kernel: system 00:02: [io  0x164e-0x164f] has been reserved
Jul 22 00:28:29 azken kernel: system 00:04: [io  0x1854-0x1857] has been reserved
Jul 22 00:28:29 azken kernel: system 00:05: [mem 0xfed10000-0xfed17fff] has been reserved
Jul 22 00:28:29 azken kernel: system 00:05: [mem 0xfed18000-0xfed18fff] has been reserved
Jul 22 00:28:29 azken kernel: system 00:05: [mem 0xfed19000-0xfed19fff] has been reserved
Jul 22 00:28:29 azken kernel: system 00:05: [mem 0xe0000000-0xefffffff] has been reserved
Jul 22 00:28:29 azken kernel: system 00:05: [mem 0xfed20000-0xfed3ffff] has been reserved
Jul 22 00:28:29 azken kernel: system 00:05: [mem 0xfed90000-0xfed93fff] could not be reserved
Jul 22 00:28:29 azken kernel: system 00:05: [mem 0xfed45000-0xfed8ffff] has been reserved
Jul 22 00:28:29 azken kernel: system 00:05: [mem 0xfee00000-0xfeefffff] could not be reserved
Jul 22 00:28:29 azken kernel: system 00:06: [io  0x1800-0x18fe] could not be reserved
Jul 22 00:28:29 azken kernel: system 00:06: [mem 0xfd000000-0xfd69ffff] has been reserved
Jul 22 00:28:29 azken kernel: system 00:06: [mem 0xfd6c0000-0xfd6cffff] has been reserved
Jul 22 00:28:29 azken kernel: system 00:06: [mem 0xfd6f0000-0xfdffffff] has been reserved
Jul 22 00:28:29 azken kernel: system 00:06: [mem 0xfe000000-0xfe01ffff] could not be reserved
Jul 22 00:28:29 azken kernel: system 00:06: [mem 0xfe200000-0xfe7fffff] has been reserved
Jul 22 00:28:29 azken kernel: system 00:06: [mem 0xff000000-0xffffffff] has been reserved
Jul 22 00:28:29 azken kernel: system 00:07: [io  0x2000-0x20fe] has been reserved
Jul 22 00:28:29 azken kernel: pnp: PnP ACPI: found 9 devices
Jul 22 00:28:29 azken kernel: clocksource: acpi_pm: mask: 0xffffff max_cycles: 0xffffff, max_idle_ns: 2085701024 ns
Jul 22 00:28:29 azken kernel: NET: Registered PF_INET protocol family
Jul 22 00:28:29 azken kernel: IP idents hash table entries: 262144 (order: 9, 2097152 bytes, linear)
Jul 22 00:28:29 azken kernel: tcp_listen_portaddr_hash hash table entries: 8192 (order: 5, 131072 bytes, linear)
Jul 22 00:28:29 azken kernel: Table-perturb hash table entries: 65536 (order: 6, 262144 bytes, linear)
Jul 22 00:28:29 azken kernel: TCP established hash table entries: 131072 (order: 8, 1048576 bytes, linear)
Jul 22 00:28:29 azken kernel: TCP bind hash table entries: 65536 (order: 9, 2097152 bytes, linear)
Jul 22 00:28:29 azken kernel: TCP: Hash tables configured (established 131072 bind 65536)
Jul 22 00:28:29 azken kernel: MPTCP token hash table entries: 16384 (order: 6, 393216 bytes, linear)
Jul 22 00:28:29 azken kernel: UDP hash table entries: 8192 (order: 6, 262144 bytes, linear)
Jul 22 00:28:29 azken kernel: UDP-Lite hash table entries: 8192 (order: 6, 262144 bytes, linear)
Jul 22 00:28:29 azken kernel: NET: Registered PF_UNIX/PF_LOCAL protocol family
Jul 22 00:28:29 azken kernel: NET: Registered PF_XDP protocol family
Jul 22 00:28:29 azken kernel: pci 0000:00:1d.0: bridge window [io  0x1000-0x0fff] to [bus 05] add_size 1000
Jul 22 00:28:29 azken kernel: pci 0000:00:1d.0: bridge window [mem 0x00100000-0x000fffff 64bit pref] to [bus 05] add_size 200000 add_align 100000
Jul 22 00:28:29 azken kernel: pci 0000:00:1d.0: bridge window [mem 0x00100000-0x000fffff] to [bus 05] add_size 200000 add_align 100000
Jul 22 00:28:29 azken kernel: pci 0000:00:1d.0: bridge window [mem 0x3f800000-0x3f9fffff]: assigned
Jul 22 00:28:29 azken kernel: pci 0000:00:1d.0: bridge window [mem 0x3fa00000-0x3fbfffff 64bit pref]: assigned
Jul 22 00:28:29 azken kernel: pci 0000:00:1d.0: bridge window [io  0x6000-0x6fff]: assigned
Jul 22 00:28:29 azken kernel: pci 0000:00:01.0: PCI bridge to [bus 01]
Jul 22 00:28:29 azken kernel: pci 0000:00:01.0:   bridge window [io  0x4000-0x4fff]
Jul 22 00:28:29 azken kernel: pci 0000:00:01.0:   bridge window [mem 0x60000000-0x630fffff]
Jul 22 00:28:29 azken kernel: pci 0000:00:01.0:   bridge window [mem 0x50000000-0x5fffffff 64bit pref]
Jul 22 00:28:29 azken kernel: pci 0000:00:1b.0: PCI bridge to [bus 02]
Jul 22 00:28:29 azken kernel: pci 0000:00:1c.0: PCI bridge to [bus 03]
Jul 22 00:28:29 azken kernel: pci 0000:00:1c.2: PCI bridge to [bus 04]
Jul 22 00:28:29 azken kernel: pci 0000:00:1c.2:   bridge window [io  0x3000-0x3fff]
Jul 22 00:28:29 azken kernel: pci 0000:00:1c.2:   bridge window [mem 0x65100000-0x651fffff]
Jul 22 00:28:29 azken kernel: pci 0000:00:1d.0: PCI bridge to [bus 05]
Jul 22 00:28:29 azken kernel: pci 0000:00:1d.0:   bridge window [io  0x6000-0x6fff]
Jul 22 00:28:29 azken kernel: pci 0000:00:1d.0:   bridge window [mem 0x3f800000-0x3f9fffff]
Jul 22 00:28:29 azken kernel: pci 0000:00:1d.0:   bridge window [mem 0x3fa00000-0x3fbfffff 64bit pref]
Jul 22 00:28:29 azken kernel: pci_bus 0000:00: resource 4 [io  0x0000-0x0cf7 window]
Jul 22 00:28:29 azken kernel: pci_bus 0000:00: resource 5 [io  0x0d00-0xffff window]
Jul 22 00:28:29 azken kernel: pci_bus 0000:00: resource 6 [mem 0x000a0000-0x000bffff window]
Jul 22 00:28:29 azken kernel: pci_bus 0000:00: resource 7 [mem 0x3f800000-0xdfffffff window]
Jul 22 00:28:29 azken kernel: pci_bus 0000:00: resource 8 [mem 0xfc800000-0xfe7fffff window]
Jul 22 00:28:29 azken kernel: pci_bus 0000:01: resource 0 [io  0x4000-0x4fff]
Jul 22 00:28:29 azken kernel: pci_bus 0000:01: resource 1 [mem 0x60000000-0x630fffff]
Jul 22 00:28:29 azken kernel: pci_bus 0000:01: resource 2 [mem 0x50000000-0x5fffffff 64bit pref]
Jul 22 00:28:29 azken kernel: pci_bus 0000:04: resource 0 [io  0x3000-0x3fff]
Jul 22 00:28:29 azken kernel: pci_bus 0000:04: resource 1 [mem 0x65100000-0x651fffff]
Jul 22 00:28:29 azken kernel: pci_bus 0000:05: resource 0 [io  0x6000-0x6fff]
Jul 22 00:28:29 azken kernel: pci_bus 0000:05: resource 1 [mem 0x3f800000-0x3f9fffff]
Jul 22 00:28:29 azken kernel: pci_bus 0000:05: resource 2 [mem 0x3fa00000-0x3fbfffff 64bit pref]
Jul 22 00:28:29 azken kernel: pci 0000:00:14.0: quirk_usb_early_handoff+0x0/0x190 took 54867 usecs
Jul 22 00:28:29 azken kernel: pci 0000:01:00.1: extending delay after power-on from D3hot to 20 msec
Jul 22 00:28:29 azken kernel: pci 0000:01:00.1: D0 power state depends on 0000:01:00.0
Jul 22 00:28:29 azken kernel: PCI: CLS 64 bytes, default 64
Jul 22 00:28:29 azken kernel: DMAR: No ATSR found
Jul 22 00:28:29 azken kernel: DMAR: No SATC found
Jul 22 00:28:29 azken kernel: DMAR: IOMMU feature fl1gp_support inconsistent
Jul 22 00:28:29 azken kernel: DMAR: IOMMU feature pgsel_inv inconsistent
Jul 22 00:28:29 azken kernel: DMAR: IOMMU feature nwfs inconsistent
Jul 22 00:28:29 azken kernel: DMAR: IOMMU feature pasid inconsistent
Jul 22 00:28:29 azken kernel: DMAR: IOMMU feature eafs inconsistent
Jul 22 00:28:29 azken kernel: DMAR: IOMMU feature prs inconsistent
Jul 22 00:28:29 azken kernel: DMAR: IOMMU feature nest inconsistent
Jul 22 00:28:29 azken kernel: DMAR: IOMMU feature mts inconsistent
Jul 22 00:28:29 azken kernel: DMAR: IOMMU feature sc_support inconsistent
Jul 22 00:28:29 azken kernel: DMAR: IOMMU feature dev_iotlb_support inconsistent
Jul 22 00:28:29 azken kernel: DMAR: dmar0: Using Queued invalidation
Jul 22 00:28:29 azken kernel: DMAR: dmar1: Using Queued invalidation
Jul 22 00:28:29 azken kernel: Trying to unpack rootfs image as initramfs...
Jul 22 00:28:29 azken kernel: pci 0000:00:02.0: Adding to iommu group 0
Jul 22 00:28:29 azken kernel: pci 0000:00:00.0: Adding to iommu group 1
Jul 22 00:28:29 azken kernel: pci 0000:00:01.0: Adding to iommu group 2
Jul 22 00:28:29 azken kernel: pci 0000:00:12.0: Adding to iommu group 3
Jul 22 00:28:29 azken kernel: pci 0000:00:14.0: Adding to iommu group 4
Jul 22 00:28:29 azken kernel: pci 0000:00:14.2: Adding to iommu group 4
Jul 22 00:28:29 azken kernel: pci 0000:00:16.0: Adding to iommu group 5
Jul 22 00:28:29 azken kernel: pci 0000:00:17.0: Adding to iommu group 6
Jul 22 00:28:29 azken kernel: pci 0000:00:1b.0: Adding to iommu group 7
Jul 22 00:28:29 azken kernel: pci 0000:00:1c.0: Adding to iommu group 8
Jul 22 00:28:29 azken kernel: pci 0000:00:1c.2: Adding to iommu group 9
Jul 22 00:28:29 azken kernel: pci 0000:00:1d.0: Adding to iommu group 10
Jul 22 00:28:29 azken kernel: pci 0000:00:1f.0: Adding to iommu group 11
Jul 22 00:28:29 azken kernel: pci 0000:00:1f.3: Adding to iommu group 11
Jul 22 00:28:29 azken kernel: pci 0000:00:1f.4: Adding to iommu group 11
Jul 22 00:28:29 azken kernel: pci 0000:00:1f.5: Adding to iommu group 11
Jul 22 00:28:29 azken kernel: pci 0000:01:00.0: Adding to iommu group 2
Jul 22 00:28:29 azken kernel: pci 0000:01:00.1: Adding to iommu group 2
Jul 22 00:28:29 azken kernel: pci 0000:04:00.0: Adding to iommu group 12
Jul 22 00:28:29 azken kernel: DMAR: Intel(R) Virtualization Technology for Directed I/O
Jul 22 00:28:29 azken kernel: PCI-DMA: Using software bounce buffering for IO (SWIOTLB)
Jul 22 00:28:29 azken kernel: software IO TLB: mapped [mem 0x000000002a4ec000-0x000000002e4ec000] (64MB)
Jul 22 00:28:29 azken kernel: Initialise system trusted keyrings
Jul 22 00:28:29 azken kernel: Key type blacklist registered
Jul 22 00:28:29 azken kernel: workingset: timestamp_bits=36 max_order=22 bucket_order=0
Jul 22 00:28:29 azken kernel: zbud: loaded
Jul 22 00:28:29 azken kernel: squashfs: version 4.0 (2009/01/31) Phillip Lougher
Jul 22 00:28:29 azken kernel: fuse: init (API version 7.40)
Jul 22 00:28:29 azken kernel: integrity: Platform Keyring initialized
Jul 22 00:28:29 azken kernel: integrity: Machine keyring initialized
Jul 22 00:28:29 azken kernel: Key type asymmetric registered
Jul 22 00:28:29 azken kernel: Asymmetric key parser 'x509' registered
Jul 22 00:28:29 azken kernel: Block layer SCSI generic (bsg) driver version 0.4 loaded (major 243)
Jul 22 00:28:29 azken kernel: io scheduler mq-deadline registered
Jul 22 00:28:29 azken kernel: pcieport 0000:00:1c.2: AER: enabled with IRQ 125
Jul 22 00:28:29 azken kernel: pcieport 0000:00:1c.2: DPC: enabled with IRQ 125
Jul 22 00:28:29 azken kernel: pcieport 0000:00:1c.2: DPC: error containment capabilities: Int Msg #0, RPExt+ PoisonedTLP+ SwTrigger+ RP PIO Log 4, DL_ActiveErr+
Jul 22 00:28:29 azken kernel: shpchp: Standard Hot Plug PCI Controller Driver version: 0.4
Jul 22 00:28:29 azken kernel: input: Sleep Button as /devices/LNXSYSTM:00/LNXSYBUS:00/PNP0C0E:00/input/input0
Jul 22 00:28:29 azken kernel: ACPI: button: Sleep Button [SLPB]
Jul 22 00:28:29 azken kernel: input: Power Button as /devices/LNXSYSTM:00/LNXSYBUS:00/PNP0C0C:00/input/input1
Jul 22 00:28:29 azken kernel: ACPI: button: Power Button [PWRB]
Jul 22 00:28:29 azken kernel: input: Power Button as /devices/LNXSYSTM:00/LNXPWRBN:00/input/input2
Jul 22 00:28:29 azken kernel: ACPI: button: Power Button [PWRF]
Jul 22 00:28:29 azken kernel: Freeing initrd memory: 80400K
Jul 22 00:28:29 azken kernel: tsc: Refined TSC clocksource calibration: 3599.993 MHz
Jul 22 00:28:29 azken kernel: clocksource: tsc: mask: 0xffffffffffffffff max_cycles: 0x33e44c68b8d, max_idle_ns: 440795234678 ns
Jul 22 00:28:29 azken kernel: clocksource: Switched to clocksource tsc
Jul 22 00:28:29 azken kernel: thermal LNXTHERM:00: registered as thermal_zone0
Jul 22 00:28:29 azken kernel: ACPI: thermal: Thermal Zone [TZ10] (17 C)
Jul 22 00:28:29 azken kernel: thermal LNXTHERM:01: registered as thermal_zone1
Jul 22 00:28:29 azken kernel: ACPI: thermal: Thermal Zone [TZ00] (28 C)
Jul 22 00:28:29 azken kernel: Serial: 8250/16550 driver, 32 ports, IRQ sharing enabled
Jul 22 00:28:29 azken kernel: 00:01: ttyS0 at I/O 0x3f8 (irq = 4, base_baud = 115200) is a 16550A
Jul 22 00:28:29 azken kernel: Linux agpgart interface v0.103
Jul 22 00:28:29 azken kernel: loop: module loaded
Jul 22 00:28:29 azken kernel: ACPI: bus type drm_connector registered
Jul 22 00:28:29 azken kernel: tun: Universal TUN/TAP device driver, 1.6
Jul 22 00:28:29 azken kernel: PPP generic driver version 2.4.2
Jul 22 00:28:29 azken kernel: i8042: PNP: No PS/2 controller found.
Jul 22 00:28:29 azken kernel: mousedev: PS/2 mouse device common for all mice
Jul 22 00:28:29 azken kernel: rtc_cmos 00:03: RTC can wake from S4
Jul 22 00:28:29 azken kernel: rtc_cmos 00:03: registered as rtc0
Jul 22 00:28:29 azken kernel: rtc_cmos 00:03: setting system clock to 2025-07-21T22:28:21 UTC (1753136901)
Jul 22 00:28:29 azken kernel: rtc_cmos 00:03: alarms up to one month, y3k, 242 bytes nvram
Jul 22 00:28:29 azken kernel: i2c_dev: i2c /dev entries driver
Jul 22 00:28:29 azken kernel: device-mapper: core: CONFIG_IMA_DISABLE_HTABLE is disabled. Duplicate IMA measurements will not be recorded in the IMA log.
Jul 22 00:28:29 azken kernel: device-mapper: uevent: version 1.0.3
Jul 22 00:28:29 azken kernel: device-mapper: ioctl: 4.48.0-ioctl (2023-03-01) initialised: dm-devel@lists.linux.dev
Jul 22 00:28:29 azken kernel: platform eisa.0: Probing EISA bus 0
Jul 22 00:28:29 azken kernel: platform eisa.0: EISA: Cannot allocate resource for mainboard
Jul 22 00:28:29 azken kernel: platform eisa.0: Cannot allocate resource for EISA slot 1
Jul 22 00:28:29 azken kernel: platform eisa.0: Cannot allocate resource for EISA slot 2
Jul 22 00:28:29 azken kernel: platform eisa.0: Cannot allocate resource for EISA slot 3
Jul 22 00:28:29 azken kernel: platform eisa.0: Cannot allocate resource for EISA slot 4
Jul 22 00:28:29 azken kernel: platform eisa.0: Cannot allocate resource for EISA slot 5
Jul 22 00:28:29 azken kernel: platform eisa.0: Cannot allocate resource for EISA slot 6
Jul 22 00:28:29 azken kernel: platform eisa.0: Cannot allocate resource for EISA slot 7
Jul 22 00:28:29 azken kernel: platform eisa.0: Cannot allocate resource for EISA slot 8
Jul 22 00:28:29 azken kernel: platform eisa.0: EISA: Detected 0 cards
Jul 22 00:28:29 azken kernel: intel_pstate: Intel P-state driver initializing
Jul 22 00:28:29 azken kernel: intel_pstate: Disabling energy efficiency optimization
Jul 22 00:28:29 azken kernel: intel_pstate: HWP enabled
Jul 22 00:28:29 azken kernel: ledtrig-cpu: registered to indicate activity on CPUs
Jul 22 00:28:29 azken kernel: [drm] Initialized simpledrm 1.0.0 for simple-framebuffer.0 on minor 0
Jul 22 00:28:29 azken kernel: fbcon: Deferring console take-over
Jul 22 00:28:29 azken kernel: simple-framebuffer simple-framebuffer.0: [drm] fb0: simpledrmdrmfb frame buffer device
Jul 22 00:28:29 azken kernel: drop_monitor: Initializing network drop monitor service
Jul 22 00:28:29 azken kernel: NET: Registered PF_INET6 protocol family
Jul 22 00:28:29 azken kernel: Segment Routing with IPv6
Jul 22 00:28:29 azken kernel: In-situ OAM (IOAM) with IPv6
Jul 22 00:28:29 azken kernel: NET: Registered PF_PACKET protocol family
Jul 22 00:28:29 azken kernel: Key type dns_resolver registered
Jul 22 00:28:29 azken kernel: microcode: Current revision: 0x000000a2
Jul 22 00:28:29 azken kernel: IPI shorthand broadcast: enabled
Jul 22 00:28:29 azken kernel: sched_clock: Marking stable (4043000977, 4390650)->(4050095532, -2703905)
Jul 22 00:28:29 azken kernel: registered taskstats version 1
Jul 22 00:28:29 azken kernel: Loading compiled-in X.509 certificates
Jul 22 00:28:29 azken kernel: Loaded X.509 cert 'Build time autogenerated kernel key: 8acf1c891a1c9efa47906c59cdee9ffb66cde54f'
Jul 22 00:28:29 azken kernel: Loaded X.509 cert 'Canonical Ltd. Live Patch Signing: 14df34d1a87cf37625abec039ef2bf521249b969'
Jul 22 00:28:29 azken kernel: Loaded X.509 cert 'Canonical Ltd. Kernel Module Signing: 88f752e560a1e0737e31163a466ad7b70a850c19'
Jul 22 00:28:29 azken kernel: blacklist: Loading compiled-in revocation X.509 certificates
Jul 22 00:28:29 azken kernel: Loaded X.509 cert 'Canonical Ltd. Secure Boot Signing: 61482aa2830d0ab2ad5af10b7250da9033ddcef0'
Jul 22 00:28:29 azken kernel: Loaded X.509 cert 'Canonical Ltd. Secure Boot Signing (2017): 242ade75ac4a15e50d50c84b0d45ff3eae707a03'
Jul 22 00:28:29 azken kernel: Loaded X.509 cert 'Canonical Ltd. Secure Boot Signing (ESM 2018): 365188c1d374d6b07c3c8f240f8ef722433d6a8b'
Jul 22 00:28:29 azken kernel: Loaded X.509 cert 'Canonical Ltd. Secure Boot Signing (2019): c0746fd6c5da3ae827864651ad66ae47fe24b3e8'
Jul 22 00:28:29 azken kernel: Loaded X.509 cert 'Canonical Ltd. Secure Boot Signing (2021 v1): a8d54bbb3825cfb94fa13c9f8a594a195c107b8d'
Jul 22 00:28:29 azken kernel: Loaded X.509 cert 'Canonical Ltd. Secure Boot Signing (2021 v2): 4cf046892d6fd3c9a5b03f98d845f90851dc6a8c'
Jul 22 00:28:29 azken kernel: Loaded X.509 cert 'Canonical Ltd. Secure Boot Signing (2021 v3): 100437bb6de6e469b581e61cd66bce3ef4ed53af'
Jul 22 00:28:29 azken kernel: Loaded X.509 cert 'Canonical Ltd. Secure Boot Signing (Ubuntu Core 2019): c1d57b8f6b743f23ee41f4f7ee292f06eecadfb9'
Jul 22 00:28:29 azken kernel: Demotion targets for Node 0: null
Jul 22 00:28:29 azken kernel: Key type .fscrypt registered
Jul 22 00:28:29 azken kernel: Key type fscrypt-provisioning registered
Jul 22 00:28:29 azken kernel: Key type encrypted registered
Jul 22 00:28:29 azken kernel: AppArmor: AppArmor sha256 policy hashing enabled
Jul 22 00:28:29 azken kernel: ima: No TPM chip found, activating TPM-bypass!
Jul 22 00:28:29 azken kernel: Loading compiled-in module X.509 certificates
Jul 22 00:28:29 azken kernel: Loaded X.509 cert 'Build time autogenerated kernel key: 8acf1c891a1c9efa47906c59cdee9ffb66cde54f'
Jul 22 00:28:29 azken kernel: ima: Allocated hash algorithm: sha256
Jul 22 00:28:29 azken kernel: ima: No architecture policies found
Jul 22 00:28:29 azken kernel: evm: Initialising EVM extended attributes:
Jul 22 00:28:29 azken kernel: evm: security.selinux
Jul 22 00:28:29 azken kernel: evm: security.SMACK64
Jul 22 00:28:29 azken kernel: evm: security.SMACK64EXEC
Jul 22 00:28:29 azken kernel: evm: security.SMACK64TRANSMUTE
Jul 22 00:28:29 azken kernel: evm: security.SMACK64MMAP
Jul 22 00:28:29 azken kernel: evm: security.apparmor
Jul 22 00:28:29 azken kernel: evm: security.ima
Jul 22 00:28:29 azken kernel: evm: security.capability
Jul 22 00:28:29 azken kernel: evm: HMAC attrs: 0x1
Jul 22 00:28:29 azken kernel: PM:   Magic number: 1:845:502
Jul 22 00:28:29 azken kernel: RAS: Correctable Errors collector initialized.
Jul 22 00:28:29 azken kernel: clk: Disabling unused clocks
Jul 22 00:28:29 azken kernel: PM: genpd: Disabling unused power domains
Jul 22 00:28:29 azken kernel: Freeing unused decrypted memory: 2028K
Jul 22 00:28:29 azken kernel: Freeing unused kernel image (initmem) memory: 5096K
Jul 22 00:28:29 azken kernel: Write protecting the kernel read-only data: 38912k
Jul 22 00:28:29 azken kernel: Freeing unused kernel image (rodata/data gap) memory: 1508K
Jul 22 00:28:29 azken kernel: x86/mm: Checked W+X mappings: passed, no W+X pages found.
Jul 22 00:28:29 azken kernel: Run /init as init process
Jul 22 00:28:29 azken kernel:   with arguments:
Jul 22 00:28:29 azken kernel:     /init
Jul 22 00:28:29 azken kernel:     ---
Jul 22 00:28:29 azken kernel:     splash
Jul 22 00:28:29 azken kernel:   with environment:
Jul 22 00:28:29 azken kernel:     HOME=/
Jul 22 00:28:29 azken kernel:     TERM=linux
Jul 22 00:28:29 azken kernel:     BOOT_IMAGE=/casper/vmlinuz
Jul 22 00:28:29 azken kernel:     boot=casper
Jul 22 00:28:29 azken kernel: xhci_hcd 0000:00:14.0: xHCI Host Controller
Jul 22 00:28:29 azken kernel: xhci_hcd 0000:00:14.0: new USB bus registered, assigned bus number 1
Jul 22 00:28:29 azken kernel: ahci 0000:00:17.0: version 3.0
Jul 22 00:28:29 azken kernel: ACPI: video: Video Device [GFX0] (multi-head: yes  rom: no  post: no)
Jul 22 00:28:29 azken kernel: xhci_hcd 0000:00:14.0: hcc params 0x200077c1 hci version 0x110 quirks 0x0000000000009810
Jul 22 00:28:29 azken kernel: input: Video Bus as /devices/LNXSYSTM:00/LNXSYBUS:00/PNP0A08:00/LNXVIDEO:00/input/input3
Jul 22 00:28:29 azken kernel: xhci_hcd 0000:00:14.0: xHCI Host Controller
Jul 22 00:28:29 azken kernel: xhci_hcd 0000:00:14.0: new USB bus registered, assigned bus number 2
Jul 22 00:28:29 azken kernel: xhci_hcd 0000:00:14.0: Host supports USB 3.1 Enhanced SuperSpeed
Jul 22 00:28:29 azken kernel: usb usb1: New USB device found, idVendor=1d6b, idProduct=0002, bcdDevice= 6.11
Jul 22 00:28:29 azken kernel: usb usb1: New USB device strings: Mfr=3, Product=2, SerialNumber=1
Jul 22 00:28:29 azken kernel: usb usb1: Product: xHCI Host Controller
Jul 22 00:28:29 azken kernel: usb usb1: Manufacturer: Linux 6.11.0-17-generic xhci-hcd
Jul 22 00:28:29 azken kernel: usb usb1: SerialNumber: 0000:00:14.0
Jul 22 00:28:29 azken kernel: hub 1-0:1.0: USB hub found
Jul 22 00:28:29 azken kernel: hub 1-0:1.0: 16 ports detected
Jul 22 00:28:29 azken kernel: r8169 0000:04:00.0: can't disable ASPM; OS doesn't have ASPM control
Jul 22 00:28:29 azken kernel: cryptd: max_cpu_qlen set to 1000
Jul 22 00:28:29 azken kernel: usb usb2: New USB device found, idVendor=1d6b, idProduct=0003, bcdDevice= 6.11
Jul 22 00:28:29 azken kernel: usb usb2: New USB device strings: Mfr=3, Product=2, SerialNumber=1
Jul 22 00:28:29 azken kernel: usb usb2: Product: xHCI Host Controller
Jul 22 00:28:29 azken kernel: usb usb2: Manufacturer: Linux 6.11.0-17-generic xhci-hcd
Jul 22 00:28:29 azken kernel: usb usb2: SerialNumber: 0000:00:14.0
Jul 22 00:28:29 azken kernel: hub 2-0:1.0: USB hub found
Jul 22 00:28:29 azken kernel: hub 2-0:1.0: 10 ports detected
Jul 22 00:28:29 azken kernel: AES CTR mode by8 optimization enabled
Jul 22 00:28:29 azken kernel: r8169 0000:04:00.0 eth0: RTL8168h/8111h, b4:2e:99:16:20:b5, XID 541, IRQ 136
Jul 22 00:28:29 azken kernel: r8169 0000:04:00.0 eth0: jumbo features [frames: 9194 bytes, tx checksumming: ko]
Jul 22 00:28:29 azken kernel: ahci 0000:00:17.0: AHCI vers 0001.0301, 32 command slots, 6 Gbps, SATA mode
Jul 22 00:28:29 azken kernel: ahci 0000:00:17.0: 6/6 ports implemented (port mask 0x3f)
Jul 22 00:28:29 azken kernel: ahci 0000:00:17.0: flags: 64bit ncq sntf clo only pio slum part ems deso sadm sds apst 
Jul 22 00:28:29 azken kernel: r8169 0000:04:00.0 enp4s0: renamed from eth0
Jul 22 00:28:29 azken kernel: scsi host0: ahci
Jul 22 00:28:29 azken kernel: scsi host1: ahci
Jul 22 00:28:29 azken kernel: scsi host2: ahci
Jul 22 00:28:29 azken kernel: scsi host3: ahci
Jul 22 00:28:29 azken kernel: scsi host4: ahci
Jul 22 00:28:29 azken kernel: scsi host5: ahci
Jul 22 00:28:29 azken kernel: ata1: SATA max UDMA/133 abar m2048@0x65219000 port 0x65219100 irq 127 lpm-pol 3
Jul 22 00:28:29 azken kernel: ata2: SATA max UDMA/133 abar m2048@0x65219000 port 0x65219180 irq 127 lpm-pol 3
Jul 22 00:28:29 azken kernel: ata3: SATA max UDMA/133 abar m2048@0x65219000 port 0x65219200 irq 127 lpm-pol 3
Jul 22 00:28:29 azken kernel: ata4: SATA max UDMA/133 abar m2048@0x65219000 port 0x65219280 irq 127 lpm-pol 3
Jul 22 00:28:29 azken kernel: ata5: SATA max UDMA/133 abar m2048@0x65219000 port 0x65219300 irq 127 lpm-pol 3
Jul 22 00:28:29 azken kernel: ata6: SATA max UDMA/133 abar m2048@0x65219000 port 0x65219380 irq 127 lpm-pol 3
Jul 22 00:28:29 azken kernel: usb 1-8: new high-speed USB device number 2 using xhci_hcd
Jul 22 00:28:29 azken kernel: ata2: SATA link up 6.0 Gbps (SStatus 133 SControl 300)
Jul 22 00:28:29 azken kernel: ata3: SATA link down (SStatus 4 SControl 300)
Jul 22 00:28:29 azken kernel: ata6: SATA link down (SStatus 4 SControl 300)
Jul 22 00:28:29 azken kernel: ata4: SATA link down (SStatus 4 SControl 300)
Jul 22 00:28:29 azken kernel: ata2.00: ATA-11: TOSHIBA-TR200, SBFA12.6, max UDMA/133
Jul 22 00:28:29 azken kernel: ata2.00: 468862128 sectors, multi 16: LBA48 NCQ (depth 32), AA
Jul 22 00:28:29 azken kernel: ata2.00: Features: Dev-Sleep
Jul 22 00:28:29 azken kernel: ata2.00: configured for UDMA/133
Jul 22 00:28:29 azken kernel: ahci 0000:00:17.0: port does not support device sleep
Jul 22 00:28:29 azken kernel: ata5: SATA link down (SStatus 4 SControl 300)
Jul 22 00:28:29 azken kernel: usb 1-8: New USB device found, idVendor=413c, idProduct=1010, bcdDevice=32.98
Jul 22 00:28:29 azken kernel: usb 1-8: New USB device strings: Mfr=0, Product=11, SerialNumber=0
Jul 22 00:28:29 azken kernel: usb 1-8: Product: USB 2.0 Hub [MTT]
Jul 22 00:28:29 azken kernel: hub 1-8:1.0: USB hub found
Jul 22 00:28:29 azken kernel: hub 1-8:1.0: 4 ports detected
Jul 22 00:28:29 azken kernel: usb 2-7: new SuperSpeed USB device number 2 using xhci_hcd
Jul 22 00:28:29 azken kernel: usb 2-7: New USB device found, idVendor=0951, idProduct=1666, bcdDevice= 1.10
Jul 22 00:28:29 azken kernel: usb 2-7: New USB device strings: Mfr=2, Product=3, SerialNumber=4
Jul 22 00:28:29 azken kernel: usb 2-7: Product: DataTraveler 3.0
Jul 22 00:28:29 azken kernel: usb 2-7: Manufacturer: Kingston
Jul 22 00:28:29 azken kernel: usb 2-7: SerialNumber: E0D55EA574141881689F02CD
Jul 22 00:28:29 azken kernel: usb-storage 2-7:1.0: USB Mass Storage device detected
Jul 22 00:28:29 azken kernel: scsi host6: usb-storage 2-7:1.0
Jul 22 00:28:29 azken kernel: usbcore: registered new interface driver usb-storage
Jul 22 00:28:29 azken kernel: usb 1-8.2: new full-speed USB device number 3 using xhci_hcd
Jul 22 00:28:29 azken kernel: usb 1-8.2: New USB device found, idVendor=046d, idProduct=c53f, bcdDevice=44.01
Jul 22 00:28:29 azken kernel: usb 1-8.2: New USB device strings: Mfr=1, Product=2, SerialNumber=0
Jul 22 00:28:29 azken kernel: usb 1-8.2: Product: USB Receiver
Jul 22 00:28:29 azken kernel: usb 1-8.2: Manufacturer: Logitech
Jul 22 00:28:29 azken kernel: hid: raw HID events driver (C) Jiri Kosina
Jul 22 00:28:29 azken kernel: ata1: SATA link up 6.0 Gbps (SStatus 133 SControl 300)
Jul 22 00:28:29 azken kernel: usb 1-8.4: new low-speed USB device number 4 using xhci_hcd
Jul 22 00:28:29 azken kernel: usb 1-8.4: New USB device found, idVendor=413c, idProduct=2110, bcdDevice= 0.06
Jul 22 00:28:29 azken kernel: usb 1-8.4: New USB device strings: Mfr=1, Product=2, SerialNumber=0
Jul 22 00:28:29 azken kernel: usb 1-8.4: Product: Dell Wired Multimedia Keyboard
Jul 22 00:28:29 azken kernel: usb 1-8.4: Manufacturer: Dell
Jul 22 00:28:29 azken kernel: usbcore: registered new interface driver usbhid
Jul 22 00:28:29 azken kernel: usbhid: USB HID core driver
Jul 22 00:28:29 azken kernel: ata1.00: ATA-10: ST4000DM004-2CV104, 0001, max UDMA/133
Jul 22 00:28:29 azken kernel: scsi 6:0:0:0: Direct-Access     Kingston DataTraveler 3.0 0000 PQ: 0 ANSI: 6
Jul 22 00:28:29 azken kernel: scsi 6:0:0:0: Attached scsi generic sg0 type 0
Jul 22 00:28:29 azken kernel: ata1.00: 7814037168 sectors, multi 16: LBA48 NCQ (depth 32), AA
Jul 22 00:28:29 azken kernel: sd 6:0:0:0: [sda] 121077760 512-byte logical blocks: (62.0 GB/57.7 GiB)
Jul 22 00:28:29 azken kernel: sd 6:0:0:0: [sda] Write Protect is off
Jul 22 00:28:29 azken kernel: sd 6:0:0:0: [sda] Mode Sense: 23 00 00 00
Jul 22 00:28:29 azken kernel: sd 6:0:0:0: [sda] Write cache: disabled, read cache: enabled, doesn't support DPO or FUA
Jul 22 00:28:29 azken kernel:  sda: sda1 sda2
Jul 22 00:28:29 azken kernel: sd 6:0:0:0: [sda] Attached SCSI removable disk
Jul 22 00:28:29 azken kernel: ata1.00: configured for UDMA/133
Jul 22 00:28:29 azken kernel: scsi 0:0:0:0: Direct-Access     ATA      ST4000DM004-2CV1 0001 PQ: 0 ANSI: 5
Jul 22 00:28:29 azken kernel: sd 0:0:0:0: Attached scsi generic sg1 type 0
Jul 22 00:28:29 azken kernel: sd 0:0:0:0: [sdb] 7814037168 512-byte logical blocks: (4.00 TB/3.64 TiB)
Jul 22 00:28:29 azken kernel: sd 0:0:0:0: [sdb] 4096-byte physical blocks
Jul 22 00:28:29 azken kernel: sd 0:0:0:0: [sdb] Write Protect is off
Jul 22 00:28:29 azken kernel: sd 0:0:0:0: [sdb] Mode Sense: 00 3a 00 00
Jul 22 00:28:29 azken kernel: sd 0:0:0:0: [sdb] Write cache: enabled, read cache: enabled, doesn't support DPO or FUA
Jul 22 00:28:29 azken kernel: sd 0:0:0:0: [sdb] Preferred minimum I/O size 4096 bytes
Jul 22 00:28:29 azken kernel: scsi 1:0:0:0: Direct-Access     ATA      TOSHIBA-TR200    12.6 PQ: 0 ANSI: 5
Jul 22 00:28:29 azken kernel: sd 1:0:0:0: Attached scsi generic sg2 type 0
Jul 22 00:28:29 azken kernel: sd 1:0:0:0: [sdc] 468862128 512-byte logical blocks: (240 GB/224 GiB)
Jul 22 00:28:29 azken kernel: sd 1:0:0:0: [sdc] Write Protect is off
Jul 22 00:28:29 azken kernel: sd 1:0:0:0: [sdc] Mode Sense: 00 3a 00 00
Jul 22 00:28:29 azken kernel: sd 1:0:0:0: [sdc] Write cache: enabled, read cache: enabled, doesn't support DPO or FUA
Jul 22 00:28:29 azken kernel: sd 1:0:0:0: [sdc] Preferred minimum I/O size 512 bytes
Jul 22 00:28:29 azken kernel:  sdc: sdc1 sdc2 sdc3 sdc4
Jul 22 00:28:29 azken kernel: sd 1:0:0:0: [sdc] Attached SCSI disk
Jul 22 00:28:29 azken kernel:  sdb: sdb1 sdb2
Jul 22 00:28:29 azken kernel: sd 0:0:0:0: [sdb] Attached SCSI disk
Jul 22 00:28:29 azken kernel: usbcore: registered new interface driver uas
Jul 22 00:28:29 azken kernel: input: Logitech USB Receiver as /devices/pci0000:00/0000:00:14.0/usb1/1-8/1-8.2/1-8.2:1.0/0003:046D:C53F.0001/input/input4
Jul 22 00:28:29 azken kernel: hid-generic 0003:046D:C53F.0001: input,hidraw0: USB HID v1.11 Keyboard [Logitech USB Receiver] on usb-0000:00:14.0-8.2/input0
Jul 22 00:28:29 azken kernel: input: Logitech USB Receiver Mouse as /devices/pci0000:00/0000:00:14.0/usb1/1-8/1-8.2/1-8.2:1.1/0003:046D:C53F.0002/input/input5
Jul 22 00:28:29 azken kernel: input: Logitech USB Receiver Consumer Control as /devices/pci0000:00/0000:00:14.0/usb1/1-8/1-8.2/1-8.2:1.1/0003:046D:C53F.0002/input/input6
Jul 22 00:28:29 azken kernel: input: Logitech USB Receiver System Control as /devices/pci0000:00/0000:00:14.0/usb1/1-8/1-8.2/1-8.2:1.1/0003:046D:C53F.0002/input/input7
Jul 22 00:28:29 azken kernel: hid-generic 0003:046D:C53F.0002: input,hiddev0,hidraw1: USB HID v1.11 Mouse [Logitech USB Receiver] on usb-0000:00:14.0-8.2/input1
Jul 22 00:28:29 azken kernel: hid-generic 0003:046D:C53F.0003: hiddev1,hidraw2: USB HID v1.11 Device [Logitech USB Receiver] on usb-0000:00:14.0-8.2/input2
Jul 22 00:28:29 azken kernel: input: Dell Dell Wired Multimedia Keyboard as /devices/pci0000:00/0000:00:14.0/usb1/1-8/1-8.4/1-8.4:1.0/0003:413C:2110.0004/input/input9
Jul 22 00:28:29 azken kernel: hid-generic 0003:413C:2110.0004: input,hidraw3: USB HID v1.10 Keyboard [Dell Dell Wired Multimedia Keyboard] on usb-0000:00:14.0-8.4/input0
Jul 22 00:28:29 azken kernel: input: Dell Dell Wired Multimedia Keyboard Mouse as /devices/pci0000:00/0000:00:14.0/usb1/1-8/1-8.4/1-8.4:1.1/0003:413C:2110.0005/input/input10
Jul 22 00:28:29 azken kernel: input: Dell Dell Wired Multimedia Keyboard System Control as /devices/pci0000:00/0000:00:14.0/usb1/1-8/1-8.4/1-8.4:1.1/0003:413C:2110.0005/input/input11
Jul 22 00:28:29 azken kernel: input: Dell Dell Wired Multimedia Keyboard Consumer Control as /devices/pci0000:00/0000:00:14.0/usb1/1-8/1-8.4/1-8.4:1.1/0003:413C:2110.0005/input/input12
Jul 22 00:28:29 azken kernel: hid-generic 0003:413C:2110.0005: input,hiddev2,hidraw4: USB HID v1.10 Mouse [Dell Dell Wired Multimedia Keyboard] on usb-0000:00:14.0-8.4/input1
Jul 22 00:28:29 azken kernel: logitech-djreceiver 0003:046D:C53F.0001: hidraw0: USB HID v1.11 Keyboard [Logitech USB Receiver] on usb-0000:00:14.0-8.2/input0
Jul 22 00:28:29 azken kernel: logitech-djreceiver 0003:046D:C53F.0002: hiddev0,hidraw1: USB HID v1.11 Mouse [Logitech USB Receiver] on usb-0000:00:14.0-8.2/input1
Jul 22 00:28:29 azken kernel: logitech-djreceiver 0003:046D:C53F.0003: hiddev1,hidraw2: USB HID v1.11 Device [Logitech USB Receiver] on usb-0000:00:14.0-8.2/input2
Jul 22 00:28:29 azken kernel: logitech-djreceiver 0003:046D:C53F.0003: device of type eQUAD Lightspeed 1.1 (0x0d) connected on slot 1
Jul 22 00:28:29 azken kernel: input: Logitech Wireless Mouse PID:4074 Keyboard as /devices/pci0000:00/0000:00:14.0/usb1/1-8/1-8.2/1-8.2:1.2/0003:046D:C53F.0003/0003:046D:4074.0006/input/input13
Jul 22 00:28:29 azken kernel: input: Logitech Wireless Mouse PID:4074 Mouse as /devices/pci0000:00/0000:00:14.0/usb1/1-8/1-8.2/1-8.2:1.2/0003:046D:C53F.0003/0003:046D:4074.0006/input/input14
Jul 22 00:28:29 azken kernel: hid-generic 0003:046D:4074.0006: input,hidraw5: USB HID v1.11 Keyboard [Logitech Wireless Mouse PID:4074] on usb-0000:00:14.0-8.2/input2:1
Jul 22 00:28:29 azken kernel: input: Logitech G305 as /devices/pci0000:00/0000:00:14.0/usb1/1-8/1-8.2/1-8.2:1.2/0003:046D:C53F.0003/0003:046D:4074.0006/input/input18
Jul 22 00:28:29 azken kernel: logitech-hidpp-device 0003:046D:4074.0006: input,hidraw5: USB HID v1.11 Keyboard [Logitech G305] on usb-0000:00:14.0-8.2/input2:1
Jul 22 00:28:29 azken kernel: ISO 9660 Extensions: Microsoft Joliet Level 3
Jul 22 00:28:29 azken kernel: ISO 9660 Extensions: RRIP_1991A
Jul 22 00:28:29 azken kernel: loop0: detected capacity change from 0 to 53180584
Jul 22 00:28:29 azken kernel: overlayfs: null uuid detected in lower fs '/', falling back to xino=off,index=off,nfs_export=off.
Jul 22 00:28:29 azken kernel: evm: overlay not supported
Jul 22 00:28:29 azken systemd[1]: Inserted module 'autofs4'
Jul 22 00:28:29 azken systemd[1]: systemd 255.4-1ubuntu8.5 running in system mode (+PAM +AUDIT +SELINUX +APPARMOR +IMA +SMACK +SECCOMP +GCRYPT -GNUTLS +OPENSSL +ACL +BLKID +CURL +ELFUTILS +FIDO2 +IDN2 -IDN +IPTC +KMOD +LIBCRYPTSETUP +LIBFDISK +PCRE2 -PWQUALITY +P11KIT +QRENCODE +TPM2 +BZIP2 +LZ4 +XZ +ZLIB +ZSTD -BPF_FRAMEWORK -XKBCOMMON +UTMP +SYSVINIT default-hierarchy=unified)
Jul 22 00:28:29 azken systemd[1]: Detected architecture x86-64.
Jul 22 00:28:29 azken systemd[1]: Hostname set to <azken>.
Jul 22 00:28:29 azken systemd[1]: Initializing machine ID from random generator.
Jul 22 00:28:29 azken systemd[1]: Queued start job for default target graphical.target.
Jul 22 00:28:29 azken systemd[1]: Created slice system-modprobe.slice - Slice /system/modprobe.
Jul 22 00:28:29 azken systemd[1]: Created slice user.slice - User and Session Slice.
Jul 22 00:28:29 azken systemd[1]: Started systemd-ask-password-wall.path - Forward Password Requests to Wall Directory Watch.
Jul 22 00:28:29 azken systemd[1]: Set up automount proc-sys-fs-binfmt_misc.automount - Arbitrary Executable File Formats File System Automount Point.
Jul 22 00:28:29 azken systemd[1]: Reached target integritysetup.target - Local Integrity Protected Volumes.
Jul 22 00:28:29 azken systemd[1]: Reached target nss-user-lookup.target - User and Group Name Lookups.
Jul 22 00:28:29 azken systemd[1]: Reached target remote-fs.target - Remote File Systems.
Jul 22 00:28:29 azken systemd[1]: Reached target slices.target - Slice Units.
Jul 22 00:28:29 azken systemd[1]: Reached target snapd.mounts-pre.target - Mounting snaps.
Jul 22 00:28:29 azken systemd[1]: Reached target swap.target - Swaps.
Jul 22 00:28:29 azken systemd[1]: Reached target veritysetup.target - Local Verity Protected Volumes.
Jul 22 00:28:29 azken systemd[1]: Listening on dm-event.socket - Device-mapper event daemon FIFOs.
Jul 22 00:28:29 azken systemd[1]: Listening on lvm2-lvmpolld.socket - LVM2 poll daemon socket.
Jul 22 00:28:29 azken systemd[1]: Listening on syslog.socket - Syslog Socket.
Jul 22 00:28:29 azken systemd[1]: Listening on systemd-initctl.socket - initctl Compatibility Named Pipe.
Jul 22 00:28:29 azken systemd[1]: Listening on systemd-journald-dev-log.socket - Journal Socket (/dev/log).
Jul 22 00:28:29 azken systemd[1]: Listening on systemd-journald.socket - Journal Socket.
Jul 22 00:28:29 azken systemd[1]: systemd-pcrextend.socket - TPM2 PCR Extension (Varlink) was skipped because of an unmet condition check (ConditionSecurity=measured-uki).
Jul 22 00:28:29 azken systemd[1]: Listening on systemd-udevd-control.socket - udev Control Socket.
Jul 22 00:28:29 azken systemd[1]: Listening on systemd-udevd-kernel.socket - udev Kernel Socket.
Jul 22 00:28:29 azken systemd[1]: Mounting dev-hugepages.mount - Huge Pages File System...
Jul 22 00:28:29 azken systemd[1]: Mounting dev-mqueue.mount - POSIX Message Queue File System...
Jul 22 00:28:29 azken systemd[1]: Mounting sys-kernel-debug.mount - Kernel Debug File System...
Jul 22 00:28:29 azken systemd[1]: Mounting sys-kernel-tracing.mount - Kernel Trace File System...
Jul 22 00:28:29 azken systemd[1]: Starting systemd-journald.service - Journal Service...
Jul 22 00:28:29 azken systemd[1]: Finished blk-availability.service - Availability of block devices.
Jul 22 00:28:29 azken systemd[1]: Starting keyboard-setup.service - Set the console keyboard layout...
Jul 22 00:28:29 azken systemd[1]: Starting kmod-static-nodes.service - Create List of Static Device Nodes...
Jul 22 00:28:29 azken systemd[1]: Starting lvm2-monitor.service - Monitoring of LVM2 mirrors, snapshots etc. using dmeventd or progress polling...
Jul 22 00:28:29 azken systemd[1]: Starting modprobe@configfs.service - Load Kernel Module configfs...
Jul 22 00:28:29 azken systemd[1]: Starting modprobe@dm_mod.service - Load Kernel Module dm_mod...
Jul 22 00:28:29 azken systemd[1]: Starting modprobe@drm.service - Load Kernel Module drm...
Jul 22 00:28:29 azken systemd[1]: Starting modprobe@efi_pstore.service - Load Kernel Module efi_pstore...
Jul 22 00:28:29 azken systemd[1]: Starting modprobe@fuse.service - Load Kernel Module fuse...
Jul 22 00:28:29 azken systemd[1]: Starting modprobe@loop.service - Load Kernel Module loop...
Jul 22 00:28:29 azken kernel: pstore: Using crash dump compression: deflate
Jul 22 00:28:29 azken systemd[1]: Starting systemd-modules-load.service - Load Kernel Modules...
Jul 22 00:28:29 azken systemd[1]: systemd-pcrmachine.service - TPM2 PCR Machine ID Measurement was skipped because of an unmet condition check (ConditionSecurity=measured-uki).
Jul 22 00:28:29 azken systemd[1]: Starting systemd-remount-fs.service - Remount Root and Kernel File Systems...
Jul 22 00:28:29 azken systemd[1]: systemd-tpm2-setup-early.service - TPM2 SRK Setup (Early) was skipped because of an unmet condition check (ConditionSecurity=measured-uki).
Jul 22 00:28:29 azken systemd[1]: Starting systemd-udev-trigger.service - Coldplug All udev Devices...
Jul 22 00:28:29 azken systemd[1]: Mounted dev-hugepages.mount - Huge Pages File System.
Jul 22 00:28:29 azken systemd[1]: Mounted dev-mqueue.mount - POSIX Message Queue File System.
Jul 22 00:28:29 azken systemd[1]: Mounted sys-kernel-debug.mount - Kernel Debug File System.
Jul 22 00:28:29 azken systemd[1]: Mounted sys-kernel-tracing.mount - Kernel Trace File System.
Jul 22 00:28:29 azken systemd[1]: Finished kmod-static-nodes.service - Create List of Static Device Nodes.
Jul 22 00:28:29 azken systemd[1]: modprobe@configfs.service: Deactivated successfully.
Jul 22 00:28:29 azken systemd[1]: Finished modprobe@configfs.service - Load Kernel Module configfs.
Jul 22 00:28:29 azken systemd[1]: modprobe@dm_mod.service: Deactivated successfully.
Jul 22 00:28:29 azken systemd[1]: Finished modprobe@dm_mod.service - Load Kernel Module dm_mod.
Jul 22 00:28:29 azken systemd[1]: modprobe@drm.service: Deactivated successfully.
Jul 22 00:28:29 azken systemd[1]: Finished modprobe@drm.service - Load Kernel Module drm.
Jul 22 00:28:29 azken systemd[1]: modprobe@fuse.service: Deactivated successfully.
Jul 22 00:28:29 azken systemd[1]: Finished modprobe@fuse.service - Load Kernel Module fuse.
Jul 22 00:28:29 azken systemd[1]: modprobe@loop.service: Deactivated successfully.
Jul 22 00:28:29 azken systemd[1]: Finished modprobe@loop.service - Load Kernel Module loop.
Jul 22 00:28:29 azken systemd[1]: Mounting sys-fs-fuse-connections.mount - FUSE Control File System...
Jul 22 00:28:29 azken systemd[1]: Mounting sys-kernel-config.mount - Kernel Configuration File System...
Jul 22 00:28:29 azken kernel: pstore: Registered efi_pstore as persistent store backend
Jul 22 00:28:29 azken systemd-journald[969]: Collecting audit messages is disabled.
Jul 22 00:28:29 azken systemd[1]: systemd-repart.service - Repartition Root Disk was skipped because no trigger condition checks were met.
Jul 22 00:28:29 azken systemd[1]: Starting systemd-tmpfiles-setup-dev-early.service - Create Static Device Nodes in /dev gracefully...
Jul 22 00:28:29 azken systemd[1]: modprobe@efi_pstore.service: Deactivated successfully.
Jul 22 00:28:29 azken systemd[1]: Finished modprobe@efi_pstore.service - Load Kernel Module efi_pstore.
Jul 22 00:28:29 azken systemd[1]: Finished systemd-remount-fs.service - Remount Root and Kernel File Systems.
Jul 22 00:28:29 azken systemd[1]: Mounted sys-fs-fuse-connections.mount - FUSE Control File System.
Jul 22 00:28:29 azken systemd[1]: Mounted sys-kernel-config.mount - Kernel Configuration File System.
Jul 22 00:28:29 azken systemd-journald[969]: Journal started
Jul 22 00:28:29 azken systemd-journald[969]: Runtime Journal (/run/log/journal/1e52a060305d4493bd7cc67f560f11c6) is 8.0M, max 158.5M, 150.5M free.
Jul 22 00:28:29 azken systemd[1]: systemd-hwdb-update.service - Rebuild Hardware Database was skipped because no trigger condition checks were met.
Jul 22 00:28:29 azken systemd[1]: systemd-pstore.service - Platform Persistent Storage Archival was skipped because of an unmet condition check (ConditionDirectoryNotEmpty=/sys/fs/pstore).
Jul 22 00:28:29 azken systemd[1]: Starting systemd-random-seed.service - Load/Save OS Random Seed...
Jul 22 00:28:29 azken systemd[1]: systemd-tpm2-setup.service - TPM2 SRK Setup was skipped because of an unmet condition check (ConditionSecurity=measured-uki).
Jul 22 00:28:29 azken systemd[1]: Started systemd-journald.service - Journal Service.
Jul 22 00:28:29 azken systemd[1]: Starting systemd-journal-flush.service - Flush Journal to Persistent Storage...
Jul 22 00:28:29 azken systemd[1]: Finished systemd-random-seed.service - Load/Save OS Random Seed.
Jul 22 00:28:29 azken systemd-journald[969]: Time spent on flushing to /var/log/journal/1e52a060305d4493bd7cc67f560f11c6 is 4.723ms for 984 entries.
Jul 22 00:28:29 azken systemd-journald[969]: System Journal (/var/log/journal/1e52a060305d4493bd7cc67f560f11c6) is 8.0M, max 792.4M, 784.4M free.
Jul 22 00:28:29 azken systemd-journald[969]: Received client request to flush runtime journal.
Jul 22 00:28:29 azken kernel: lp: driver loaded but no devices found
Jul 22 00:28:29 azken systemd[1]: Finished keyboard-setup.service - Set the console keyboard layout.
Jul 22 00:28:29 azken systemd-modules-load[980]: Inserted module 'lp'
Jul 22 00:28:29 azken systemd[1]: Finished systemd-journal-flush.service - Flush Journal to Persistent Storage.
Jul 22 00:28:29 azken systemd-modules-load[980]: Inserted module 'ppdev'
Jul 22 00:28:29 azken kernel: ppdev: user-space parallel port driver
Jul 22 00:28:29 azken systemd-modules-load[980]: Inserted module 'parport_pc'
Jul 22 00:28:29 azken systemd[1]: Finished systemd-tmpfiles-setup-dev-early.service - Create Static Device Nodes in /dev gracefully.
Jul 22 00:28:29 azken systemd-modules-load[980]: Inserted module 'msr'
Jul 22 00:28:29 azken systemd[1]: Starting systemd-sysusers.service - Create System Users...
Jul 22 00:28:29 azken systemd[1]: Finished systemd-udev-trigger.service - Coldplug All udev Devices.
Jul 22 00:28:29 azken systemd[1]: Starting systemd-udev-settle.service - Wait for udev To Complete Device Initialization...
Jul 22 00:28:29 azken systemd[1]: Finished systemd-modules-load.service - Load Kernel Modules.
Jul 22 00:28:29 azken systemd[1]: Starting systemd-sysctl.service - Apply Kernel Variables...
Jul 22 00:28:29 azken udevadm[1020]: systemd-udev-settle.service is deprecated. Please fix sddm.service not to pull it in.
Jul 22 00:28:29 azken systemd[1]: Finished systemd-sysusers.service - Create System Users.
Jul 22 00:28:29 azken systemd[1]: Starting systemd-tmpfiles-setup-dev.service - Create Static Device Nodes in /dev...
Jul 22 00:28:29 azken systemd[1]: Finished systemd-sysctl.service - Apply Kernel Variables.
Jul 22 00:28:29 azken systemd[1]: Finished systemd-tmpfiles-setup-dev.service - Create Static Device Nodes in /dev.
Jul 22 00:28:29 azken systemd[1]: Starting systemd-udevd.service - Rule-based Manager for Device Events and Files...
Jul 22 00:28:29 azken systemd[1]: Finished lvm2-monitor.service - Monitoring of LVM2 mirrors, snapshots etc. using dmeventd or progress polling.
Jul 22 00:28:29 azken systemd[1]: Reached target local-fs-pre.target - Preparation for Local File Systems.
Jul 22 00:28:29 azken systemd[1]: Mounting snap-bare-5.mount - Mount unit for bare, revision 5...
Jul 22 00:28:29 azken systemd[1]: Mounting snap-core22-1748.mount - Mount unit for core22, revision 1748...
Jul 22 00:28:29 azken systemd[1]: Mounting snap-firefox-5751.mount - Mount unit for firefox, revision 5751...
Jul 22 00:28:29 azken systemd[1]: Mounting snap-firmware\x2dupdater-167.mount - Mount unit for firmware-updater, revision 167...
Jul 22 00:28:29 azken systemd[1]: Mounting snap-gnome\x2d42\x2d2204-202.mount - Mount unit for gnome-42-2204, revision 202...
Jul 22 00:28:29 azken systemd[1]: Mounting snap-gtk\x2dcommon\x2dthemes-1535.mount - Mount unit for gtk-common-themes, revision 1535...
Jul 22 00:28:29 azken systemd[1]: Mounting snap-snapd-23545.mount - Mount unit for snapd, revision 23545...
Jul 22 00:28:29 azken systemd[1]: tmp.mount: Directory /tmp to mount over is not empty, mounting anyway.
Jul 22 00:28:29 azken kernel: loop1: detected capacity change from 0 to 8
Jul 22 00:28:29 azken kernel: loop2: detected capacity change from 0 to 528456
Jul 22 00:28:29 azken systemd[1]: Mounting tmp.mount - /tmp...
Jul 22 00:28:29 azken kernel: loop3: detected capacity change from 0 to 22800
Jul 22 00:28:29 azken kernel: loop4: detected capacity change from 0 to 151328
Jul 22 00:28:29 azken kernel: loop5: detected capacity change from 0 to 1056784
Jul 22 00:28:29 azken systemd[1]: Mounted tmp.mount - /tmp.
Jul 22 00:28:29 azken systemd[1]: Mounted snap-bare-5.mount - Mount unit for bare, revision 5.
Jul 22 00:28:29 azken systemd[1]: Mounted snap-firmware\x2dupdater-167.mount - Mount unit for firmware-updater, revision 167.
Jul 22 00:28:29 azken kernel: loop6: detected capacity change from 0 to 91008
Jul 22 00:28:29 azken kernel: loop7: detected capacity change from 0 to 187776
Jul 22 00:28:29 azken systemd[1]: Mounted snap-core22-1748.mount - Mount unit for core22, revision 1748.
Jul 22 00:28:29 azken systemd[1]: Mounted snap-firefox-5751.mount - Mount unit for firefox, revision 5751.
Jul 22 00:28:29 azken systemd[1]: Mounted snap-gnome\x2d42\x2d2204-202.mount - Mount unit for gnome-42-2204, revision 202.
Jul 22 00:28:29 azken systemd[1]: Mounted snap-snapd-23545.mount - Mount unit for snapd, revision 23545.
Jul 22 00:28:29 azken systemd-udevd[1030]: Using default interface naming scheme 'v255'.
Jul 22 00:28:29 azken systemd[1]: Mounted snap-gtk\x2dcommon\x2dthemes-1535.mount - Mount unit for gtk-common-themes, revision 1535.
Jul 22 00:28:29 azken systemd[1]: Reached target snapd.mounts.target - Mounted snaps.
Jul 22 00:28:29 azken systemd[1]: Reached target local-fs.target - Local File Systems.
Jul 22 00:28:29 azken systemd[1]: Listening on systemd-sysext.socket - System Extension Image Management (Varlink).
Jul 22 00:28:29 azken systemd[1]: apparmor.service - Load AppArmor profiles was skipped because of an unmet condition check (ConditionPathExists=!/rofs/etc/apparmor.d).
Jul 22 00:28:29 azken systemd[1]: Starting console-setup.service - Set console font and keymap...
Jul 22 00:28:29 azken systemd[1]: Starting finalrd.service - Create final runtime dir for shutdown pivot root...
Jul 22 00:28:29 azken systemd[1]: Starting ldconfig.service - Rebuild Dynamic Linker Cache...
Jul 22 00:28:29 azken systemd[1]: Starting plymouth-read-write.service - Tell Plymouth To Write Out Runtime Data...
Jul 22 00:28:29 azken systemd[1]: Starting snapd.apparmor.service - Load AppArmor profiles managed internally by snapd...
Jul 22 00:28:29 azken systemd[1]: Starting systemd-binfmt.service - Set Up Additional Binary Formats...
Jul 22 00:28:29 azken systemd[1]: Starting systemd-tmpfiles-setup.service - Create Volatile Files and Directories...
Jul 22 00:28:29 azken systemd[1]: Starting ufw.service - Uncomplicated firewall...
Jul 22 00:28:29 azken systemd[1]: Finished finalrd.service - Create final runtime dir for shutdown pivot root.
Jul 22 00:28:29 azken systemd[1]: Received SIGRTMIN+20 from PID 378 (plymouthd).
Jul 22 00:28:29 azken systemd[1]: Finished plymouth-read-write.service - Tell Plymouth To Write Out Runtime Data.
Jul 22 00:28:29 azken systemd[1]: proc-sys-fs-binfmt_misc.automount: Got automount request for /proc/sys/fs/binfmt_misc, triggered by 1055 (systemd-binfmt)
Jul 22 00:28:29 azken systemd[1]: Finished ufw.service - Uncomplicated firewall.
Jul 22 00:28:29 azken systemd[1]: Reached target network-pre.target - Preparation for Network.
Jul 22 00:28:29 azken systemd[1]: Finished systemd-tmpfiles-setup.service - Create Volatile Files and Directories.
Jul 22 00:28:29 azken systemd[1]: systemd-firstboot.service - First Boot Wizard was skipped because of an unmet condition check (ConditionFirstBoot=yes).
Jul 22 00:28:29 azken systemd[1]: first-boot-complete.target - First Boot Complete was skipped because of an unmet condition check (ConditionFirstBoot=yes).
Jul 22 00:28:29 azken systemd[1]: Starting systemd-journal-catalog-update.service - Rebuild Journal Catalog...
Jul 22 00:28:29 azken systemd[1]: systemd-machine-id-commit.service - Commit a transient machine-id on disk was skipped because of an unmet condition check (ConditionPathIsMountPoint=/etc/machine-id).
Jul 22 00:28:29 azken systemd[1]: Starting systemd-resolved.service - Network Name Resolution...
Jul 22 00:28:29 azken systemd[1]: Starting systemd-timesyncd.service - Network Time Synchronization...
Jul 22 00:28:29 azken systemd[1]: Starting systemd-update-utmp.service - Record System Boot/Shutdown in UTMP...
Jul 22 00:28:29 azken systemd[1]: Finished systemd-update-utmp.service - Record System Boot/Shutdown in UTMP.
Jul 22 00:28:29 azken systemd[1]: Finished systemd-journal-catalog-update.service - Rebuild Journal Catalog.
Jul 22 00:28:29 azken systemd[1]: Started systemd-udevd.service - Rule-based Manager for Device Events and Files.
Jul 22 00:28:29 azken systemd[1]: Starting plymouth-start.service - Show Plymouth Boot Screen...
Jul 22 00:28:29 azken (udev-worker)[1101]: dm-0: Process '/usr/bin/unshare -m /usr/bin/snap auto-import --mount=/dev/dm-0' failed with exit code 1.
Jul 22 00:28:30 azken (udev-worker)[1100]: sdb: Process '/usr/bin/unshare -m /usr/bin/snap auto-import --mount=/dev/sdb' failed with exit code 1.
Jul 22 00:28:30 azken (udev-worker)[1115]: sdc: Process '/usr/bin/unshare -m /usr/bin/snap auto-import --mount=/dev/sdc' failed with exit code 1.
Jul 22 00:28:30 azken kernel: EDAC ie31200: No ECC support
Jul 22 00:28:30 azken kernel: mei_me 0000:00:16.0: enabling device (0000 -> 0002)
Jul 22 00:28:30 azken kernel: i801_smbus 0000:00:1f.4: SPD Write Disable is set
Jul 22 00:28:30 azken kernel: i801_smbus 0000:00:1f.4: SMBus using PCI interrupt
Jul 22 00:28:30 azken kernel: i2c i2c-0: Successfully instantiated SPD at 0x50
Jul 22 00:28:30 azken kernel: i2c i2c-0: Successfully instantiated SPD at 0x52
Jul 22 00:28:30 azken systemd[1]: Listening on systemd-rfkill.socket - Load/Save RF Kill Switch Status /dev/rfkill Watch.
Jul 22 00:28:30 azken kernel: RAPL PMU: API unit is 2^-32 Joules, 3 fixed counters, 655360 ms ovfl timer
Jul 22 00:28:30 azken kernel: RAPL PMU: hw unit of domain pp0-core 2^-14 Joules
Jul 22 00:28:30 azken kernel: RAPL PMU: hw unit of domain package 2^-14 Joules
Jul 22 00:28:30 azken kernel: RAPL PMU: hw unit of domain pp1-gpu 2^-14 Joules
Jul 22 00:28:30 azken kernel: ee1004 0-0050: 512 byte EE1004-compliant SPD EEPROM, read-only
Jul 22 00:28:30 azken kernel: ee1004 0-0052: 512 byte EE1004-compliant SPD EEPROM, read-only
Jul 22 00:28:30 azken kernel: intel_pmc_core INT33A1:00:  initialized
Jul 22 00:28:30 azken systemd[1]: Mounting proc-sys-fs-binfmt_misc.mount - Arbitrary Executable File Formats File System...
Jul 22 00:28:30 azken mtp-probe[1136]: checking bus 1, device 3: "/sys/devices/pci0000:00/0000:00:14.0/usb1/1-8/1-8.2"
Jul 22 00:28:30 azken mtp-probe[1137]: checking bus 2, device 2: "/sys/devices/pci0000:00/0000:00:14.0/usb2/2-7"
Jul 22 00:28:30 azken mtp-probe[1137]: bus: 2, device: 2 was not an MTP device
Jul 22 00:28:30 azken mtp-probe[1136]: bus: 1, device: 3 was not an MTP device
Jul 22 00:28:30 azken mtp-probe[1134]: checking bus 1, device 4: "/sys/devices/pci0000:00/0000:00:14.0/usb1/1-8/1-8.4"
Jul 22 00:28:30 azken mtp-probe[1134]: bus: 1, device: 4 was not an MTP device
Jul 22 00:28:30 azken (udev-worker)[1109]: sda: Process '/usr/bin/unshare -m /usr/bin/snap auto-import --mount=/dev/sda' failed with exit code 1.
Jul 22 00:28:30 azken systemd[1]: Started plymouth-start.service - Show Plymouth Boot Screen.
Jul 22 00:28:30 azken systemd[1]: systemd-ask-password-console.path - Dispatch Password Requests to Console Directory Watch was skipped because of an unmet condition check (ConditionPathExists=!/run/plymouth/pid).
Jul 22 00:28:30 azken systemd[1]: Started systemd-ask-password-plymouth.path - Forward Password Requests to Plymouth Directory Watch.
Jul 22 00:28:30 azken systemd[1]: Reached target cryptsetup.target - Local Encrypted Volumes.
Jul 22 00:28:30 azken (udev-worker)[1126]: sda2: Process '/usr/bin/unshare -m /usr/bin/snap auto-import --mount=/dev/sda2' failed with exit code 1.
Jul 22 00:28:30 azken (udev-worker)[1112]: sdb2: Process '/usr/bin/unshare -m /usr/bin/snap auto-import --mount=/dev/sdb2' failed with exit code 1.
Jul 22 00:28:30 azken (udev-worker)[1117]: sdc4: Process '/usr/bin/unshare -m /usr/bin/snap auto-import --mount=/dev/sdc4' failed with exit code 1.
Jul 22 00:28:30 azken (udev-worker)[1114]: sdc2: Process '/usr/bin/unshare -m /usr/bin/snap auto-import --mount=/dev/sdc2' failed with exit code 1.
Jul 22 00:28:30 azken (udev-worker)[1096]: sdc1: Process '/usr/bin/unshare -m /usr/bin/snap auto-import --mount=/dev/sdc1' failed with exit code 1.
Jul 22 00:28:30 azken (udev-worker)[1100]: sdc3: Process '/usr/bin/unshare -m /usr/bin/snap auto-import --mount=/dev/sdc3' failed with exit code 1.
Jul 22 00:28:30 azken systemd[1]: Mounted proc-sys-fs-binfmt_misc.mount - Arbitrary Executable File Formats File System.
